Archive member included to satisfy reference by file (symbol)

C:/Users/sansar/Software/Compiler/arm-gnu-toolchain-13.2.Rel1-mingw-w64-i686-arm-none-eabi/bin/../lib/gcc/arm-none-eabi/13.2.1/thumb/v6-m/nofp\libgcc.a(_thumb1_case_uqi.o)
                              build/fsl_clock.o (__gnu_thumb1_case_uqi)
C:/Users/sansar/Software/Compiler/arm-gnu-toolchain-13.2.Rel1-mingw-w64-i686-arm-none-eabi/bin/../lib/gcc/arm-none-eabi/13.2.1/thumb/v6-m/nofp\libgcc.a(_udivsi3.o)
                              build/system_LPC824.o (__aeabi_uidiv)
C:/Users/sansar/Software/Compiler/arm-gnu-toolchain-13.2.Rel1-mingw-w64-i686-arm-none-eabi/bin/../lib/gcc/arm-none-eabi/13.2.1/thumb/v6-m/nofp\libgcc.a(_divsi3.o)
                              build/system_LPC824.o (__aeabi_idiv)
C:/Users/sansar/Software/Compiler/arm-gnu-toolchain-13.2.Rel1-mingw-w64-i686-arm-none-eabi/bin/../lib/gcc/arm-none-eabi/13.2.1/thumb/v6-m/nofp\libgcc.a(_dvmd_tls.o)
                              C:/Users/sansar/Software/Compiler/arm-gnu-toolchain-13.2.Rel1-mingw-w64-i686-arm-none-eabi/bin/../lib/gcc/arm-none-eabi/13.2.1/thumb/v6-m/nofp\libgcc.a(_udivsi3.o) (__aeabi_idiv0)
C:/Users/sansar/Software/Compiler/arm-gnu-toolchain-13.2.Rel1-mingw-w64-i686-arm-none-eabi/bin/../lib/gcc/arm-none-eabi/13.2.1/thumb/v6-m/nofp\libgcc.a(_aeabi_ldivmod.o)
                              build/fsl_clock.o (__aeabi_ldivmod)
C:/Users/sansar/Software/Compiler/arm-gnu-toolchain-13.2.Rel1-mingw-w64-i686-arm-none-eabi/bin/../lib/gcc/arm-none-eabi/13.2.1/thumb/v6-m/nofp\libgcc.a(_aeabi_uldivmod.o)
                              build/fsl_common_arm.o (__aeabi_uldivmod)
C:/Users/sansar/Software/Compiler/arm-gnu-toolchain-13.2.Rel1-mingw-w64-i686-arm-none-eabi/bin/../lib/gcc/arm-none-eabi/13.2.1/thumb/v6-m/nofp\libgcc.a(_muldi3.o)
                              build/fsl_common_arm.o (__aeabi_lmul)
C:/Users/sansar/Software/Compiler/arm-gnu-toolchain-13.2.Rel1-mingw-w64-i686-arm-none-eabi/bin/../lib/gcc/arm-none-eabi/13.2.1/thumb/v6-m/nofp\libgcc.a(_udivmoddi4.o)
                              C:/Users/sansar/Software/Compiler/arm-gnu-toolchain-13.2.Rel1-mingw-w64-i686-arm-none-eabi/bin/../lib/gcc/arm-none-eabi/13.2.1/thumb/v6-m/nofp\libgcc.a(_aeabi_uldivmod.o) (__udivmoddi4)
C:/Users/sansar/Software/Compiler/arm-gnu-toolchain-13.2.Rel1-mingw-w64-i686-arm-none-eabi/bin/../lib/gcc/arm-none-eabi/13.2.1/thumb/v6-m/nofp\libgcc.a(bpabi.o)
                              C:/Users/sansar/Software/Compiler/arm-gnu-toolchain-13.2.Rel1-mingw-w64-i686-arm-none-eabi/bin/../lib/gcc/arm-none-eabi/13.2.1/thumb/v6-m/nofp\libgcc.a(_aeabi_ldivmod.o) (__gnu_ldivmod_helper)
C:/Users/sansar/Software/Compiler/arm-gnu-toolchain-13.2.Rel1-mingw-w64-i686-arm-none-eabi/bin/../lib/gcc/arm-none-eabi/13.2.1/thumb/v6-m/nofp\libgcc.a(_clzdi2.o)
                              C:/Users/sansar/Software/Compiler/arm-gnu-toolchain-13.2.Rel1-mingw-w64-i686-arm-none-eabi/bin/../lib/gcc/arm-none-eabi/13.2.1/thumb/v6-m/nofp\libgcc.a(_udivmoddi4.o) (__clzdi2)
C:/Users/sansar/Software/Compiler/arm-gnu-toolchain-13.2.Rel1-mingw-w64-i686-arm-none-eabi/bin/../lib/gcc/arm-none-eabi/13.2.1/thumb/v6-m/nofp\libgcc.a(_divdi3.o)
                              C:/Users/sansar/Software/Compiler/arm-gnu-toolchain-13.2.Rel1-mingw-w64-i686-arm-none-eabi/bin/../lib/gcc/arm-none-eabi/13.2.1/thumb/v6-m/nofp\libgcc.a(bpabi.o) (__divdi3)
C:/Users/sansar/Software/Compiler/arm-gnu-toolchain-13.2.Rel1-mingw-w64-i686-arm-none-eabi/bin/../lib/gcc/arm-none-eabi/13.2.1/thumb/v6-m/nofp\libgcc.a(_clzsi2.o)
                              C:/Users/sansar/Software/Compiler/arm-gnu-toolchain-13.2.Rel1-mingw-w64-i686-arm-none-eabi/bin/../lib/gcc/arm-none-eabi/13.2.1/thumb/v6-m/nofp\libgcc.a(_clzdi2.o) (__clzsi2)
C:/Users/sansar/Software/Compiler/arm-gnu-toolchain-13.2.Rel1-mingw-w64-i686-arm-none-eabi/bin/../lib/gcc/arm-none-eabi/13.2.1/thumb/v6-m/nofp\libc_nano.a(libc_a-exit.o)
                              C:/Users/sansar/Software/Compiler/arm-gnu-toolchain-13.2.Rel1-mingw-w64-i686-arm-none-eabi/bin/../lib/gcc/arm-none-eabi/13.2.1/thumb/v6-m/nofp/crt0.o (exit)
C:/Users/sansar/Software/Compiler/arm-gnu-toolchain-13.2.Rel1-mingw-w64-i686-arm-none-eabi/bin/../lib/gcc/arm-none-eabi/13.2.1/thumb/v6-m/nofp\libc_nano.a(libc_a-malloc.o)
                              build/fsl_common.o (malloc)
C:/Users/sansar/Software/Compiler/arm-gnu-toolchain-13.2.Rel1-mingw-w64-i686-arm-none-eabi/bin/../lib/gcc/arm-none-eabi/13.2.1/thumb/v6-m/nofp\libc_nano.a(libc_a-mallocr.o)
                              C:/Users/sansar/Software/Compiler/arm-gnu-toolchain-13.2.Rel1-mingw-w64-i686-arm-none-eabi/bin/../lib/gcc/arm-none-eabi/13.2.1/thumb/v6-m/nofp\libc_nano.a(libc_a-malloc.o) (_malloc_r)
C:/Users/sansar/Software/Compiler/arm-gnu-toolchain-13.2.Rel1-mingw-w64-i686-arm-none-eabi/bin/../lib/gcc/arm-none-eabi/13.2.1/thumb/v6-m/nofp\libc_nano.a(libc_a-mlock.o)
[...]
Memory Configuration

Name             Origin             Length             Attributes
m_interrupts     0x00000000         0x00000200         xr
m_crp            0x000002fc         0x00000004         xr
m_text           0x00000300         0x00007d00         xr
m_data           0x10000000         0x00001fe0         rw
*default*        0x00000000         0xffffffff

Linker script and memory map

LOAD C:/Users/sansar/Software/Compiler/arm-gnu-toolchain-13.2.Rel1-mingw-w64-i686-arm-none-eabi/bin/../lib/gcc/arm-none-eabi/13.2.1/thumb/v6-m/nofp/crti.o
LOAD C:/Users/sansar/Software/Compiler/arm-gnu-toolchain-13.2.Rel1-mingw-w64-i686-arm-none-eabi/bin/../lib/gcc/arm-none-eabi/13.2.1/thumb/v6-m/nofp/crtbegin.o
LOAD C:/Users/sansar/Software/Compiler/arm-gnu-toolchain-13.2.Rel1-mingw-w64-i686-arm-none-eabi/bin/../lib/gcc/arm-none-eabi/13.2.1/thumb/v6-m/nofp/crt0.o
LOAD build/exp3.o
LOAD build/pin_mux.o
LOAD build/system_LPC824.o
LOAD build/fsl_common.o
LOAD build/fsl_common_arm.o
LOAD build/fsl_gpio.o
LOAD build/fsl_power.o
LOAD build/fsl_clock.o
LOAD build/fsl_reset.o
LOAD build/fsl_swm.o
LOAD build/fsl_sctimer.o
LOAD build/fsl_mrt.o
LOAD build/startup_LPC824.o
START GROUP
LOAD C:/Users/sansar/Software/Compiler/arm-gnu-toolchain-13.2.Rel1-mingw-w64-i686-arm-none-eabi/bin/../lib/gcc/arm-none-eabi/13.2.1/thumb/v6-m/nofp\libgcc.a
LOAD C:/Users/sansar/Software/Compiler/arm-gnu-toolchain-13.2.Rel1-mingw-w64-i686-arm-none-eabi/bin/../lib/gcc/arm-none-eabi/13.2.1/thumb/v6-m/nofp\libc_nano.a
END GROUP
START GROUP
LOAD C:/Users/sansar/Software/Compiler/arm-gnu-toolchain-13.2.Rel1-mingw-w64-i686-arm-none-eabi/bin/../lib/gcc/arm-none-eabi/13.2.1/thumb/v6-m/nofp\libgcc.a
LOAD C:/Users/sansar/Software/Compiler/arm-gnu-toolchain-13.2.Rel1-mingw-w64-i686-arm-none-eabi/bin/../lib/gcc/arm-none-eabi/13.2.1/thumb/v6-m/nofp\libc_nano.a
LOAD C:/Users/sansar/Software/Compiler/arm-gnu-toolchain-13.2.Rel1-mingw-w64-i686-arm-none-eabi/bin/../lib/gcc/arm-none-eabi/13.2.1/thumb/v6-m/nofp\libnosys.a
END GROUP
START GROUP
LOAD C:/Users/sansar/Software/Compiler/arm-gnu-toolchain-13.2.Rel1-mingw-w64-i686-arm-none-eabi/bin/../lib/gcc/arm-none-eabi/13.2.1/thumb/v6-m/nofp\libgcc.a
LOAD C:/Users/sansar/Software/Compiler/arm-gnu-toolchain-13.2.Rel1-mingw-w64-i686-arm-none-eabi/bin/../lib/gcc/arm-none-eabi/13.2.1/thumb/v6-m/nofp\libc_nano.a
LOAD C:/Users/sansar/Software/Compiler/arm-gnu-toolchain-13.2.Rel1-mingw-w64-i686-arm-none-eabi/bin/../lib/gcc/arm-none-eabi/13.2.1/thumb/v6-m/nofp\libnosys.a
END GROUP
LOAD C:/Users/sansar/Software/Compiler/arm-gnu-toolchain-13.2.Rel1-mingw-w64-i686-arm-none-eabi/bin/../lib/gcc/arm-none-eabi/13.2.1/thumb/v6-m/nofp/crtend.o
LOAD C:/Users/sansar/Software/Compiler/arm-gnu-toolchain-13.2.Rel1-mingw-w64-i686-arm-none-eabi/bin/../lib/gcc/arm-none-eabi/13.2.1/thumb/v6-m/nofp/crtn.o
                0x00000400                        HEAP_SIZE = DEFINED (__heap_size__)?__heap_size__:0x400
                0x00000800                        STACK_SIZE = DEFINED (__stack_size__)?__stack_size__:0x800

.interrupts     0x00000000       0xc0
                0x00000000                        . = ALIGN (0x4)
 *(.isr_vector)
 .isr_vector    0x00000000       0xc0 build/startup_LPC824.o
                0x00000000                __Vectors
                0x000000c0                        . = ALIGN (0x4)

.crp            0x000002fc        0x4
                0x000002fc                        . = ALIGN (0x4)
 *(.crp)
 .crp           0x000002fc        0x4 build/startup_LPC824.o
                0x00000300                        . = ALIGN (0x4)

.text           0x00000300     0x2444
                0x00000300                        . = ALIGN (0x4)
 *(.text)
 .text          0x00000300        0x0 C:/Users/sansar/Software/Compiler/arm-gnu-toolchain-13.2.Rel1-mingw-w64-i686-arm-none-eabi/bin/../lib/gcc/arm-none-eabi/13.2.1/thumb/v6-m/nofp/crti.o
 .text          0x00000300        0x0 C:/Users/sansar/Software/Compiler/arm-gnu-toolchain-13.2.Rel1-mingw-w64-i686-arm-none-eabi/bin/../lib/gcc/arm-none-eabi/13.2.1/thumb/v6-m/nofp/crtbegin.o
 .text          0x00000300       0x80 C:/Users/sansar/Software/Compiler/arm-gnu-toolchain-13.2.Rel1-mingw-w64-i686-arm-none-eabi/bin/../lib/gcc/arm-none-eabi/13.2.1/thumb/v6-m/nofp/crt0.o
                0x00000300                _stack_init
                0x0000030c                _start
                0x0000030c                _mainCRTStartup
 .text          0x00000380        0x0 build/exp3.o
 .text          0x00000380        0x0 build/pin_mux.o
 .text          0x00000380        0x0 build/system_LPC824.o
 .text          0x00000380        0x0 build/fsl_common.o
 .text          0x00000380        0x0 build/fsl_common_arm.o
 .text          0x00000380        0x0 build/fsl_gpio.o
 .text          0x00000380        0x0 build/fsl_power.o
 .text          0x00000380        0x0 build/fsl_clock.o
 .text          0x00000380        0x0 build/fsl_reset.o
 .text          0x00000380        0x0 build/fsl_swm.o
 .text          0x00000380        0x0 build/fsl_sctimer.o
 .text          0x00000380        0x0 build/fsl_mrt.o
 .text          0x00000380      0x164 build/startup_LPC824.o
                0x00000380                Reset_Handler
                0x000003b4                USART1_DriverIRQHandler
                0x000003b4                I2C1_DriverIRQHandler
                0x000003b4                Reserved39_DriverIRQHandler
                0x000003b4                CMP_DriverIRQHandler
                0x000003b4                ADC0_OVR_DriverIRQHandler
                0x000003b4                I2C0_DriverIRQHandler
                0x000003b4                DMA0_DriverIRQHandler
                0x000003b4                ADC0_SEQA_DriverIRQHandler
                0x000003b4                SPI1_DriverIRQHandler
                0x000003b4                PIN_INT1_DriverIRQHandler
                0x000003b4                WDT_DriverIRQHandler
                0x000003b4                Reserved18_DriverIRQHandler
                0x000003b4                SPI0_DriverIRQHandler
                0x000003b4                PIN_INT6_DriverIRQHandler
                0x000003b4                USART2_DriverIRQHandler
                0x000003b4                I2C3_DriverIRQHandler
                0x000003b4                ADC0_SEQB_DriverIRQHandler
                0x000003b4                USART0_DriverIRQHandler
                0x000003b4                PIN_INT3_DriverIRQHandler
                0x000003b4                PIN_INT2_DriverIRQHandler
                0x000003b4                FLASH_DriverIRQHandler
                0x000003b4                I2C2_DriverIRQHandler
                0x000003b4                PIN_INT0_DriverIRQHandler
                0x000003b4                Reserved22_DriverIRQHandler
                0x000003b4                PIN_INT7_DriverIRQHandler
                0x000003b4                DefaultISR
                0x000003b4                ADC0_THCMP_DriverIRQHandler
                0x000003b4                BOD_DriverIRQHandler
                0x000003b4                PIN_INT5_DriverIRQHandler
                0x000003b4                WKT_DriverIRQHandler
                0x000003b4                MRT0_DriverIRQHandler
                0x000003b4                PIN_INT4_DriverIRQHandler
                0x000003b8                NMI_Handler
                0x000003bc                HardFault_Handler
                0x000003c0                SVC_Handler
                0x000003c4                PendSV_Handler
                0x000003c8                SysTick_Handler
                0x000003cc                SPI0_IRQHandler
                0x000003d0                SPI1_IRQHandler
                0x000003d4                Reserved18_IRQHandler
                0x000003d8                USART0_IRQHandler
                0x000003dc                USART1_IRQHandler
                0x000003e0                USART2_IRQHandler
                0x000003e4                Reserved22_IRQHandler
                0x000003e8                I2C1_IRQHandler
                0x000003ec                I2C0_IRQHandler
                0x000003f0                SCT0_IRQHandler
                0x000003f8                CMP_IRQHandler
                0x000003fc                WDT_IRQHandler
                0x00000400                BOD_IRQHandler
                0x00000404                FLASH_IRQHandler
                0x00000408                WKT_IRQHandler
                0x0000040c                ADC0_SEQA_IRQHandler
                0x00000410                ADC0_SEQB_IRQHandler
                0x00000414                ADC0_THCMP_IRQHandler
                0x00000418                ADC0_OVR_IRQHandler
                0x0000041c                DMA0_IRQHandler
                0x00000420                I2C2_IRQHandler
                0x00000424                I2C3_IRQHandler
                0x00000428                Reserved39_IRQHandler
                0x0000042c                PIN_INT0_IRQHandler
                0x00000430                PIN_INT1_IRQHandler
                0x00000434                PIN_INT2_IRQHandler
                0x00000438                PIN_INT3_IRQHandler
                0x0000043c                PIN_INT4_IRQHandler
                0x00000440                PIN_INT5_IRQHandler
                0x00000444                PIN_INT6_IRQHandler
                0x00000448                PIN_INT7_IRQHandler
 .text          0x000004e4       0x14 C:/Users/sansar/Software/Compiler/arm-gnu-toolchain-13.2.Rel1-mingw-w64-i686-arm-none-eabi/bin/../lib/gcc/arm-none-eabi/13.2.1/thumb/v6-m/nofp\libgcc.a(_thumb1_case_uqi.o)
                0x000004e4                __gnu_thumb1_case_uqi
 .text          0x000004f8      0x114 C:/Users/sansar/Software/Compiler/arm-gnu-toolchain-13.2.Rel1-mingw-w64-i686-arm-none-eabi/bin/../lib/gcc/arm-none-eabi/13.2.1/thumb/v6-m/nofp\libgcc.a(_udivsi3.o)
                0x000004f8                __aeabi_uidiv
                0x000004f8                __udivsi3
                0x00000604                __aeabi_uidivmod
 .text          0x0000060c      0x1d4 C:/Users/sansar/Software/Compiler/arm-gnu-toolchain-13.2.Rel1-mingw-w64-i686-arm-none-eabi/bin/../lib/gcc/arm-none-eabi/13.2.1/thumb/v6-m/nofp\libgcc.a(_divsi3.o)
                0x0000060c                __divsi3
                0x0000060c                __aeabi_idiv
                0x000007d8                __aeabi_idivmod
 .text          0x000007e0        0x4 C:/Users/sansar/Software/Compiler/arm-gnu-toolchain-13.2.Rel1-mingw-w64-i686-arm-none-eabi/bin/../lib/gcc/arm-none-eabi/13.2.1/thumb/v6-m/nofp\libgcc.a(_dvmd_tls.o)
                0x000007e0                __aeabi_idiv0
                0x000007e0                __aeabi_ldiv0
 .text          0x000007e4       0x48 C:/Users/sansar/Software/Compiler/arm-gnu-toolchain-13.2.Rel1-mingw-w64-i686-arm-none-eabi/bin/../lib/gcc/arm-none-eabi/13.2.1/thumb/v6-m/nofp\libgcc.a(_aeabi_ldivmod.o)
                0x000007e4                __aeabi_ldivmod
 .text          0x0000082c       0x40 C:/Users/sansar/Software/Compiler/arm-gnu-toolchain-13.2.Rel1-mingw-w64-i686-arm-none-eabi/bin/../lib/gcc/arm-none-eabi/13.2.1/thumb/v6-m/nofp\libgcc.a(_aeabi_uldivmod.o)
                0x0000082c                __aeabi_uldivmod
 .text          0x0000086c        0x0 C:/Users/sansar/Software/Compiler/arm-gnu-toolchain-13.2.Rel1-mingw-w64-i686-arm-none-eabi/bin/../lib/gcc/arm-none-eabi/13.2.1/thumb/v6-m/nofp\libgcc.a(_muldi3.o)
 .text          0x0000086c        0x0 C:/Users/sansar/Software/Compiler/arm-gnu-toolchain-13.2.Rel1-mingw-w64-i686-arm-none-eabi/bin/../lib/gcc/arm-none-eabi/13.2.1/thumb/v6-m/nofp\libgcc.a(_udivmoddi4.o)
 .text          0x0000086c        0x0 C:/Users/sansar/Software/Compiler/arm-gnu-toolchain-13.2.Rel1-mingw-w64-i686-arm-none-eabi/bin/../lib/gcc/arm-none-eabi/13.2.1/thumb/v6-m/nofp\libgcc.a(bpabi.o)
 .text          0x0000086c       0x18 C:/Users/sansar/Software/Compiler/arm-gnu-toolchain-13.2.Rel1-mingw-w64-i686-arm-none-eabi/bin/../lib/gcc/arm-none-eabi/13.2.1/thumb/v6-m/nofp\libgcc.a(_clzdi2.o)
                0x0000086c                __clzdi2
 .text          0x00000884        0x0 C:/Users/sansar/Software/Compiler/arm-gnu-toolchain-13.2.Rel1-mingw-w64-i686-arm-none-eabi/bin/../lib/gcc/arm-none-eabi/13.2.1/thumb/v6-m/nofp\libgcc.a(_divdi3.o)
 .text          0x00000884       0x3c C:/Users/sansar/Software/Compiler/arm-gnu-toolchain-13.2.Rel1-mingw-w64-i686-arm-none-eabi/bin/../lib/gcc/arm-none-eabi/13.2.1/thumb/v6-m/nofp\libgcc.a(_clzsi2.o)
                0x00000884                __clzsi2
 .text          0x000008c0        0x0 C:/Users/sansar/Software/Compiler/arm-gnu-toolchain-13.2.Rel1-mingw-w64-i686-arm-none-eabi/bin/../lib/gcc/arm-none-eabi/13.2.1/thumb/v6-m/nofp\libc_nano.a(libc_a-exit.o)
 .text          0x000008c0        0x0 C:/Users/sansar/Software/Compiler/arm-gnu-toolchain-13.2.Rel1-mingw-w64-i686-arm-none-eabi/bin/../lib/gcc/arm-none-eabi/13.2.1/thumb/v6-m/nofp\libc_nano.a(libc_a-malloc.o)
 .text          0x000008c0        0x0 C:/Users/sansar/Software/Compiler/arm-gnu-toolchain-13.2.Rel1-mingw-w64-i686-arm-none-eabi/bin/../lib/gcc/arm-none-eabi/13.2.1/thumb/v6-m/nofp\libc_nano.a(libc_a-mallocr.o)
 .text          0x000008c0        0x0 C:/Users/sansar/Software/Compiler/arm-gnu-toolchain-13.2.Rel1-mingw-w64-i686-arm-none-eabi/bin/../lib/gcc/arm-none-eabi/13.2.1/thumb/v6-m/nofp\libc_nano.a(libc_a-mlock.o)
 .text          0x000008c0        0x0 C:/Users/sansar/Software/Compiler/arm-gnu-toolchain-13.2.Rel1-mingw-w64-i686-arm-none-eabi/bin/../lib/gcc/arm-none-eabi/13.2.1/thumb/v6-m/nofp\libc_nano.a(libc_a-findfp.o)
 .text          0x000008c0        0x0 C:/Users/sansar/Software/Compiler/arm-gnu-toolchain-13.2.Rel1-mingw-w64-i686-arm-none-eabi/bin/../lib/gcc/arm-none-eabi/13.2.1/thumb/v6-m/nofp\libc_nano.a(libc_a-fwalk.o)
 .text          0x000008c0        0x0 C:/Users/sansar/Software/Compiler/arm-gnu-toolchain-13.2.Rel1-mingw-w64-i686-arm-none-eabi/bin/../lib/gcc/arm-none-eabi/13.2.1/thumb/v6-m/nofp\libc_nano.a(libc_a-stdio.o)
 .text          0x000008c0        0x0 C:/Users/sansar/Software/Compiler/arm-gnu-toolchain-13.2.Rel1-mingw-w64-i686-arm-none-eabi/bin/../lib/gcc/arm-none-eabi/13.2.1/thumb/v6-m/nofp\libc_nano.a(libc_a-memset.o)
 .text          0x000008c0        0x0 C:/Users/sansar/Software/Compiler/arm-gnu-toolchain-13.2.Rel1-mingw-w64-i686-arm-none-eabi/bin/../lib/gcc/arm-none-eabi/13.2.1/thumb/v6-m/nofp\libc_nano.a(libc_a-closer.o)
 .text          0x000008c0        0x0 C:/Users/sansar/Software/Compiler/arm-gnu-toolchain-13.2.Rel1-mingw-w64-i686-arm-none-eabi/bin/../lib/gcc/arm-none-eabi/13.2.1/thumb/v6-m/nofp\libc_nano.a(libc_a-reent.o)
 .text          0x000008c0        0x0 C:/Users/sansar/Software/Compiler/arm-gnu-toolchain-13.2.Rel1-mingw-w64-i686-arm-none-eabi/bin/../lib/gcc/arm-none-eabi/13.2.1/thumb/v6-m/nofp\libc_nano.a(libc_a-impure.o)
 .text          0x000008c0        0x0 C:/Users/sansar/Software/Compiler/arm-gnu-toolchain-13.2.Rel1-mingw-w64-i686-arm-none-eabi/bin/../lib/gcc/arm-none-eabi/13.2.1/thumb/v6-m/nofp\libc_nano.a(libc_a-lseekr.o)
 .text          0x000008c0        0x0 C:/Users/sansar/Software/Compiler/arm-gnu-toolchain-13.2.Rel1-mingw-w64-i686-arm-none-eabi/bin/../lib/gcc/arm-none-eabi/13.2.1/thumb/v6-m/nofp\libc_nano.a(libc_a-readr.o)
 .text          0x000008c0        0x0 C:/Users/sansar/Software/Compiler/arm-gnu-toolchain-13.2.Rel1-mingw-w64-i686-arm-none-eabi/bin/../lib/gcc/arm-none-eabi/13.2.1/thumb/v6-m/nofp\libc_nano.a(libc_a-sbrkr.o)
 .text          0x000008c0        0x0 C:/Users/sansar/Software/Compiler/arm-gnu-toolchain-13.2.Rel1-mingw-w64-i686-arm-none-eabi/bin/../lib/gcc/arm-none-eabi/13.2.1/thumb/v6-m/nofp\libc_nano.a(libc_a-writer.o)
 .text          0x000008c0        0x0 C:/Users/sansar/Software/Compiler/arm-gnu-toolchain-13.2.Rel1-mingw-w64-i686-arm-none-eabi/bin/../lib/gcc/arm-none-eabi/13.2.1/thumb/v6-m/nofp\libc_nano.a(libc_a-init.o)
 .text          0x000008c0        0x0 C:/Users/sansar/Software/Compiler/arm-gnu-toolchain-13.2.Rel1-mingw-w64-i686-arm-none-eabi/bin/../lib/gcc/arm-none-eabi/13.2.1/thumb/v6-m/nofp\libc_nano.a(libc_a-lock.o)
 .text          0x000008c0        0x0 C:/Users/sansar/Software/Compiler/arm-gnu-toolchain-13.2.Rel1-mingw-w64-i686-arm-none-eabi/bin/../lib/gcc/arm-none-eabi/13.2.1/thumb/v6-m/nofp\libc_nano.a(libc_a-freer.o)
 .text          0x000008c0        0x0 C:/Users/sansar/Software/Compiler/arm-gnu-toolchain-13.2.Rel1-mingw-w64-i686-arm-none-eabi/bin/../lib/gcc/arm-none-eabi/13.2.1/thumb/v6-m/nofp\libc_nano.a(libc_a-fflush.o)
 .text          0x000008c0        0x0 C:/Users/sansar/Software/Compiler/arm-gnu-toolchain-13.2.Rel1-mingw-w64-i686-arm-none-eabi/bin/../lib/gcc/arm-none-eabi/13.2.1/thumb/v6-m/nofp\libnosys.a(close.o)
 .text          0x000008c0        0x0 C:/Users/sansar/Software/Compiler/arm-gnu-toolchain-13.2.Rel1-mingw-w64-i686-arm-none-eabi/bin/../lib/gcc/arm-none-eabi/13.2.1/thumb/v6-m/nofp\libnosys.a(lseek.o)
 .text          0x000008c0        0x0 C:/Users/sansar/Software/Compiler/arm-gnu-toolchain-13.2.Rel1-mingw-w64-i686-arm-none-eabi/bin/../lib/gcc/arm-none-eabi/13.2.1/thumb/v6-m/nofp\libnosys.a(read.o)
 .text          0x000008c0        0x0 C:/Users/sansar/Software/Compiler/arm-gnu-toolchain-13.2.Rel1-mingw-w64-i686-arm-none-eabi/bin/../lib/gcc/arm-none-eabi/13.2.1/thumb/v6-m/nofp\libnosys.a(sbrk.o)
 .text          0x000008c0        0x0 C:/Users/sansar/Software/Compiler/arm-gnu-toolchain-13.2.Rel1-mingw-w64-i686-arm-none-eabi/bin/../lib/gcc/arm-none-eabi/13.2.1/thumb/v6-m/nofp\libnosys.a(write.o)
 .text          0x000008c0        0x0 C:/Users/sansar/Software/Compiler/arm-gnu-toolchain-13.2.Rel1-mingw-w64-i686-arm-none-eabi/bin/../lib/gcc/arm-none-eabi/13.2.1/thumb/v6-m/nofp\libnosys.a(_exit.o)
 .text          0x000008c0        0x0 C:/Users/sansar/Software/Compiler/arm-gnu-toolchain-13.2.Rel1-mingw-w64-i686-arm-none-eabi/bin/../lib/gcc/arm-none-eabi/13.2.1/thumb/v6-m/nofp/crtend.o
 .text          0x000008c0        0x0 C:/Users/sansar/Software/Compiler/arm-gnu-toolchain-13.2.Rel1-mingw-w64-i686-arm-none-eabi/bin/../lib/gcc/arm-none-eabi/13.2.1/thumb/v6-m/nofp/crtn.o
 *(.text*)
 .text.deregister_tm_clones
                0x000008c0       0x20 C:/Users/sansar/Software/Compiler/arm-gnu-toolchain-13.2.Rel1-mingw-w64-i686-arm-none-eabi/bin/../lib/gcc/arm-none-eabi/13.2.1/thumb/v6-m/nofp/crtbegin.o
 .text.register_tm_clones
                0x000008e0       0x28 C:/Users/sansar/Software/Compiler/arm-gnu-toolchain-13.2.Rel1-mingw-w64-i686-arm-none-eabi/bin/../lib/gcc/arm-none-eabi/13.2.1/thumb/v6-m/nofp/crtbegin.o
 .text.__do_global_dtors_aux
                0x00000908       0x2c C:/Users/sansar/Software/Compiler/arm-gnu-toolchain-13.2.Rel1-mingw-w64-i686-arm-none-eabi/bin/../lib/gcc/arm-none-eabi/13.2.1/thumb/v6-m/nofp/crtbegin.o
 .text.frame_dummy
                0x00000934       0x24 C:/Users/sansar/Software/Compiler/arm-gnu-toolchain-13.2.Rel1-mingw-w64-i686-arm-none-eabi/bin/../lib/gcc/arm-none-eabi/13.2.1/thumb/v6-m/nofp/crtbegin.o
 .text.MRT0_IRQHandler
                0x00000958       0xa8 build/exp3.o
                0x00000958                MRT0_IRQHandler
 .text.clock_init
                0x00000a00       0x58 build/exp3.o
                0x00000a00                clock_init
 .text.startup.main
                0x00000a58      0x110 build/exp3.o
                0x00000a58                main
 .text.InitPins
                0x00000b68       0x58 build/pin_mux.o
                0x00000b68                InitPins
 .text.SystemCoreClockUpdate
                0x00000bc0       0x94 build/system_LPC824.o
                0x00000bc0                SystemCoreClockUpdate
 .text.SystemInitHook
                0x00000c54        0x2 build/system_LPC824.o
                0x00000c54                SystemInitHook
 *fill*         0x00000c56        0x2 
 .text.SystemInit
                0x00000c58       0x24 build/system_LPC824.o
                0x00000c58                SystemInit
 .text.SDK_Malloc
                0x00000c7c       0x44 build/fsl_common.o
                0x00000c7c                SDK_Malloc
 .text.SDK_Free
                0x00000cc0       0x1c build/fsl_common.o
                0x00000cc0                SDK_Free
 .text.SDK_DelayAtLeastUs
                0x00000cdc       0x28 build/fsl_common_arm.o
                0x00000cdc                SDK_DelayAtLeastUs
 .text.GPIO_PortInit
                0x00000d04       0x18 build/fsl_gpio.o
                0x00000d04                GPIO_PortInit
 .text.GPIO_PinInit
                0x00000d1c       0x4c build/fsl_gpio.o
                0x00000d1c                GPIO_PinInit
 .text.POWER_EnterSleep
                0x00000d68       0x2c build/fsl_power.o
                0x00000d68                POWER_EnterSleep
 .text.POWER_EnterDeepSleep
                0x00000d94       0x48 build/fsl_power.o
                0x00000d94                POWER_EnterDeepSleep
 .text.POWER_EnterPowerDown
                0x00000ddc       0x48 build/fsl_power.o
                0x00000ddc                POWER_EnterPowerDown
 .text.POWER_EnterDeepPowerDownMode
                0x00000e24       0x34 build/fsl_power.o
                0x00000e24                POWER_EnterDeepPowerDownMode
 .text.EnableDeepSleepIRQ
                0x00000e58       0x44 build/fsl_power.o
                0x00000e58                EnableDeepSleepIRQ
 .text.DisableDeepSleepIRQ
                0x00000e9c       0x44 build/fsl_power.o
                0x00000e9c                DisableDeepSleepIRQ
 .text.CLOCK_UpdateClkSrc
                0x00000ee0       0x14 build/fsl_clock.o
 .text.CLOCK_GetIrcFreq
                0x00000ef4        0x8 build/fsl_clock.o
                0x00000ef4                CLOCK_GetIrcFreq
 .text.CLOCK_GetSysOscFreq
                0x00000efc       0x1c build/fsl_clock.o
                0x00000efc                CLOCK_GetSysOscFreq
 .text.CLOCK_GetSystemPLLInClockRate
                0x00000f18       0x38 build/fsl_clock.o
                0x00000f18                CLOCK_GetSystemPLLInClockRate
 .text.CLOCK_GetMainClkFreq
                0x00000f50       0x44 build/fsl_clock.o
                0x00000f50                CLOCK_GetMainClkFreq
 .text.CLOCK_GetClockOutClkFreq
                0x00000f94       0x50 build/fsl_clock.o
                0x00000f94                CLOCK_GetClockOutClkFreq
 .text.CLOCK_GetUartClkFreq
                0x00000fe4       0x38 build/fsl_clock.o
                0x00000fe4                CLOCK_GetUartClkFreq
 .text.CLOCK_GetUart0ClkFreq
                0x0000101c        0x8 build/fsl_clock.o
                0x0000101c                CLOCK_GetUart0ClkFreq
 .text.CLOCK_GetUart2ClkFreq
                0x00001024        0x8 build/fsl_clock.o
                0x00001024                CLOCK_GetUart2ClkFreq
 .text.CLOCK_GetUart1ClkFreq
                0x0000102c        0x8 build/fsl_clock.o
                0x0000102c                CLOCK_GetUart1ClkFreq
 .text.CLOCK_GetFreq
                0x00001034       0x5c build/fsl_clock.o
                0x00001034                CLOCK_GetFreq
 .text.CLOCK_InitSystemPll
                0x00001090       0x9c build/fsl_clock.o
                0x00001090                CLOCK_InitSystemPll
 .text.CLOCK_InitExtClkin
                0x0000112c       0x30 build/fsl_clock.o
                0x0000112c                CLOCK_InitExtClkin
 .text.CLOCK_InitXtalin
                0x0000115c       0x58 build/fsl_clock.o
                0x0000115c                CLOCK_InitXtalin
 .text.CLOCK_InitSysOsc
                0x000011b4       0x70 build/fsl_clock.o
                0x000011b4                CLOCK_InitSysOsc
 .text.CLOCK_InitWdtOsc
                0x00001224       0x44 build/fsl_clock.o
                0x00001224                CLOCK_InitWdtOsc
 .text.CLOCK_SetMainClkSrc
                0x00001268       0x34 build/fsl_clock.o
                0x00001268                CLOCK_SetMainClkSrc
 .text.CLOCK_SetUARTFRGClkFreq
                0x0000129c       0x5c build/fsl_clock.o
                0x0000129c                CLOCK_SetUARTFRGClkFreq
 .text.CLOCK_UpdateClkOUTsrc
                0x000012f8       0x10 build/fsl_clock.o
                0x000012f8                CLOCK_UpdateClkOUTsrc
 .text.RESET_PeripheralReset
                0x00001308       0x18 build/fsl_reset.o
                0x00001308                RESET_PeripheralReset
 .text.SWM_SetMovablePinSelect
                0x00001320       0x1e build/fsl_swm.o
                0x00001320                SWM_SetMovablePinSelect
 .text.SWM_SetFixedPinSelect
                0x0000133e       0x24 build/fsl_swm.o
                0x0000133e                SWM_SetFixedPinSelect
 *fill*         0x00001362        0x2 
 .text.SCTIMER_EventHandleIRQ
                0x00001364       0x40 build/fsl_sctimer.o
                0x00001364                SCTIMER_EventHandleIRQ
 .text.SCTIMER_Init
                0x000013a4       0xc4 build/fsl_sctimer.o
                0x000013a4                SCTIMER_Init
 .text.SCTIMER_Deinit
                0x00001468       0x20 build/fsl_sctimer.o
                0x00001468                SCTIMER_Deinit
 .text.SCTIMER_GetDefaultConfig
                0x00001488       0x18 build/fsl_sctimer.o
                0x00001488                SCTIMER_GetDefaultConfig
 .text.SCTIMER_UpdatePwmDutycycle
                0x000014a0       0x8a build/fsl_sctimer.o
                0x000014a0                SCTIMER_UpdatePwmDutycycle
 *fill*         0x0000152a        0x2 
 .text.SCTIMER_CreateAndScheduleEvent
                0x0000152c      0x118 build/fsl_sctimer.o
                0x0000152c                SCTIMER_CreateAndScheduleEvent
 .text.SCTIMER_SetupPwm
                0x00001644      0x168 build/fsl_sctimer.o
                0x00001644                SCTIMER_SetupPwm
 .text.SCTIMER_ScheduleEvent
                0x000017ac       0x20 build/fsl_sctimer.o
                0x000017ac                SCTIMER_ScheduleEvent
 .text.SCTIMER_IncreaseState
                0x000017cc       0x18 build/fsl_sctimer.o
                0x000017cc                SCTIMER_IncreaseState
 .text.SCTIMER_GetCurrentState
                0x000017e4        0xc build/fsl_sctimer.o
                0x000017e4                SCTIMER_GetCurrentState
 .text.SCTIMER_SetupOutputToggleAction
                0x000017f0       0x30 build/fsl_sctimer.o
                0x000017f0                SCTIMER_SetupOutputToggleAction
 .text.SCTIMER_SetupCaptureAction
                0x00001820       0x94 build/fsl_sctimer.o
                0x00001820                SCTIMER_SetupCaptureAction
 .text.SCTIMER_SetCallback
                0x000018b4        0xc build/fsl_sctimer.o
                0x000018b4                SCTIMER_SetCallback
 .text.SCT0_DriverIRQHandler
                0x000018c0       0x14 build/fsl_sctimer.o
                0x000018c0                SCT0_DriverIRQHandler
 .text.MRT_Init
                0x000018d4       0x1c build/fsl_mrt.o
                0x000018d4                MRT_Init
 .text.MRT_Deinit
                0x000018f0       0x20 build/fsl_mrt.o
                0x000018f0                MRT_Deinit
 .text.MRT_UpdateTimerPeriod
                0x00001910       0x1e build/fsl_mrt.o
                0x00001910                MRT_UpdateTimerPeriod
 *fill*         0x0000192e        0x2 
 .text.__muldi3
                0x00001930       0x5c C:/Users/sansar/Software/Compiler/arm-gnu-toolchain-13.2.Rel1-mingw-w64-i686-arm-none-eabi/bin/../lib/gcc/arm-none-eabi/13.2.1/thumb/v6-m/nofp\libgcc.a(_muldi3.o)
                0x00001930                __muldi3
                0x00001930                __aeabi_lmul
 .text.__udivmoddi4
                0x0000198c      0x198 C:/Users/sansar/Software/Compiler/arm-gnu-toolchain-13.2.Rel1-mingw-w64-i686-arm-none-eabi/bin/../lib/gcc/arm-none-eabi/13.2.1/thumb/v6-m/nofp\libgcc.a(_udivmoddi4.o)
                0x0000198c                __udivmoddi4
 .text.__gnu_ldivmod_helper
                0x00001b24       0x3c C:/Users/sansar/Software/Compiler/arm-gnu-toolchain-13.2.Rel1-mingw-w64-i686-arm-none-eabi/bin/../lib/gcc/arm-none-eabi/13.2.1/thumb/v6-m/nofp\libgcc.a(bpabi.o)
                0x00001b24                __gnu_ldivmod_helper
 .text.__divdi3
                0x00001b60      0x1e4 C:/Users/sansar/Software/Compiler/arm-gnu-toolchain-13.2.Rel1-mingw-w64-i686-arm-none-eabi/bin/../lib/gcc/arm-none-eabi/13.2.1/thumb/v6-m/nofp\libgcc.a(_divdi3.o)
                0x00001b60                __divdi3
 .text.exit     0x00001d44       0x28 C:/Users/sansar/Software/Compiler/arm-gnu-toolchain-13.2.Rel1-mingw-w64-i686-arm-none-eabi/bin/../lib/gcc/arm-none-eabi/13.2.1/thumb/v6-m/nofp\libc_nano.a(libc_a-exit.o)
                0x00001d44                exit
 .text.malloc   0x00001d6c       0x14 C:/Users/sansar/Software/Compiler/arm-gnu-toolchain-13.2.Rel1-mingw-w64-i686-arm-none-eabi/bin/../lib/gcc/arm-none-eabi/13.2.1/thumb/v6-m/nofp\libc_nano.a(libc_a-malloc.o)
                0x00001d6c                malloc
 .text.free     0x00001d80       0x14 C:/Users/sansar/Software/Compiler/arm-gnu-toolchain-13.2.Rel1-mingw-w64-i686-arm-none-eabi/bin/../lib/gcc/arm-none-eabi/13.2.1/thumb/v6-m/nofp\libc_nano.a(libc_a-malloc.o)
                0x00001d80                free
 .text.sbrk_aligned
                0x00001d94       0x44 C:/Users/sansar/Software/Compiler/arm-gnu-toolchain-13.2.Rel1-mingw-w64-i686-arm-none-eabi/bin/../lib/gcc/arm-none-eabi/13.2.1/thumb/v6-m/nofp\libc_nano.a(libc_a-mallocr.o)
 .text._malloc_r
                0x00001dd8      0x100 C:/Users/sansar/Software/Compiler/arm-gnu-toolchain-13.2.Rel1-mingw-w64-i686-arm-none-eabi/bin/../lib/gcc/arm-none-eabi/13.2.1/thumb/v6-m/nofp\libc_nano.a(libc_a-mallocr.o)
                0x00001dd8                _malloc_r
 .text.__malloc_lock
                0x00001ed8       0x10 C:/Users/sansar/Software/Compiler/arm-gnu-toolchain-13.2.Rel1-mingw-w64-i686-arm-none-eabi/bin/../lib/gcc/arm-none-eabi/13.2.1/thumb/v6-m/nofp\libc_nano.a(libc_a-mlock.o)
                0x00001ed8                __malloc_lock
 .text.__malloc_unlock
                0x00001ee8       0x10 C:/Users/sansar/Software/Compiler/arm-gnu-toolchain-13.2.Rel1-mingw-w64-i686-arm-none-eabi/bin/../lib/gcc/arm-none-eabi/13.2.1/thumb/v6-m/nofp\libc_nano.a(libc_a-mlock.o)
                0x00001ee8                __malloc_unlock
 .text.std      0x00001ef8       0x6c C:/Users/sansar/Software/Compiler/arm-gnu-toolchain-13.2.Rel1-mingw-w64-i686-arm-none-eabi/bin/../lib/gcc/arm-none-eabi/13.2.1/thumb/v6-m/nofp\libc_nano.a(libc_a-findfp.o)
 .text.stdio_exit_handler
                0x00001f64       0x1c C:/Users/sansar/Software/Compiler/arm-gnu-toolchain-13.2.Rel1-mingw-w64-i686-arm-none-eabi/bin/../lib/gcc/arm-none-eabi/13.2.1/thumb/v6-m/nofp\libc_nano.a(libc_a-findfp.o)
 .text.cleanup_stdio
                0x00001f80       0x3c C:/Users/sansar/Software/Compiler/arm-gnu-toolchain-13.2.Rel1-mingw-w64-i686-arm-none-eabi/bin/../lib/gcc/arm-none-eabi/13.2.1/thumb/v6-m/nofp\libc_nano.a(libc_a-findfp.o)
 .text.__fp_lock
                0x00001fbc       0x18 C:/Users/sansar/Software/Compiler/arm-gnu-toolchain-13.2.Rel1-mingw-w64-i686-arm-none-eabi/bin/../lib/gcc/arm-none-eabi/13.2.1/thumb/v6-m/nofp\libc_nano.a(libc_a-findfp.o)
 .text.__fp_unlock
                0x00001fd4       0x18 C:/Users/sansar/Software/Compiler/arm-gnu-toolchain-13.2.Rel1-mingw-w64-i686-arm-none-eabi/bin/../lib/gcc/arm-none-eabi/13.2.1/thumb/v6-m/nofp\libc_nano.a(libc_a-findfp.o)
 .text.global_stdio_init.part.0
                0x00001fec       0x3c C:/Users/sansar/Software/Compiler/arm-gnu-toolchain-13.2.Rel1-mingw-w64-i686-arm-none-eabi/bin/../lib/gcc/arm-none-eabi/13.2.1/thumb/v6-m/nofp\libc_nano.a(libc_a-findfp.o)
 .text.__sfp_lock_acquire
                0x00002028       0x10 C:/Users/sansar/Software/Compiler/arm-gnu-toolchain-13.2.Rel1-mingw-w64-i686-arm-none-eabi/bin/../lib/gcc/arm-none-eabi/13.2.1/thumb/v6-m/nofp\libc_nano.a(libc_a-findfp.o)
                0x00002028                __sfp_lock_acquire
 .text.__sfp_lock_release
                0x00002038       0x10 C:/Users/sansar/Software/Compiler/arm-gnu-toolchain-13.2.Rel1-mingw-w64-i686-arm-none-eabi/bin/../lib/gcc/arm-none-eabi/13.2.1/thumb/v6-m/nofp\libc_nano.a(libc_a-findfp.o)
                0x00002038                __sfp_lock_release
 .text.__sfp    0x00002048       0xa8 C:/Users/sansar/Software/Compiler/arm-gnu-toolchain-13.2.Rel1-mingw-w64-i686-arm-none-eabi/bin/../lib/gcc/arm-none-eabi/13.2.1/thumb/v6-m/nofp\libc_nano.a(libc_a-findfp.o)
                0x00002048                __sfp
 .text.__sinit  0x000020f0       0x30 C:/Users/sansar/Software/Compiler/arm-gnu-toolchain-13.2.Rel1-mingw-w64-i686-arm-none-eabi/bin/../lib/gcc/arm-none-eabi/13.2.1/thumb/v6-m/nofp\libc_nano.a(libc_a-findfp.o)
                0x000020f0                __sinit
 .text.__fp_lock_all
                0x00002120       0x1c C:/Users/sansar/Software/Compiler/arm-gnu-toolchain-13.2.Rel1-mingw-w64-i686-arm-none-eabi/bin/../lib/gcc/arm-none-eabi/13.2.1/thumb/v6-m/nofp\libc_nano.a(libc_a-findfp.o)
                0x00002120                __fp_lock_all
 .text.__fp_unlock_all
                0x0000213c       0x1c C:/Users/sansar/Software/Compiler/arm-gnu-toolchain-13.2.Rel1-mingw-w64-i686-arm-none-eabi/bin/../lib/gcc/arm-none-eabi/13.2.1/thumb/v6-m/nofp\libc_nano.a(libc_a-findfp.o)
                0x0000213c                __fp_unlock_all
 .text._fwalk_sglue
                0x00002158       0x38 C:/Users/sansar/Software/Compiler/arm-gnu-toolchain-13.2.Rel1-mingw-w64-i686-arm-none-eabi/bin/../lib/gcc/arm-none-eabi/13.2.1/thumb/v6-m/nofp\libc_nano.a(libc_a-fwalk.o)
                0x00002158                _fwalk_sglue
 .text.__sread  0x00002190       0x28 C:/Users/sansar/Software/Compiler/arm-gnu-toolchain-13.2.Rel1-mingw-w64-i686-arm-none-eabi/bin/../lib/gcc/arm-none-eabi/13.2.1/thumb/v6-m/nofp\libc_nano.a(libc_a-stdio.o)
                0x00002190                __sread
 .text.__seofread
                0x000021b8        0x4 C:/Users/sansar/Software/Compiler/arm-gnu-toolchain-13.2.Rel1-mingw-w64-i686-arm-none-eabi/bin/../lib/gcc/arm-none-eabi/13.2.1/thumb/v6-m/nofp\libc_nano.a(libc_a-stdio.o)
                0x000021b8                __seofread
 .text.__swrite
                0x000021bc       0x38 C:/Users/sansar/Software/Compiler/arm-gnu-toolchain-13.2.Rel1-mingw-w64-i686-arm-none-eabi/bin/../lib/gcc/arm-none-eabi/13.2.1/thumb/v6-m/nofp\libc_nano.a(libc_a-stdio.o)
                0x000021bc                __swrite
 .text.__sseek  0x000021f4       0x2c C:/Users/sansar/Software/Compiler/arm-gnu-toolchain-13.2.Rel1-mingw-w64-i686-arm-none-eabi/bin/../lib/gcc/arm-none-eabi/13.2.1/thumb/v6-m/nofp\libc_nano.a(libc_a-stdio.o)
                0x000021f4                __sseek
 .text.__sclose
                0x00002220        0xc C:/Users/sansar/Software/Compiler/arm-gnu-toolchain-13.2.Rel1-mingw-w64-i686-arm-none-eabi/bin/../lib/gcc/arm-none-eabi/13.2.1/thumb/v6-m/nofp\libc_nano.a(libc_a-stdio.o)
                0x00002220                __sclose
 .text.memset   0x0000222c       0x10 C:/Users/sansar/Software/Compiler/arm-gnu-toolchain-13.2.Rel1-mingw-w64-i686-arm-none-eabi/bin/../lib/gcc/arm-none-eabi/13.2.1/thumb/v6-m/nofp\libc_nano.a(libc_a-memset.o)
                0x0000222c                memset
 .text._close_r
                0x0000223c       0x24 C:/Users/sansar/Software/Compiler/arm-gnu-toolchain-13.2.Rel1-mingw-w64-i686-arm-none-eabi/bin/../lib/gcc/arm-none-eabi/13.2.1/thumb/v6-m/nofp\libc_nano.a(libc_a-closer.o)
                0x0000223c                _close_r
 .text._reclaim_reent
                0x00002260       0xc0 C:/Users/sansar/Software/Compiler/arm-gnu-toolchain-13.2.Rel1-mingw-w64-i686-arm-none-eabi/bin/../lib/gcc/arm-none-eabi/13.2.1/thumb/v6-m/nofp\libc_nano.a(libc_a-reent.o)
                0x00002260                _reclaim_reent
 .text._lseek_r
                0x00002320       0x28 C:/Users/sansar/Software/Compiler/arm-gnu-toolchain-13.2.Rel1-mingw-w64-i686-arm-none-eabi/bin/../lib/gcc/arm-none-eabi/13.2.1/thumb/v6-m/nofp\libc_nano.a(libc_a-lseekr.o)
                0x00002320                _lseek_r
 .text._read_r  0x00002348       0x28 C:/Users/sansar/Software/Compiler/arm-gnu-toolchain-13.2.Rel1-mingw-w64-i686-arm-none-eabi/bin/../lib/gcc/arm-none-eabi/13.2.1/thumb/v6-m/nofp\libc_nano.a(libc_a-readr.o)
                0x00002348                _read_r
 .text._sbrk_r  0x00002370       0x24 C:/Users/sansar/Software/Compiler/arm-gnu-toolchain-13.2.Rel1-mingw-w64-i686-arm-none-eabi/bin/../lib/gcc/arm-none-eabi/13.2.1/thumb/v6-m/nofp\libc_nano.a(libc_a-sbrkr.o)
                0x00002370                _sbrk_r
 .text._write_r
                0x00002394       0x28 C:/Users/sansar/Software/Compiler/arm-gnu-toolchain-13.2.Rel1-mingw-w64-i686-arm-none-eabi/bin/../lib/gcc/arm-none-eabi/13.2.1/thumb/v6-m/nofp\libc_nano.a(libc_a-writer.o)
                0x00002394                _write_r
 .text.__libc_init_array
                0x000023bc       0x48 C:/Users/sansar/Software/Compiler/arm-gnu-toolchain-13.2.Rel1-mingw-w64-i686-arm-none-eabi/bin/../lib/gcc/arm-none-eabi/13.2.1/thumb/v6-m/nofp\libc_nano.a(libc_a-init.o)
                0x000023bc                __libc_init_array
 .text.__retarget_lock_init
                0x00002404        0x2 C:/Users/sansar/Software/Compiler/arm-gnu-toolchain-13.2.Rel1-mingw-w64-i686-arm-none-eabi/bin/../lib/gcc/arm-none-eabi/13.2.1/thumb/v6-m/nofp\libc_nano.a(libc_a-lock.o)
                0x00002404                __retarget_lock_init
 .text.__retarget_lock_init_recursive
                0x00002406        0x2 C:/Users/sansar/Software/Compiler/arm-gnu-toolchain-13.2.Rel1-mingw-w64-i686-arm-none-eabi/bin/../lib/gcc/arm-none-eabi/13.2.1/thumb/v6-m/nofp\libc_nano.a(libc_a-lock.o)
                0x00002406                __retarget_lock_init_recursive
 .text.__retarget_lock_close
                0x00002408        0x2 C:/Users/sansar/Software/Compiler/arm-gnu-toolchain-13.2.Rel1-mingw-w64-i686-arm-none-eabi/bin/../lib/gcc/arm-none-eabi/13.2.1/thumb/v6-m/nofp\libc_nano.a(libc_a-lock.o)
                0x00002408                __retarget_lock_close
 .text.__retarget_lock_close_recursive
                0x0000240a        0x2 C:/Users/sansar/Software/Compiler/arm-gnu-toolchain-13.2.Rel1-mingw-w64-i686-arm-none-eabi/bin/../lib/gcc/arm-none-eabi/13.2.1/thumb/v6-m/nofp\libc_nano.a(libc_a-lock.o)
                0x0000240a                __retarget_lock_close_recursive
 .text.__retarget_lock_acquire
                0x0000240c        0x2 C:/Users/sansar/Software/Compiler/arm-gnu-toolchain-13.2.Rel1-mingw-w64-i686-arm-none-eabi/bin/../lib/gcc/arm-none-eabi/13.2.1/thumb/v6-m/nofp\libc_nano.a(libc_a-lock.o)
                0x0000240c                __retarget_lock_acquire
 .text.__retarget_lock_acquire_recursive
                0x0000240e        0x2 C:/Users/sansar/Software/Compiler/arm-gnu-toolchain-13.2.Rel1-mingw-w64-i686-arm-none-eabi/bin/../lib/gcc/arm-none-eabi/13.2.1/thumb/v6-m/nofp\libc_nano.a(libc_a-lock.o)
                0x0000240e                __retarget_lock_acquire_recursive
 .text.__retarget_lock_try_acquire
                0x00002410        0x4 C:/Users/sansar/Software/Compiler/arm-gnu-toolchain-13.2.Rel1-mingw-w64-i686-arm-none-eabi/bin/../lib/gcc/arm-none-eabi/13.2.1/thumb/v6-m/nofp\libc_nano.a(libc_a-lock.o)
                0x00002410                __retarget_lock_try_acquire
 .text.__retarget_lock_try_acquire_recursive
                0x00002414        0x4 C:/Users/sansar/Software/Compiler/arm-gnu-toolchain-13.2.Rel1-mingw-w64-i686-arm-none-eabi/bin/../lib/gcc/arm-none-eabi/13.2.1/thumb/v6-m/nofp\libc_nano.a(libc_a-lock.o)
                0x00002414                __retarget_lock_try_acquire_recursive
 .text.__retarget_lock_release
                0x00002418        0x2 C:/Users/sansar/Software/Compiler/arm-gnu-toolchain-13.2.Rel1-mingw-w64-i686-arm-none-eabi/bin/../lib/gcc/arm-none-eabi/13.2.1/thumb/v6-m/nofp\libc_nano.a(libc_a-lock.o)
                0x00002418                __retarget_lock_release
 .text.__retarget_lock_release_recursive
                0x0000241a        0x2 C:/Users/sansar/Software/Compiler/arm-gnu-toolchain-13.2.Rel1-mingw-w64-i686-arm-none-eabi/bin/../lib/gcc/arm-none-eabi/13.2.1/thumb/v6-m/nofp\libc_nano.a(libc_a-lock.o)
                0x0000241a                __retarget_lock_release_recursive
 .text._free_r  0x0000241c       0x94 C:/Users/sansar/Software/Compiler/arm-gnu-toolchain-13.2.Rel1-mingw-w64-i686-arm-none-eabi/bin/../lib/gcc/arm-none-eabi/13.2.1/thumb/v6-m/nofp\libc_nano.a(libc_a-freer.o)
                0x0000241c                _free_r
 .text.__sflush_r
                0x000024b0      0x10c C:/Users/sansar/Software/Compiler/arm-gnu-toolchain-13.2.Rel1-mingw-w64-i686-arm-none-eabi/bin/../lib/gcc/arm-none-eabi/13.2.1/thumb/v6-m/nofp\libc_nano.a(libc_a-fflush.o)
                0x000024b0                __sflush_r
 .text._fflush_r
                0x000025bc       0x56 C:/Users/sansar/Software/Compiler/arm-gnu-toolchain-13.2.Rel1-mingw-w64-i686-arm-none-eabi/bin/../lib/gcc/arm-none-eabi/13.2.1/thumb/v6-m/nofp\libc_nano.a(libc_a-fflush.o)
                0x000025bc                _fflush_r
 *fill*         0x00002612        0x2 
 .text.fflush   0x00002614       0x30 C:/Users/sansar/Software/Compiler/arm-gnu-toolchain-13.2.Rel1-mingw-w64-i686-arm-none-eabi/bin/../lib/gcc/arm-none-eabi/13.2.1/thumb/v6-m/nofp\libc_nano.a(libc_a-fflush.o)
                0x00002614                fflush
 .text._close   0x00002644       0x10 C:/Users/sansar/Software/Compiler/arm-gnu-toolchain-13.2.Rel1-mingw-w64-i686-arm-none-eabi/bin/../lib/gcc/arm-none-eabi/13.2.1/thumb/v6-m/nofp\libnosys.a(close.o)
                0x00002644                _close
 .text._lseek   0x00002654       0x10 C:/Users/sansar/Software/Compiler/arm-gnu-toolchain-13.2.Rel1-mingw-w64-i686-arm-none-eabi/bin/../lib/gcc/arm-none-eabi/13.2.1/thumb/v6-m/nofp\libnosys.a(lseek.o)
                0x00002654                _lseek
 .text._read    0x00002664       0x10 C:/Users/sansar/Software/Compiler/arm-gnu-toolchain-13.2.Rel1-mingw-w64-i686-arm-none-eabi/bin/../lib/gcc/arm-none-eabi/13.2.1/thumb/v6-m/nofp\libnosys.a(read.o)
                0x00002664                _read
 .text._sbrk    0x00002674       0x1c C:/Users/sansar/Software/Compiler/arm-gnu-toolchain-13.2.Rel1-mingw-w64-i686-arm-none-eabi/bin/../lib/gcc/arm-none-eabi/13.2.1/thumb/v6-m/nofp\libnosys.a(sbrk.o)
                0x00002674                _sbrk
 .text._write   0x00002690       0x10 C:/Users/sansar/Software/Compiler/arm-gnu-toolchain-13.2.Rel1-mingw-w64-i686-arm-none-eabi/bin/../lib/gcc/arm-none-eabi/13.2.1/thumb/v6-m/nofp\libnosys.a(write.o)
                0x00002690                _write
 .text._exit    0x000026a0        0x4 C:/Users/sansar/Software/Compiler/arm-gnu-toolchain-13.2.Rel1-mingw-w64-i686-arm-none-eabi/bin/../lib/gcc/arm-none-eabi/13.2.1/thumb/v6-m/nofp\libnosys.a(_exit.o)
                0x000026a0                _exit
 *(.rodata)
 *(.rodata*)
 .rodata.all_implied_fbits
                0x000026a4       0x24 C:/Users/sansar/Software/Compiler/arm-gnu-toolchain-13.2.Rel1-mingw-w64-i686-arm-none-eabi/bin/../lib/gcc/arm-none-eabi/13.2.1/thumb/v6-m/nofp/crtbegin.o
 .rodata.CSWTCH.5
                0x000026c8       0x3c build/system_LPC824.o
 .rodata.all_implied_fbits
                0x00002704       0x24 C:/Users/sansar/Software/Compiler/arm-gnu-toolchain-13.2.Rel1-mingw-w64-i686-arm-none-eabi/bin/../lib/gcc/arm-none-eabi/13.2.1/thumb/v6-m/nofp/crtend.o
 *(.glue_7)
 .glue_7        0x00002728        0x0 linker stubs
 *(.glue_7t)
 .glue_7t       0x00002728        0x0 linker stubs
 *(.eh_frame)
 .eh_frame      0x00002728        0x0 C:/Users/sansar/Software/Compiler/arm-gnu-toolchain-13.2.Rel1-mingw-w64-i686-arm-none-eabi/bin/../lib/gcc/arm-none-eabi/13.2.1/thumb/v6-m/nofp/crtbegin.o
 .eh_frame      0x00002728        0x4 C:/Users/sansar/Software/Compiler/arm-gnu-toolchain-13.2.Rel1-mingw-w64-i686-arm-none-eabi/bin/../lib/gcc/arm-none-eabi/13.2.1/thumb/v6-m/nofp/crtend.o
 *(.init)
 .init          0x0000272c        0x4 C:/Users/sansar/Software/Compiler/arm-gnu-toolchain-13.2.Rel1-mingw-w64-i686-arm-none-eabi/bin/../lib/gcc/arm-none-eabi/13.2.1/thumb/v6-m/nofp/crti.o
                0x0000272c                _init
 .init          0x00002730        0x8 C:/Users/sansar/Software/Compiler/arm-gnu-toolchain-13.2.Rel1-mingw-w64-i686-arm-none-eabi/bin/../lib/gcc/arm-none-eabi/13.2.1/thumb/v6-m/nofp/crtn.o
 *(.fini)
 .fini          0x00002738        0x4 C:/Users/sansar/Software/Compiler/arm-gnu-toolchain-13.2.Rel1-mingw-w64-i686-arm-none-eabi/bin/../lib/gcc/arm-none-eabi/13.2.1/thumb/v6-m/nofp/crti.o
                0x00002738                _fini
 .fini          0x0000273c        0x8 C:/Users/sansar/Software/Compiler/arm-gnu-toolchain-13.2.Rel1-mingw-w64-i686-arm-none-eabi/bin/../lib/gcc/arm-none-eabi/13.2.1/thumb/v6-m/nofp/crtn.o
                0x00002744                        . = ALIGN (0x4)

.vfp11_veneer   0x00002744        0x0
 .vfp11_veneer  0x00002744        0x0 linker stubs

.v4_bx          0x00002744        0x0
 .v4_bx         0x00002744        0x0 linker stubs

.iplt           0x00002744        0x0
 .iplt          0x00002744        0x0 C:/Users/sansar/Software/Compiler/arm-gnu-toolchain-13.2.Rel1-mingw-w64-i686-arm-none-eabi/bin/../lib/gcc/arm-none-eabi/13.2.1/thumb/v6-m/nofp/crtbegin.o

.ARM.extab      0x00002744        0x0
 *(.ARM.extab* .gnu.linkonce.armextab.*)
 .ARM.extab     0x00002744        0x0 C:/Users/sansar/Software/Compiler/arm-gnu-toolchain-13.2.Rel1-mingw-w64-i686-arm-none-eabi/bin/../lib/gcc/arm-none-eabi/13.2.1/thumb/v6-m/nofp/crt0.o
 .ARM.extab.text.__udivmoddi4
                0x00002744        0x0 C:/Users/sansar/Software/Compiler/arm-gnu-toolchain-13.2.Rel1-mingw-w64-i686-arm-none-eabi/bin/../lib/gcc/arm-none-eabi/13.2.1/thumb/v6-m/nofp\libgcc.a(_udivmoddi4.o)
 .ARM.extab.text.__divdi3
                0x00002744        0x0 C:/Users/sansar/Software/Compiler/arm-gnu-toolchain-13.2.Rel1-mingw-w64-i686-arm-none-eabi/bin/../lib/gcc/arm-none-eabi/13.2.1/thumb/v6-m/nofp\libgcc.a(_divdi3.o)

.ARM            0x00002744        0x8
                0x00002744                        __exidx_start = .
 *(.ARM.exidx*)
 .ARM.exidx     0x00002744        0x8 C:/Users/sansar/Software/Compiler/arm-gnu-toolchain-13.2.Rel1-mingw-w64-i686-arm-none-eabi/bin/../lib/gcc/arm-none-eabi/13.2.1/thumb/v6-m/nofp/crt0.o
                                 0x10 (size before relaxing)
 .ARM.exidx.text.__udivmoddi4
                0x0000274c        0x0 C:/Users/sansar/Software/Compiler/arm-gnu-toolchain-13.2.Rel1-mingw-w64-i686-arm-none-eabi/bin/../lib/gcc/arm-none-eabi/13.2.1/thumb/v6-m/nofp\libgcc.a(_udivmoddi4.o)
                                  0x8 (size before relaxing)
 .ARM.exidx.text.__divdi3
                0x0000274c        0x0 C:/Users/sansar/Software/Compiler/arm-gnu-toolchain-13.2.Rel1-mingw-w64-i686-arm-none-eabi/bin/../lib/gcc/arm-none-eabi/13.2.1/thumb/v6-m/nofp\libgcc.a(_divdi3.o)
                                  0x8 (size before relaxing)
                0x0000274c                        __exidx_end = .

.rel.dyn        0x0000274c        0x0
 .rel.iplt      0x0000274c        0x0 C:/Users/sansar/Software/Compiler/arm-gnu-toolchain-13.2.Rel1-mingw-w64-i686-arm-none-eabi/bin/../lib/gcc/arm-none-eabi/13.2.1/thumb/v6-m/nofp/crtbegin.o

.ctors          0x0000274c        0x0
                0x0000274c                        __CTOR_LIST__ = .
 *crtbegin.o(.ctors)
 *crtbegin?.o(.ctors)
 *(EXCLUDE_FILE(*crtend.o *crtend?.o) .ctors)
 *(SORT_BY_NAME(.ctors.*))
 *(.ctors)
                0x0000274c                        __CTOR_END__ = .

.dtors          0x0000274c        0x0
                0x0000274c                        __DTOR_LIST__ = .
 *crtbegin.o(.dtors)
 *crtbegin?.o(.dtors)
 *(EXCLUDE_FILE(*crtend.o *crtend?.o) .dtors)
 *(SORT_BY_NAME(.dtors.*))
 *(.dtors)
                0x0000274c                        __DTOR_END__ = .

.preinit_array  0x0000274c        0x0
                0x0000274c                        PROVIDE (__preinit_array_start = .)
 *(.preinit_array*)
                0x0000274c                        PROVIDE (__preinit_array_end = .)

.init_array     0x0000274c        0x4
                0x0000274c                        PROVIDE (__init_array_start = .)
 *(SORT_BY_NAME(.init_array.*))
 *(.init_array*)
 .init_array    0x0000274c        0x4 C:/Users/sansar/Software/Compiler/arm-gnu-toolchain-13.2.Rel1-mingw-w64-i686-arm-none-eabi/bin/../lib/gcc/arm-none-eabi/13.2.1/thumb/v6-m/nofp/crtbegin.o
                0x00002750                        PROVIDE (__init_array_end = .)

.fini_array     0x00002750        0x4
                [!provide]                        PROVIDE (__fini_array_start = .)
 *(SORT_BY_NAME(.fini_array.*))
 *(.fini_array*)
 .fini_array    0x00002750        0x4 C:/Users/sansar/Software/Compiler/arm-gnu-toolchain-13.2.Rel1-mingw-w64-i686-arm-none-eabi/bin/../lib/gcc/arm-none-eabi/13.2.1/thumb/v6-m/nofp/crtbegin.o
                [!provide]                        PROVIDE (__fini_array_end = .)
                0x00002754                        __etext = .
                0x00002754                        __DATA_ROM = .

.data           0x10000000       0x64 load address 0x00002754
                0x10000000                        . = ALIGN (0x4)
                0x10000000                        __DATA_RAM = .
                0x10000000                        __data_start__ = .
 *(.ramfunc*)
 *(.data)
 .data          0x10000000        0x0 C:/Users/sansar/Software/Compiler/arm-gnu-toolchain-13.2.Rel1-mingw-w64-i686-arm-none-eabi/bin/../lib/gcc/arm-none-eabi/13.2.1/thumb/v6-m/nofp/crti.o
 .data          0x10000000        0x0 C:/Users/sansar/Software/Compiler/arm-gnu-toolchain-13.2.Rel1-mingw-w64-i686-arm-none-eabi/bin/../lib/gcc/arm-none-eabi/13.2.1/thumb/v6-m/nofp/crtbegin.o
 .data          0x10000000        0x0 C:/Users/sansar/Software/Compiler/arm-gnu-toolchain-13.2.Rel1-mingw-w64-i686-arm-none-eabi/bin/../lib/gcc/arm-none-eabi/13.2.1/thumb/v6-m/nofp/crt0.o
 .data          0x10000000        0x0 build/exp3.o
 .data          0x10000000        0x0 build/pin_mux.o
 .data          0x10000000        0x0 build/system_LPC824.o
 .data          0x10000000        0x0 build/fsl_common.o
 .data          0x10000000        0x0 build/fsl_common_arm.o
 .data          0x10000000        0x0 build/fsl_gpio.o
 .data          0x10000000        0x0 build/fsl_power.o
 .data          0x10000000        0x0 build/fsl_clock.o
 .data          0x10000000        0x0 build/fsl_reset.o
 .data          0x10000000        0x0 build/fsl_swm.o
 .data          0x10000000        0x0 build/fsl_sctimer.o
 .data          0x10000000        0x0 build/fsl_mrt.o
 .data          0x10000000        0x0 build/startup_LPC824.o
 .data          0x10000000        0x0 C:/Users/sansar/Software/Compiler/arm-gnu-toolchain-13.2.Rel1-mingw-w64-i686-arm-none-eabi/bin/../lib/gcc/arm-none-eabi/13.2.1/thumb/v6-m/nofp\libgcc.a(_thumb1_case_uqi.o)
 .data          0x10000000        0x0 C:/Users/sansar/Software/Compiler/arm-gnu-toolchain-13.2.Rel1-mingw-w64-i686-arm-none-eabi/bin/../lib/gcc/arm-none-eabi/13.2.1/thumb/v6-m/nofp\libgcc.a(_udivsi3.o)
 .data          0x10000000        0x0 C:/Users/sansar/Software/Compiler/arm-gnu-toolchain-13.2.Rel1-mingw-w64-i686-arm-none-eabi/bin/../lib/gcc/arm-none-eabi/13.2.1/thumb/v6-m/nofp\libgcc.a(_divsi3.o)
 .data          0x10000000        0x0 C:/Users/sansar/Software/Compiler/arm-gnu-toolchain-13.2.Rel1-mingw-w64-i686-arm-none-eabi/bin/../lib/gcc/arm-none-eabi/13.2.1/thumb/v6-m/nofp\libgcc.a(_dvmd_tls.o)
 .data          0x10000000        0x0 C:/Users/sansar/Software/Compiler/arm-gnu-toolchain-13.2.Rel1-mingw-w64-i686-arm-none-eabi/bin/../lib/gcc/arm-none-eabi/13.2.1/thumb/v6-m/nofp\libgcc.a(_aeabi_ldivmod.o)
 .data          0x10000000        0x0 C:/Users/sansar/Software/Compiler/arm-gnu-toolchain-13.2.Rel1-mingw-w64-i686-arm-none-eabi/bin/../lib/gcc/arm-none-eabi/13.2.1/thumb/v6-m/nofp\libgcc.a(_aeabi_uldivmod.o)
 .data          0x10000000        0x0 C:/Users/sansar/Software/Compiler/arm-gnu-toolchain-13.2.Rel1-mingw-w64-i686-arm-none-eabi/bin/../lib/gcc/arm-none-eabi/13.2.1/thumb/v6-m/nofp\libgcc.a(_muldi3.o)
 .data          0x10000000        0x0 C:/Users/sansar/Software/Compiler/arm-gnu-toolchain-13.2.Rel1-mingw-w64-i686-arm-none-eabi/bin/../lib/gcc/arm-none-eabi/13.2.1/thumb/v6-m/nofp\libgcc.a(_udivmoddi4.o)
 .data          0x10000000        0x0 C:/Users/sansar/Software/Compiler/arm-gnu-toolchain-13.2.Rel1-mingw-w64-i686-arm-none-eabi/bin/../lib/gcc/arm-none-eabi/13.2.1/thumb/v6-m/nofp\libgcc.a(bpabi.o)
 .data          0x10000000        0x0 C:/Users/sansar/Software/Compiler/arm-gnu-toolchain-13.2.Rel1-mingw-w64-i686-arm-none-eabi/bin/../lib/gcc/arm-none-eabi/13.2.1/thumb/v6-m/nofp\libgcc.a(_clzdi2.o)
 .data          0x10000000        0x0 C:/Users/sansar/Software/Compiler/arm-gnu-toolchain-13.2.Rel1-mingw-w64-i686-arm-none-eabi/bin/../lib/gcc/arm-none-eabi/13.2.1/thumb/v6-m/nofp\libgcc.a(_divdi3.o)
 .data          0x10000000        0x0 C:/Users/sansar/Software/Compiler/arm-gnu-toolchain-13.2.Rel1-mingw-w64-i686-arm-none-eabi/bin/../lib/gcc/arm-none-eabi/13.2.1/thumb/v6-m/nofp\libgcc.a(_clzsi2.o)
 .data          0x10000000        0x0 C:/Users/sansar/Software/Compiler/arm-gnu-toolchain-13.2.Rel1-mingw-w64-i686-arm-none-eabi/bin/../lib/gcc/arm-none-eabi/13.2.1/thumb/v6-m/nofp\libc_nano.a(libc_a-exit.o)
 .data          0x10000000        0x0 C:/Users/sansar/Software/Compiler/arm-gnu-toolchain-13.2.Rel1-mingw-w64-i686-arm-none-eabi/bin/../lib/gcc/arm-none-eabi/13.2.1/thumb/v6-m/nofp\libc_nano.a(libc_a-malloc.o)
 .data          0x10000000        0x0 C:/Users/sansar/Software/Compiler/arm-gnu-toolchain-13.2.Rel1-mingw-w64-i686-arm-none-eabi/bin/../lib/gcc/arm-none-eabi/13.2.1/thumb/v6-m/nofp\libc_nano.a(libc_a-mallocr.o)
 .data          0x10000000        0x0 C:/Users/sansar/Software/Compiler/arm-gnu-toolchain-13.2.Rel1-mingw-w64-i686-arm-none-eabi/bin/../lib/gcc/arm-none-eabi/13.2.1/thumb/v6-m/nofp\libc_nano.a(libc_a-mlock.o)
 .data          0x10000000        0x0 C:/Users/sansar/Software/Compiler/arm-gnu-toolchain-13.2.Rel1-mingw-w64-i686-arm-none-eabi/bin/../lib/gcc/arm-none-eabi/13.2.1/thumb/v6-m/nofp\libc_nano.a(libc_a-findfp.o)
 .data          0x10000000        0x0 C:/Users/sansar/Software/Compiler/arm-gnu-toolchain-13.2.Rel1-mingw-w64-i686-arm-none-eabi/bin/../lib/gcc/arm-none-eabi/13.2.1/thumb/v6-m/nofp\libc_nano.a(libc_a-fwalk.o)
 .data          0x10000000        0x0 C:/Users/sansar/Software/Compiler/arm-gnu-toolchain-13.2.Rel1-mingw-w64-i686-arm-none-eabi/bin/../lib/gcc/arm-none-eabi/13.2.1/thumb/v6-m/nofp\libc_nano.a(libc_a-stdio.o)
 .data          0x10000000        0x0 C:/Users/sansar/Software/Compiler/arm-gnu-toolchain-13.2.Rel1-mingw-w64-i686-arm-none-eabi/bin/../lib/gcc/arm-none-eabi/13.2.1/thumb/v6-m/nofp\libc_nano.a(libc_a-memset.o)
 .data          0x10000000        0x0 C:/Users/sansar/Software/Compiler/arm-gnu-toolchain-13.2.Rel1-mingw-w64-i686-arm-none-eabi/bin/../lib/gcc/arm-none-eabi/13.2.1/thumb/v6-m/nofp\libc_nano.a(libc_a-closer.o)
 .data          0x10000000        0x0 C:/Users/sansar/Software/Compiler/arm-gnu-toolchain-13.2.Rel1-mingw-w64-i686-arm-none-eabi/bin/../lib/gcc/arm-none-eabi/13.2.1/thumb/v6-m/nofp\libc_nano.a(libc_a-reent.o)
 .data          0x10000000        0x0 C:/Users/sansar/Software/Compiler/arm-gnu-toolchain-13.2.Rel1-mingw-w64-i686-arm-none-eabi/bin/../lib/gcc/arm-none-eabi/13.2.1/thumb/v6-m/nofp\libc_nano.a(libc_a-impure.o)
 .data          0x10000000        0x0 C:/Users/sansar/Software/Compiler/arm-gnu-toolchain-13.2.Rel1-mingw-w64-i686-arm-none-eabi/bin/../lib/gcc/arm-none-eabi/13.2.1/thumb/v6-m/nofp\libc_nano.a(libc_a-lseekr.o)
 .data          0x10000000        0x0 C:/Users/sansar/Software/Compiler/arm-gnu-toolchain-13.2.Rel1-mingw-w64-i686-arm-none-eabi/bin/../lib/gcc/arm-none-eabi/13.2.1/thumb/v6-m/nofp\libc_nano.a(libc_a-readr.o)
 .data          0x10000000        0x0 C:/Users/sansar/Software/Compiler/arm-gnu-toolchain-13.2.Rel1-mingw-w64-i686-arm-none-eabi/bin/../lib/gcc/arm-none-eabi/13.2.1/thumb/v6-m/nofp\libc_nano.a(libc_a-sbrkr.o)
 .data          0x10000000        0x0 C:/Users/sansar/Software/Compiler/arm-gnu-toolchain-13.2.Rel1-mingw-w64-i686-arm-none-eabi/bin/../lib/gcc/arm-none-eabi/13.2.1/thumb/v6-m/nofp\libc_nano.a(libc_a-writer.o)
 .data          0x10000000        0x0 C:/Users/sansar/Software/Compiler/arm-gnu-toolchain-13.2.Rel1-mingw-w64-i686-arm-none-eabi/bin/../lib/gcc/arm-none-eabi/13.2.1/thumb/v6-m/nofp\libc_nano.a(libc_a-init.o)
 .data          0x10000000        0x0 C:/Users/sansar/Software/Compiler/arm-gnu-toolchain-13.2.Rel1-mingw-w64-i686-arm-none-eabi/bin/../lib/gcc/arm-none-eabi/13.2.1/thumb/v6-m/nofp\libc_nano.a(libc_a-lock.o)
 .data          0x10000000        0x0 C:/Users/sansar/Software/Compiler/arm-gnu-toolchain-13.2.Rel1-mingw-w64-i686-arm-none-eabi/bin/../lib/gcc/arm-none-eabi/13.2.1/thumb/v6-m/nofp\libc_nano.a(libc_a-freer.o)
 .data          0x10000000        0x0 C:/Users/sansar/Software/Compiler/arm-gnu-toolchain-13.2.Rel1-mingw-w64-i686-arm-none-eabi/bin/../lib/gcc/arm-none-eabi/13.2.1/thumb/v6-m/nofp\libc_nano.a(libc_a-fflush.o)
 .data          0x10000000        0x0 C:/Users/sansar/Software/Compiler/arm-gnu-toolchain-13.2.Rel1-mingw-w64-i686-arm-none-eabi/bin/../lib/gcc/arm-none-eabi/13.2.1/thumb/v6-m/nofp\libnosys.a(close.o)
 .data          0x10000000        0x0 C:/Users/sansar/Software/Compiler/arm-gnu-toolchain-13.2.Rel1-mingw-w64-i686-arm-none-eabi/bin/../lib/gcc/arm-none-eabi/13.2.1/thumb/v6-m/nofp\libnosys.a(lseek.o)
 .data          0x10000000        0x0 C:/Users/sansar/Software/Compiler/arm-gnu-toolchain-13.2.Rel1-mingw-w64-i686-arm-none-eabi/bin/../lib/gcc/arm-none-eabi/13.2.1/thumb/v6-m/nofp\libnosys.a(read.o)
 .data          0x10000000        0x0 C:/Users/sansar/Software/Compiler/arm-gnu-toolchain-13.2.Rel1-mingw-w64-i686-arm-none-eabi/bin/../lib/gcc/arm-none-eabi/13.2.1/thumb/v6-m/nofp\libnosys.a(sbrk.o)
 .data          0x10000000        0x0 C:/Users/sansar/Software/Compiler/arm-gnu-toolchain-13.2.Rel1-mingw-w64-i686-arm-none-eabi/bin/../lib/gcc/arm-none-eabi/13.2.1/thumb/v6-m/nofp\libnosys.a(write.o)
 .data          0x10000000        0x0 C:/Users/sansar/Software/Compiler/arm-gnu-toolchain-13.2.Rel1-mingw-w64-i686-arm-none-eabi/bin/../lib/gcc/arm-none-eabi/13.2.1/thumb/v6-m/nofp\libnosys.a(_exit.o)
 .data          0x10000000        0x0 C:/Users/sansar/Software/Compiler/arm-gnu-toolchain-13.2.Rel1-mingw-w64-i686-arm-none-eabi/bin/../lib/gcc/arm-none-eabi/13.2.1/thumb/v6-m/nofp/crtend.o
 .data          0x10000000        0x0 C:/Users/sansar/Software/Compiler/arm-gnu-toolchain-13.2.Rel1-mingw-w64-i686-arm-none-eabi/bin/../lib/gcc/arm-none-eabi/13.2.1/thumb/v6-m/nofp/crtn.o
 *(.data*)
 .data.__dso_handle
                0x10000000        0x4 C:/Users/sansar/Software/Compiler/arm-gnu-toolchain-13.2.Rel1-mingw-w64-i686-arm-none-eabi/bin/../lib/gcc/arm-none-eabi/13.2.1/thumb/v6-m/nofp/crtbegin.o
                0x10000000                __dso_handle
 .data.SystemCoreClock
                0x10000004        0x4 build/system_LPC824.o
                0x10000004                SystemCoreClock
 .data.__sglue  0x10000008        0xc C:/Users/sansar/Software/Compiler/arm-gnu-toolchain-13.2.Rel1-mingw-w64-i686-arm-none-eabi/bin/../lib/gcc/arm-none-eabi/13.2.1/thumb/v6-m/nofp\libc_nano.a(libc_a-findfp.o)
                0x10000008                __sglue
 .data._impure_ptr
                0x10000014        0x4 C:/Users/sansar/Software/Compiler/arm-gnu-toolchain-13.2.Rel1-mingw-w64-i686-arm-none-eabi/bin/../lib/gcc/arm-none-eabi/13.2.1/thumb/v6-m/nofp\libc_nano.a(libc_a-impure.o)
                0x10000014                _impure_ptr
 .data._impure_data
                0x10000018       0x4c C:/Users/sansar/Software/Compiler/arm-gnu-toolchain-13.2.Rel1-mingw-w64-i686-arm-none-eabi/bin/../lib/gcc/arm-none-eabi/13.2.1/thumb/v6-m/nofp\libc_nano.a(libc_a-impure.o)
                0x10000018                _impure_data
 *(.jcr*)
                0x10000064                        . = ALIGN (0x4)
                0x10000064                        __data_end__ = .
                0x000027b8                        __DATA_END = (__DATA_ROM + (__data_end__ - __data_start__))
                0x00008000                        text_end = (ORIGIN (m_text) + LENGTH (m_text))
                0x00000001                        ASSERT ((__DATA_END <= text_end), region m_text overflowed with text and data)

.tm_clone_table
                0x10000064        0x0 load address 0x000027b8
 .tm_clone_table
                0x10000064        0x0 C:/Users/sansar/Software/Compiler/arm-gnu-toolchain-13.2.Rel1-mingw-w64-i686-arm-none-eabi/bin/../lib/gcc/arm-none-eabi/13.2.1/thumb/v6-m/nofp/crtbegin.o
 .tm_clone_table
                0x10000064        0x0 C:/Users/sansar/Software/Compiler/arm-gnu-toolchain-13.2.Rel1-mingw-w64-i686-arm-none-eabi/bin/../lib/gcc/arm-none-eabi/13.2.1/thumb/v6-m/nofp/crtend.o

.igot.plt       0x10000064        0x0 load address 0x000027b8
 .igot.plt      0x10000064        0x0 C:/Users/sansar/Software/Compiler/arm-gnu-toolchain-13.2.Rel1-mingw-w64-i686-arm-none-eabi/bin/../lib/gcc/arm-none-eabi/13.2.1/thumb/v6-m/nofp/crtbegin.o

.bss            0x10000064      0x1c0 load address 0x000027b8
                0x10000064                        . = ALIGN (0x4)
                0x10000064                        __START_BSS = .
                0x10000064                        __bss_start__ = .
 *(.bss)
 .bss           0x10000064        0x0 C:/Users/sansar/Software/Compiler/arm-gnu-toolchain-13.2.Rel1-mingw-w64-i686-arm-none-eabi/bin/../lib/gcc/arm-none-eabi/13.2.1/thumb/v6-m/nofp/crti.o
 .bss           0x10000064        0x0 C:/Users/sansar/Software/Compiler/arm-gnu-toolchain-13.2.Rel1-mingw-w64-i686-arm-none-eabi/bin/../lib/gcc/arm-none-eabi/13.2.1/thumb/v6-m/nofp/crtbegin.o
 .bss           0x10000064        0x0 C:/Users/sansar/Software/Compiler/arm-gnu-toolchain-13.2.Rel1-mingw-w64-i686-arm-none-eabi/bin/../lib/gcc/arm-none-eabi/13.2.1/thumb/v6-m/nofp/crt0.o
 .bss           0x10000064        0x0 build/exp3.o
 .bss           0x10000064        0x0 build/pin_mux.o
 .bss           0x10000064        0x0 build/system_LPC824.o
 .bss           0x10000064        0x0 build/fsl_common.o
 .bss           0x10000064        0x0 build/fsl_common_arm.o
 .bss           0x10000064        0x0 build/fsl_gpio.o
 .bss           0x10000064        0x0 build/fsl_power.o
 .bss           0x10000064        0x0 build/fsl_clock.o
 .bss           0x10000064        0x0 build/fsl_reset.o
 .bss           0x10000064        0x0 build/fsl_swm.o
 .bss           0x10000064        0x0 build/fsl_sctimer.o
 .bss           0x10000064        0x0 build/fsl_mrt.o
 .bss           0x10000064        0x0 build/startup_LPC824.o
 .bss           0x10000064        0x0 C:/Users/sansar/Software/Compiler/arm-gnu-toolchain-13.2.Rel1-mingw-w64-i686-arm-none-eabi/bin/../lib/gcc/arm-none-eabi/13.2.1/thumb/v6-m/nofp\libgcc.a(_thumb1_case_uqi.o)
 .bss           0x10000064        0x0 C:/Users/sansar/Software/Compiler/arm-gnu-toolchain-13.2.Rel1-mingw-w64-i686-arm-none-eabi/bin/../lib/gcc/arm-none-eabi/13.2.1/thumb/v6-m/nofp\libgcc.a(_udivsi3.o)
 .bss           0x10000064        0x0 C:/Users/sansar/Software/Compiler/arm-gnu-toolchain-13.2.Rel1-mingw-w64-i686-arm-none-eabi/bin/../lib/gcc/arm-none-eabi/13.2.1/thumb/v6-m/nofp\libgcc.a(_divsi3.o)
 .bss           0x10000064        0x0 C:/Users/sansar/Software/Compiler/arm-gnu-toolchain-13.2.Rel1-mingw-w64-i686-arm-none-eabi/bin/../lib/gcc/arm-none-eabi/13.2.1/thumb/v6-m/nofp\libgcc.a(_dvmd_tls.o)
 .bss           0x10000064        0x0 C:/Users/sansar/Software/Compiler/arm-gnu-toolchain-13.2.Rel1-mingw-w64-i686-arm-none-eabi/bin/../lib/gcc/arm-none-eabi/13.2.1/thumb/v6-m/nofp\libgcc.a(_aeabi_ldivmod.o)
 .bss           0x10000064        0x0 C:/Users/sansar/Software/Compiler/arm-gnu-toolchain-13.2.Rel1-mingw-w64-i686-arm-none-eabi/bin/../lib/gcc/arm-none-eabi/13.2.1/thumb/v6-m/nofp\libgcc.a(_aeabi_uldivmod.o)
 .bss           0x10000064        0x0 C:/Users/sansar/Software/Compiler/arm-gnu-toolchain-13.2.Rel1-mingw-w64-i686-arm-none-eabi/bin/../lib/gcc/arm-none-eabi/13.2.1/thumb/v6-m/nofp\libgcc.a(_muldi3.o)
 .bss           0x10000064        0x0 C:/Users/sansar/Software/Compiler/arm-gnu-toolchain-13.2.Rel1-mingw-w64-i686-arm-none-eabi/bin/../lib/gcc/arm-none-eabi/13.2.1/thumb/v6-m/nofp\libgcc.a(_udivmoddi4.o)
 .bss           0x10000064        0x0 C:/Users/sansar/Software/Compiler/arm-gnu-toolchain-13.2.Rel1-mingw-w64-i686-arm-none-eabi/bin/../lib/gcc/arm-none-eabi/13.2.1/thumb/v6-m/nofp\libgcc.a(bpabi.o)
 .bss           0x10000064        0x0 C:/Users/sansar/Software/Compiler/arm-gnu-toolchain-13.2.Rel1-mingw-w64-i686-arm-none-eabi/bin/../lib/gcc/arm-none-eabi/13.2.1/thumb/v6-m/nofp\libgcc.a(_clzdi2.o)
 .bss           0x10000064        0x0 C:/Users/sansar/Software/Compiler/arm-gnu-toolchain-13.2.Rel1-mingw-w64-i686-arm-none-eabi/bin/../lib/gcc/arm-none-eabi/13.2.1/thumb/v6-m/nofp\libgcc.a(_divdi3.o)
 .bss           0x10000064        0x0 C:/Users/sansar/Software/Compiler/arm-gnu-toolchain-13.2.Rel1-mingw-w64-i686-arm-none-eabi/bin/../lib/gcc/arm-none-eabi/13.2.1/thumb/v6-m/nofp\libgcc.a(_clzsi2.o)
 .bss           0x10000064        0x0 C:/Users/sansar/Software/Compiler/arm-gnu-toolchain-13.2.Rel1-mingw-w64-i686-arm-none-eabi/bin/../lib/gcc/arm-none-eabi/13.2.1/thumb/v6-m/nofp\libc_nano.a(libc_a-exit.o)
 .bss           0x10000064        0x0 C:/Users/sansar/Software/Compiler/arm-gnu-toolchain-13.2.Rel1-mingw-w64-i686-arm-none-eabi/bin/../lib/gcc/arm-none-eabi/13.2.1/thumb/v6-m/nofp\libc_nano.a(libc_a-malloc.o)
 .bss           0x10000064        0x0 C:/Users/sansar/Software/Compiler/arm-gnu-toolchain-13.2.Rel1-mingw-w64-i686-arm-none-eabi/bin/../lib/gcc/arm-none-eabi/13.2.1/thumb/v6-m/nofp\libc_nano.a(libc_a-mallocr.o)
 .bss           0x10000064        0x0 C:/Users/sansar/Software/Compiler/arm-gnu-toolchain-13.2.Rel1-mingw-w64-i686-arm-none-eabi/bin/../lib/gcc/arm-none-eabi/13.2.1/thumb/v6-m/nofp\libc_nano.a(libc_a-mlock.o)
 .bss           0x10000064        0x0 C:/Users/sansar/Software/Compiler/arm-gnu-toolchain-13.2.Rel1-mingw-w64-i686-arm-none-eabi/bin/../lib/gcc/arm-none-eabi/13.2.1/thumb/v6-m/nofp\libc_nano.a(libc_a-findfp.o)
 .bss           0x10000064        0x0 C:/Users/sansar/Software/Compiler/arm-gnu-toolchain-13.2.Rel1-mingw-w64-i686-arm-none-eabi/bin/../lib/gcc/arm-none-eabi/13.2.1/thumb/v6-m/nofp\libc_nano.a(libc_a-fwalk.o)
 .bss           0x10000064        0x0 C:/Users/sansar/Software/Compiler/arm-gnu-toolchain-13.2.Rel1-mingw-w64-i686-arm-none-eabi/bin/../lib/gcc/arm-none-eabi/13.2.1/thumb/v6-m/nofp\libc_nano.a(libc_a-stdio.o)
 .bss           0x10000064        0x0 C:/Users/sansar/Software/Compiler/arm-gnu-toolchain-13.2.Rel1-mingw-w64-i686-arm-none-eabi/bin/../lib/gcc/arm-none-eabi/13.2.1/thumb/v6-m/nofp\libc_nano.a(libc_a-memset.o)
 .bss           0x10000064        0x0 C:/Users/sansar/Software/Compiler/arm-gnu-toolchain-13.2.Rel1-mingw-w64-i686-arm-none-eabi/bin/../lib/gcc/arm-none-eabi/13.2.1/thumb/v6-m/nofp\libc_nano.a(libc_a-closer.o)
 .bss           0x10000064        0x0 C:/Users/sansar/Software/Compiler/arm-gnu-toolchain-13.2.Rel1-mingw-w64-i686-arm-none-eabi/bin/../lib/gcc/arm-none-eabi/13.2.1/thumb/v6-m/nofp\libc_nano.a(libc_a-reent.o)
 .bss           0x10000064        0x0 C:/Users/sansar/Software/Compiler/arm-gnu-toolchain-13.2.Rel1-mingw-w64-i686-arm-none-eabi/bin/../lib/gcc/arm-none-eabi/13.2.1/thumb/v6-m/nofp\libc_nano.a(libc_a-impure.o)
 .bss           0x10000064        0x0 C:/Users/sansar/Software/Compiler/arm-gnu-toolchain-13.2.Rel1-mingw-w64-i686-arm-none-eabi/bin/../lib/gcc/arm-none-eabi/13.2.1/thumb/v6-m/nofp\libc_nano.a(libc_a-lseekr.o)
 .bss           0x10000064        0x0 C:/Users/sansar/Software/Compiler/arm-gnu-toolchain-13.2.Rel1-mingw-w64-i686-arm-none-eabi/bin/../lib/gcc/arm-none-eabi/13.2.1/thumb/v6-m/nofp\libc_nano.a(libc_a-readr.o)
 .bss           0x10000064        0x0 C:/Users/sansar/Software/Compiler/arm-gnu-toolchain-13.2.Rel1-mingw-w64-i686-arm-none-eabi/bin/../lib/gcc/arm-none-eabi/13.2.1/thumb/v6-m/nofp\libc_nano.a(libc_a-sbrkr.o)
 .bss           0x10000064        0x0 C:/Users/sansar/Software/Compiler/arm-gnu-toolchain-13.2.Rel1-mingw-w64-i686-arm-none-eabi/bin/../lib/gcc/arm-none-eabi/13.2.1/thumb/v6-m/nofp\libc_nano.a(libc_a-writer.o)
 .bss           0x10000064        0x0 C:/Users/sansar/Software/Compiler/arm-gnu-toolchain-13.2.Rel1-mingw-w64-i686-arm-none-eabi/bin/../lib/gcc/arm-none-eabi/13.2.1/thumb/v6-m/nofp\libc_nano.a(libc_a-init.o)
 .bss           0x10000064        0x0 C:/Users/sansar/Software/Compiler/arm-gnu-toolchain-13.2.Rel1-mingw-w64-i686-arm-none-eabi/bin/../lib/gcc/arm-none-eabi/13.2.1/thumb/v6-m/nofp\libc_nano.a(libc_a-lock.o)
 .bss           0x10000064        0x0 C:/Users/sansar/Software/Compiler/arm-gnu-toolchain-13.2.Rel1-mingw-w64-i686-arm-none-eabi/bin/../lib/gcc/arm-none-eabi/13.2.1/thumb/v6-m/nofp\libc_nano.a(libc_a-freer.o)
 .bss           0x10000064        0x0 C:/Users/sansar/Software/Compiler/arm-gnu-toolchain-13.2.Rel1-mingw-w64-i686-arm-none-eabi/bin/../lib/gcc/arm-none-eabi/13.2.1/thumb/v6-m/nofp\libc_nano.a(libc_a-fflush.o)
 .bss           0x10000064        0x0 C:/Users/sansar/Software/Compiler/arm-gnu-toolchain-13.2.Rel1-mingw-w64-i686-arm-none-eabi/bin/../lib/gcc/arm-none-eabi/13.2.1/thumb/v6-m/nofp\libnosys.a(close.o)
 .bss           0x10000064        0x0 C:/Users/sansar/Software/Compiler/arm-gnu-toolchain-13.2.Rel1-mingw-w64-i686-arm-none-eabi/bin/../lib/gcc/arm-none-eabi/13.2.1/thumb/v6-m/nofp\libnosys.a(lseek.o)
 .bss           0x10000064        0x0 C:/Users/sansar/Software/Compiler/arm-gnu-toolchain-13.2.Rel1-mingw-w64-i686-arm-none-eabi/bin/../lib/gcc/arm-none-eabi/13.2.1/thumb/v6-m/nofp\libnosys.a(read.o)
 .bss           0x10000064        0x0 C:/Users/sansar/Software/Compiler/arm-gnu-toolchain-13.2.Rel1-mingw-w64-i686-arm-none-eabi/bin/../lib/gcc/arm-none-eabi/13.2.1/thumb/v6-m/nofp\libnosys.a(sbrk.o)
 .bss           0x10000064        0x0 C:/Users/sansar/Software/Compiler/arm-gnu-toolchain-13.2.Rel1-mingw-w64-i686-arm-none-eabi/bin/../lib/gcc/arm-none-eabi/13.2.1/thumb/v6-m/nofp\libnosys.a(write.o)
 .bss           0x10000064        0x0 C:/Users/sansar/Software/Compiler/arm-gnu-toolchain-13.2.Rel1-mingw-w64-i686-arm-none-eabi/bin/../lib/gcc/arm-none-eabi/13.2.1/thumb/v6-m/nofp\libnosys.a(_exit.o)
 .bss           0x10000064        0x0 C:/Users/sansar/Software/Compiler/arm-gnu-toolchain-13.2.Rel1-mingw-w64-i686-arm-none-eabi/bin/../lib/gcc/arm-none-eabi/13.2.1/thumb/v6-m/nofp/crtend.o
 .bss           0x10000064        0x0 C:/Users/sansar/Software/Compiler/arm-gnu-toolchain-13.2.Rel1-mingw-w64-i686-arm-none-eabi/bin/../lib/gcc/arm-none-eabi/13.2.1/thumb/v6-m/nofp/crtn.o
 *(.bss*)
 .bss.completed.1
                0x10000064        0x1 C:/Users/sansar/Software/Compiler/arm-gnu-toolchain-13.2.Rel1-mingw-w64-i686-arm-none-eabi/bin/../lib/gcc/arm-none-eabi/13.2.1/thumb/v6-m/nofp/crtbegin.o
 *fill*         0x10000065        0x3 
 .bss.object.0  0x10000068       0x18 C:/Users/sansar/Software/Compiler/arm-gnu-toolchain-13.2.Rel1-mingw-w64-i686-arm-none-eabi/bin/../lib/gcc/arm-none-eabi/13.2.1/thumb/v6-m/nofp/crtbegin.o
 .bss.i.0       0x10000080        0x1 build/exp3.o
 .bss.counter.1
                0x10000081        0x1 build/exp3.o
 *fill*         0x10000082        0x2 
 .bss.event3    0x10000084        0x4 build/exp3.o
                0x10000084                event3
 .bss.event2    0x10000088        0x4 build/exp3.o
                0x10000088                event2
 .bss.event1    0x1000008c        0x4 build/exp3.o
                0x1000008c                event1
 .bss.s_Sys_Pll_Freq
                0x10000090        0x4 build/fsl_clock.o
 .bss.g_Wdt_Osc_Freq
                0x10000094        0x4 build/fsl_clock.o
                0x10000094                g_Wdt_Osc_Freq
 .bss.g_Ext_Clk_Freq
                0x10000098        0x4 build/fsl_clock.o
                0x10000098                g_Ext_Clk_Freq
 .bss.s_sctimerIsr
                0x1000009c        0x4 build/fsl_sctimer.o
 .bss.s_currentMatchhigh
                0x100000a0        0x4 build/fsl_sctimer.o
 .bss.s_currentMatch
                0x100000a4        0x4 build/fsl_sctimer.o
 .bss.s_currentState
                0x100000a8        0x4 build/fsl_sctimer.o
 .bss.s_currentEvent
                0x100000ac        0x4 build/fsl_sctimer.o
 .bss.s_eventCallback
                0x100000b0       0x20 build/fsl_sctimer.o
 .bss.__malloc_sbrk_start
                0x100000d0        0x4 C:/Users/sansar/Software/Compiler/arm-gnu-toolchain-13.2.Rel1-mingw-w64-i686-arm-none-eabi/bin/../lib/gcc/arm-none-eabi/13.2.1/thumb/v6-m/nofp\libc_nano.a(libc_a-mallocr.o)
                0x100000d0                __malloc_sbrk_start
 .bss.__malloc_free_list
                0x100000d4        0x4 C:/Users/sansar/Software/Compiler/arm-gnu-toolchain-13.2.Rel1-mingw-w64-i686-arm-none-eabi/bin/../lib/gcc/arm-none-eabi/13.2.1/thumb/v6-m/nofp\libc_nano.a(libc_a-mallocr.o)
                0x100000d4                __malloc_free_list
 .bss.__sf      0x100000d8      0x138 C:/Users/sansar/Software/Compiler/arm-gnu-toolchain-13.2.Rel1-mingw-w64-i686-arm-none-eabi/bin/../lib/gcc/arm-none-eabi/13.2.1/thumb/v6-m/nofp\libc_nano.a(libc_a-findfp.o)
                0x100000d8                __sf
 .bss.__stdio_exit_handler
                0x10000210        0x4 C:/Users/sansar/Software/Compiler/arm-gnu-toolchain-13.2.Rel1-mingw-w64-i686-arm-none-eabi/bin/../lib/gcc/arm-none-eabi/13.2.1/thumb/v6-m/nofp\libc_nano.a(libc_a-findfp.o)
                0x10000210                __stdio_exit_handler
 .bss.errno     0x10000214        0x4 C:/Users/sansar/Software/Compiler/arm-gnu-toolchain-13.2.Rel1-mingw-w64-i686-arm-none-eabi/bin/../lib/gcc/arm-none-eabi/13.2.1/thumb/v6-m/nofp\libc_nano.a(libc_a-reent.o)
                0x10000214                errno
 .bss.__lock___arc4random_mutex
                0x10000218        0x1 C:/Users/sansar/Software/Compiler/arm-gnu-toolchain-13.2.Rel1-mingw-w64-i686-arm-none-eabi/bin/../lib/gcc/arm-none-eabi/13.2.1/thumb/v6-m/nofp\libc_nano.a(libc_a-lock.o)
                0x10000218                __lock___arc4random_mutex
 .bss.__lock___dd_hash_mutex
                0x10000219        0x1 C:/Users/sansar/Software/Compiler/arm-gnu-toolchain-13.2.Rel1-mingw-w64-i686-arm-none-eabi/bin/../lib/gcc/arm-none-eabi/13.2.1/thumb/v6-m/nofp\libc_nano.a(libc_a-lock.o)
                0x10000219                __lock___dd_hash_mutex
 .bss.__lock___tz_mutex
                0x1000021a        0x1 C:/Users/sansar/Software/Compiler/arm-gnu-toolchain-13.2.Rel1-mingw-w64-i686-arm-none-eabi/bin/../lib/gcc/arm-none-eabi/13.2.1/thumb/v6-m/nofp\libc_nano.a(libc_a-lock.o)
                0x1000021a                __lock___tz_mutex
 .bss.__lock___env_recursive_mutex
                0x1000021b        0x1 C:/Users/sansar/Software/Compiler/arm-gnu-toolchain-13.2.Rel1-mingw-w64-i686-arm-none-eabi/bin/../lib/gcc/arm-none-eabi/13.2.1/thumb/v6-m/nofp\libc_nano.a(libc_a-lock.o)
                0x1000021b                __lock___env_recursive_mutex
 .bss.__lock___malloc_recursive_mutex
                0x1000021c        0x1 C:/Users/sansar/Software/Compiler/arm-gnu-toolchain-13.2.Rel1-mingw-w64-i686-arm-none-eabi/bin/../lib/gcc/arm-none-eabi/13.2.1/thumb/v6-m/nofp\libc_nano.a(libc_a-lock.o)
                0x1000021c                __lock___malloc_recursive_mutex
 .bss.__lock___at_quick_exit_mutex
                0x1000021d        0x1 C:/Users/sansar/Software/Compiler/arm-gnu-toolchain-13.2.Rel1-mingw-w64-i686-arm-none-eabi/bin/../lib/gcc/arm-none-eabi/13.2.1/thumb/v6-m/nofp\libc_nano.a(libc_a-lock.o)
                0x1000021d                __lock___at_quick_exit_mutex
 .bss.__lock___atexit_recursive_mutex
                0x1000021e        0x1 C:/Users/sansar/Software/Compiler/arm-gnu-toolchain-13.2.Rel1-mingw-w64-i686-arm-none-eabi/bin/../lib/gcc/arm-none-eabi/13.2.1/thumb/v6-m/nofp\libc_nano.a(libc_a-lock.o)
                0x1000021e                __lock___atexit_recursive_mutex
 .bss.__lock___sfp_recursive_mutex
                0x1000021f        0x1 C:/Users/sansar/Software/Compiler/arm-gnu-toolchain-13.2.Rel1-mingw-w64-i686-arm-none-eabi/bin/../lib/gcc/arm-none-eabi/13.2.1/thumb/v6-m/nofp\libc_nano.a(libc_a-lock.o)
                0x1000021f                __lock___sfp_recursive_mutex
 .bss.heap_end.0
                0x10000220        0x4 C:/Users/sansar/Software/Compiler/arm-gnu-toolchain-13.2.Rel1-mingw-w64-i686-arm-none-eabi/bin/../lib/gcc/arm-none-eabi/13.2.1/thumb/v6-m/nofp\libnosys.a(sbrk.o)
 *(COMMON)
                0x10000224                        . = ALIGN (0x4)
                0x10000224                        __bss_end__ = .
                0x10000224                        __END_BSS = .

.heap           0x10000224      0x404 load address 0x00002978
                0x10000228                        . = ALIGN (0x8)
 *fill*         0x10000224        0x4 
                0x10000228                        __end__ = .
                0x10000228                        PROVIDE (end = .)
                0x10000228                        __HeapBase = .
                0x10000628                        . = (. + HEAP_SIZE)
 *fill*         0x10000228      0x400 
                0x10000628                        __HeapLimit = .
                0x10000628                        __heap_limit = .

.stack          0x10000628      0x800 load address 0x00002d7c
                0x10000628                        . = ALIGN (0x8)
                0x10000e28                        . = (. + STACK_SIZE)
 *fill*         0x10000628      0x800 
                0x10001fe0                        __StackTop = (ORIGIN (m_data) + LENGTH (m_data))
                0x100017e0                        __StackLimit = (__StackTop - STACK_SIZE)
                0x10001fe0                        PROVIDE (__stack = __StackTop)

.ARM.attributes
                0x00000000       0x28
 *(.ARM.attributes)
 .ARM.attributes
                0x00000000       0x1e C:/Users/sansar/Software/Compiler/arm-gnu-toolchain-13.2.Rel1-mingw-w64-i686-arm-none-eabi/bin/../lib/gcc/arm-none-eabi/13.2.1/thumb/v6-m/nofp/crti.o
 .ARM.attributes
                0x0000001e       0x2c C:/Users/sansar/Software/Compiler/arm-gnu-toolchain-13.2.Rel1-mingw-w64-i686-arm-none-eabi/bin/../lib/gcc/arm-none-eabi/13.2.1/thumb/v6-m/nofp/crtbegin.o
 .ARM.attributes
                0x0000004a       0x1b C:/Users/sansar/Software/Compiler/arm-gnu-toolchain-13.2.Rel1-mingw-w64-i686-arm-none-eabi/bin/../lib/gcc/arm-none-eabi/13.2.1/thumb/v6-m/nofp/crt0.o
 .ARM.attributes
                0x00000065       0x2c build/exp3.o
 .ARM.attributes
                0x00000091       0x2c build/pin_mux.o
 .ARM.attributes
                0x000000bd       0x2c build/system_LPC824.o
 .ARM.attributes
                0x000000e9       0x2c build/fsl_common.o
 .ARM.attributes
                0x00000115       0x2c build/fsl_common_arm.o
 .ARM.attributes
                0x00000141       0x2c build/fsl_gpio.o
 .ARM.attributes
                0x0000016d       0x2c build/fsl_power.o
 .ARM.attributes
                0x00000199       0x2c build/fsl_clock.o
 .ARM.attributes
                0x000001c5       0x2c build/fsl_reset.o
 .ARM.attributes
                0x000001f1       0x2c build/fsl_swm.o
 .ARM.attributes
                0x0000021d       0x2c build/fsl_sctimer.o
 .ARM.attributes
                0x00000249       0x2c build/fsl_mrt.o
 .ARM.attributes
                0x00000275       0x1b build/startup_LPC824.o
 .ARM.attributes
                0x00000290       0x1e C:/Users/sansar/Software/Compiler/arm-gnu-toolchain-13.2.Rel1-mingw-w64-i686-arm-none-eabi/bin/../lib/gcc/arm-none-eabi/13.2.1/thumb/v6-m/nofp\libgcc.a(_thumb1_case_uqi.o)
 .ARM.attributes
                0x000002ae       0x1e C:/Users/sansar/Software/Compiler/arm-gnu-toolchain-13.2.Rel1-mingw-w64-i686-arm-none-eabi/bin/../lib/gcc/arm-none-eabi/13.2.1/thumb/v6-m/nofp\libgcc.a(_udivsi3.o)
 .ARM.attributes
                0x000002cc       0x1e C:/Users/sansar/Software/Compiler/arm-gnu-toolchain-13.2.Rel1-mingw-w64-i686-arm-none-eabi/bin/../lib/gcc/arm-none-eabi/13.2.1/thumb/v6-m/nofp\libgcc.a(_divsi3.o)
 .ARM.attributes
                0x000002ea       0x1e C:/Users/sansar/Software/Compiler/arm-gnu-toolchain-13.2.Rel1-mingw-w64-i686-arm-none-eabi/bin/../lib/gcc/arm-none-eabi/13.2.1/thumb/v6-m/nofp\libgcc.a(_dvmd_tls.o)
 .ARM.attributes
                0x00000308       0x1e C:/Users/sansar/Software/Compiler/arm-gnu-toolchain-13.2.Rel1-mingw-w64-i686-arm-none-eabi/bin/../lib/gcc/arm-none-eabi/13.2.1/thumb/v6-m/nofp\libgcc.a(_aeabi_ldivmod.o)
 .ARM.attributes
                0x00000326       0x1e C:/Users/sansar/Software/Compiler/arm-gnu-toolchain-13.2.Rel1-mingw-w64-i686-arm-none-eabi/bin/../lib/gcc/arm-none-eabi/13.2.1/thumb/v6-m/nofp\libgcc.a(_aeabi_uldivmod.o)
 .ARM.attributes
                0x00000344       0x2c C:/Users/sansar/Software/Compiler/arm-gnu-toolchain-13.2.Rel1-mingw-w64-i686-arm-none-eabi/bin/../lib/gcc/arm-none-eabi/13.2.1/thumb/v6-m/nofp\libgcc.a(_muldi3.o)
 .ARM.attributes
                0x00000370       0x2c C:/Users/sansar/Software/Compiler/arm-gnu-toolchain-13.2.Rel1-mingw-w64-i686-arm-none-eabi/bin/../lib/gcc/arm-none-eabi/13.2.1/thumb/v6-m/nofp\libgcc.a(_udivmoddi4.o)
 .ARM.attributes
                0x0000039c       0x2c C:/Users/sansar/Software/Compiler/arm-gnu-toolchain-13.2.Rel1-mingw-w64-i686-arm-none-eabi/bin/../lib/gcc/arm-none-eabi/13.2.1/thumb/v6-m/nofp\libgcc.a(bpabi.o)
 .ARM.attributes
                0x000003c8       0x1e C:/Users/sansar/Software/Compiler/arm-gnu-toolchain-13.2.Rel1-mingw-w64-i686-arm-none-eabi/bin/../lib/gcc/arm-none-eabi/13.2.1/thumb/v6-m/nofp\libgcc.a(_clzdi2.o)
 .ARM.attributes
                0x000003e6       0x2c C:/Users/sansar/Software/Compiler/arm-gnu-toolchain-13.2.Rel1-mingw-w64-i686-arm-none-eabi/bin/../lib/gcc/arm-none-eabi/13.2.1/thumb/v6-m/nofp\libgcc.a(_divdi3.o)
 .ARM.attributes
                0x00000412       0x1e C:/Users/sansar/Software/Compiler/arm-gnu-toolchain-13.2.Rel1-mingw-w64-i686-arm-none-eabi/bin/../lib/gcc/arm-none-eabi/13.2.1/thumb/v6-m/nofp\libgcc.a(_clzsi2.o)
 .ARM.attributes
                0x00000430       0x2c C:/Users/sansar/Software/Compiler/arm-gnu-toolchain-13.2.Rel1-mingw-w64-i686-arm-none-eabi/bin/../lib/gcc/arm-none-eabi/13.2.1/thumb/v6-m/nofp\libc_nano.a(libc_a-exit.o)
 .ARM.attributes
                0x0000045c       0x2c C:/Users/sansar/Software/Compiler/arm-gnu-toolchain-13.2.Rel1-mingw-w64-i686-arm-none-eabi/bin/../lib/gcc/arm-none-eabi/13.2.1/thumb/v6-m/nofp\libc_nano.a(libc_a-malloc.o)
 .ARM.attributes
                0x00000488       0x2c C:/Users/sansar/Software/Compiler/arm-gnu-toolchain-13.2.Rel1-mingw-w64-i686-arm-none-eabi/bin/../lib/gcc/arm-none-eabi/13.2.1/thumb/v6-m/nofp\libc_nano.a(libc_a-mallocr.o)
 .ARM.attributes
                0x000004b4       0x2c C:/Users/sansar/Software/Compiler/arm-gnu-toolchain-13.2.Rel1-mingw-w64-i686-arm-none-eabi/bin/../lib/gcc/arm-none-eabi/13.2.1/thumb/v6-m/nofp\libc_nano.a(libc_a-mlock.o)
 .ARM.attributes
                0x000004e0       0x2c C:/Users/sansar/Software/Compiler/arm-gnu-toolchain-13.2.Rel1-mingw-w64-i686-arm-none-eabi/bin/../lib/gcc/arm-none-eabi/13.2.1/thumb/v6-m/nofp\libc_nano.a(libc_a-findfp.o)
 .ARM.attributes
                0x0000050c       0x2c C:/Users/sansar/Software/Compiler/arm-gnu-toolchain-13.2.Rel1-mingw-w64-i686-arm-none-eabi/bin/../lib/gcc/arm-none-eabi/13.2.1/thumb/v6-m/nofp\libc_nano.a(libc_a-fwalk.o)
 .ARM.attributes
                0x00000538       0x2c C:/Users/sansar/Software/Compiler/arm-gnu-toolchain-13.2.Rel1-mingw-w64-i686-arm-none-eabi/bin/../lib/gcc/arm-none-eabi/13.2.1/thumb/v6-m/nofp\libc_nano.a(libc_a-stdio.o)
 .ARM.attributes
                0x00000564       0x2c C:/Users/sansar/Software/Compiler/arm-gnu-toolchain-13.2.Rel1-mingw-w64-i686-arm-none-eabi/bin/../lib/gcc/arm-none-eabi/13.2.1/thumb/v6-m/nofp\libc_nano.a(libc_a-memset.o)
 .ARM.attributes
                0x00000590       0x2c C:/Users/sansar/Software/Compiler/arm-gnu-toolchain-13.2.Rel1-mingw-w64-i686-arm-none-eabi/bin/../lib/gcc/arm-none-eabi/13.2.1/thumb/v6-m/nofp\libc_nano.a(libc_a-closer.o)
 .ARM.attributes
                0x000005bc       0x2c C:/Users/sansar/Software/Compiler/arm-gnu-toolchain-13.2.Rel1-mingw-w64-i686-arm-none-eabi/bin/../lib/gcc/arm-none-eabi/13.2.1/thumb/v6-m/nofp\libc_nano.a(libc_a-reent.o)
 .ARM.attributes
                0x000005e8       0x2c C:/Users/sansar/Software/Compiler/arm-gnu-toolchain-13.2.Rel1-mingw-w64-i686-arm-none-eabi/bin/../lib/gcc/arm-none-eabi/13.2.1/thumb/v6-m/nofp\libc_nano.a(libc_a-impure.o)
 .ARM.attributes
                0x00000614       0x2c C:/Users/sansar/Software/Compiler/arm-gnu-toolchain-13.2.Rel1-mingw-w64-i686-arm-none-eabi/bin/../lib/gcc/arm-none-eabi/13.2.1/thumb/v6-m/nofp\libc_nano.a(libc_a-lseekr.o)
 .ARM.attributes
                0x00000640       0x2c C:/Users/sansar/Software/Compiler/arm-gnu-toolchain-13.2.Rel1-mingw-w64-i686-arm-none-eabi/bin/../lib/gcc/arm-none-eabi/13.2.1/thumb/v6-m/nofp\libc_nano.a(libc_a-readr.o)
 .ARM.attributes
                0x0000066c       0x2c C:/Users/sansar/Software/Compiler/arm-gnu-toolchain-13.2.Rel1-mingw-w64-i686-arm-none-eabi/bin/../lib/gcc/arm-none-eabi/13.2.1/thumb/v6-m/nofp\libc_nano.a(libc_a-sbrkr.o)
 .ARM.attributes
                0x00000698       0x2c C:/Users/sansar/Software/Compiler/arm-gnu-toolchain-13.2.Rel1-mingw-w64-i686-arm-none-eabi/bin/../lib/gcc/arm-none-eabi/13.2.1/thumb/v6-m/nofp\libc_nano.a(libc_a-writer.o)
 .ARM.attributes
                0x000006c4       0x2c C:/Users/sansar/Software/Compiler/arm-gnu-toolchain-13.2.Rel1-mingw-w64-i686-arm-none-eabi/bin/../lib/gcc/arm-none-eabi/13.2.1/thumb/v6-m/nofp\libc_nano.a(libc_a-init.o)
 .ARM.attributes
                0x000006f0       0x2c C:/Users/sansar/Software/Compiler/arm-gnu-toolchain-13.2.Rel1-mingw-w64-i686-arm-none-eabi/bin/../lib/gcc/arm-none-eabi/13.2.1/thumb/v6-m/nofp\libc_nano.a(libc_a-lock.o)
 .ARM.attributes
                0x0000071c       0x2c C:/Users/sansar/Software/Compiler/arm-gnu-toolchain-13.2.Rel1-mingw-w64-i686-arm-none-eabi/bin/../lib/gcc/arm-none-eabi/13.2.1/thumb/v6-m/nofp\libc_nano.a(libc_a-freer.o)
 .ARM.attributes
                0x00000748       0x2c C:/Users/sansar/Software/Compiler/arm-gnu-toolchain-13.2.Rel1-mingw-w64-i686-arm-none-eabi/bin/../lib/gcc/arm-none-eabi/13.2.1/thumb/v6-m/nofp\libc_nano.a(libc_a-fflush.o)
 .ARM.attributes
                0x00000774       0x2c C:/Users/sansar/Software/Compiler/arm-gnu-toolchain-13.2.Rel1-mingw-w64-i686-arm-none-eabi/bin/../lib/gcc/arm-none-eabi/13.2.1/thumb/v6-m/nofp\libnosys.a(close.o)
 .ARM.attributes
                0x000007a0       0x2c C:/Users/sansar/Software/Compiler/arm-gnu-toolchain-13.2.Rel1-mingw-w64-i686-arm-none-eabi/bin/../lib/gcc/arm-none-eabi/13.2.1/thumb/v6-m/nofp\libnosys.a(lseek.o)
 .ARM.attributes
                0x000007cc       0x2c C:/Users/sansar/Software/Compiler/arm-gnu-toolchain-13.2.Rel1-mingw-w64-i686-arm-none-eabi/bin/../lib/gcc/arm-none-eabi/13.2.1/thumb/v6-m/nofp\libnosys.a(read.o)
 .ARM.attributes
                0x000007f8       0x2c C:/Users/sansar/Software/Compiler/arm-gnu-toolchain-13.2.Rel1-mingw-w64-i686-arm-none-eabi/bin/../lib/gcc/arm-none-eabi/13.2.1/thumb/v6-m/nofp\libnosys.a(sbrk.o)
 .ARM.attributes
                0x00000824       0x2c C:/Users/sansar/Software/Compiler/arm-gnu-toolchain-13.2.Rel1-mingw-w64-i686-arm-none-eabi/bin/../lib/gcc/arm-none-eabi/13.2.1/thumb/v6-m/nofp\libnosys.a(write.o)
 .ARM.attributes
                0x00000850       0x2c C:/Users/sansar/Software/Compiler/arm-gnu-toolchain-13.2.Rel1-mingw-w64-i686-arm-none-eabi/bin/../lib/gcc/arm-none-eabi/13.2.1/thumb/v6-m/nofp\libnosys.a(_exit.o)
 .ARM.attributes
                0x0000087c       0x2c C:/Users/sansar/Software/Compiler/arm-gnu-toolchain-13.2.Rel1-mingw-w64-i686-arm-none-eabi/bin/../lib/gcc/arm-none-eabi/13.2.1/thumb/v6-m/nofp/crtend.o
 .ARM.attributes
                0x000008a8       0x1e C:/Users/sansar/Software/Compiler/arm-gnu-toolchain-13.2.Rel1-mingw-w64-i686-arm-none-eabi/bin/../lib/gcc/arm-none-eabi/13.2.1/thumb/v6-m/nofp/crtn.o
                0x00000001                        ASSERT ((__StackLimit >= __HeapLimit), region m_data overflowed with stack and heap)
OUTPUT(build/16_bit_timer.elf elf32-littlearm)
LOAD linker stubs

.debug_line_str
                0x00000000      0x1a7
 .debug_line_str
                0x00000000      0x1a7 C:/Users/sansar/Software/Compiler/arm-gnu-toolchain-13.2.Rel1-mingw-w64-i686-arm-none-eabi/bin/../lib/gcc/arm-none-eabi/13.2.1/thumb/v6-m/nofp/crt0.o
                                 0xd2 (size before relaxing)
 .debug_line_str
                0x000001a7       0xc9 C:/Users/sansar/Software/Compiler/arm-gnu-toolchain-13.2.Rel1-mingw-w64-i686-arm-none-eabi/bin/../lib/gcc/arm-none-eabi/13.2.1/thumb/v6-m/nofp\libgcc.a(_thumb1_case_uqi.o)
 .debug_line_str
                0x000001a7       0xc9 C:/Users/sansar/Software/Compiler/arm-gnu-toolchain-13.2.Rel1-mingw-w64-i686-arm-none-eabi/bin/../lib/gcc/arm-none-eabi/13.2.1/thumb/v6-m/nofp\libgcc.a(_udivsi3.o)
 .debug_line_str
                0x000001a7       0xc9 C:/Users/sansar/Software/Compiler/arm-gnu-toolchain-13.2.Rel1-mingw-w64-i686-arm-none-eabi/bin/../lib/gcc/arm-none-eabi/13.2.1/thumb/v6-m/nofp\libgcc.a(_divsi3.o)
 .debug_line_str
                0x000001a7       0xc9 C:/Users/sansar/Software/Compiler/arm-gnu-toolchain-13.2.Rel1-mingw-w64-i686-arm-none-eabi/bin/../lib/gcc/arm-none-eabi/13.2.1/thumb/v6-m/nofp\libgcc.a(_dvmd_tls.o)
 .debug_line_str
                0x000001a7       0xc9 C:/Users/sansar/Software/Compiler/arm-gnu-toolchain-13.2.Rel1-mingw-w64-i686-arm-none-eabi/bin/../lib/gcc/arm-none-eabi/13.2.1/thumb/v6-m/nofp\libgcc.a(_aeabi_ldivmod.o)
 .debug_line_str
                0x000001a7       0xc9 C:/Users/sansar/Software/Compiler/arm-gnu-toolchain-13.2.Rel1-mingw-w64-i686-arm-none-eabi/bin/../lib/gcc/arm-none-eabi/13.2.1/thumb/v6-m/nofp\libgcc.a(_aeabi_uldivmod.o)
 .debug_line_str
                0x000001a7       0xc9 C:/Users/sansar/Software/Compiler/arm-gnu-toolchain-13.2.Rel1-mingw-w64-i686-arm-none-eabi/bin/../lib/gcc/arm-none-eabi/13.2.1/thumb/v6-m/nofp\libgcc.a(_clzdi2.o)
 .debug_line_str
                0x000001a7       0xc9 C:/Users/sansar/Software/Compiler/arm-gnu-toolchain-13.2.Rel1-mingw-w64-i686-arm-none-eabi/bin/../lib/gcc/arm-none-eabi/13.2.1/thumb/v6-m/nofp\libgcc.a(_clzsi2.o)

.comment        0x00000000       0x44
 .comment       0x00000000       0x44 build/exp3.o
                                 0x45 (size before relaxing)
 .comment       0x00000044       0x45 build/pin_mux.o
 .comment       0x00000044       0x45 build/system_LPC824.o
 .comment       0x00000044       0x45 build/fsl_common.o
 .comment       0x00000044       0x45 build/fsl_common_arm.o
 .comment       0x00000044       0x45 build/fsl_gpio.o
 .comment       0x00000044       0x45 build/fsl_power.o
 .comment       0x00000044       0x45 build/fsl_clock.o
 .comment       0x00000044       0x45 build/fsl_reset.o
 .comment       0x00000044       0x45 build/fsl_swm.o
 .comment       0x00000044       0x45 build/fsl_sctimer.o
 .comment       0x00000044       0x45 build/fsl_mrt.o

.debug_frame    0x00000000      0x770
 .debug_frame   0x00000000       0x20 C:/Users/sansar/Software/Compiler/arm-gnu-toolchain-13.2.Rel1-mingw-w64-i686-arm-none-eabi/bin/../lib/gcc/arm-none-eabi/13.2.1/thumb/v6-m/nofp\libgcc.a(_udivsi3.o)
 .debug_frame   0x00000020       0x20 C:/Users/sansar/Software/Compiler/arm-gnu-toolchain-13.2.Rel1-mingw-w64-i686-arm-none-eabi/bin/../lib/gcc/arm-none-eabi/13.2.1/thumb/v6-m/nofp\libgcc.a(_divsi3.o)
 .debug_frame   0x00000040       0x34 C:/Users/sansar/Software/Compiler/arm-gnu-toolchain-13.2.Rel1-mingw-w64-i686-arm-none-eabi/bin/../lib/gcc/arm-none-eabi/13.2.1/thumb/v6-m/nofp\libgcc.a(_muldi3.o)
 .debug_frame   0x00000074       0x3c C:/Users/sansar/Software/Compiler/arm-gnu-toolchain-13.2.Rel1-mingw-w64-i686-arm-none-eabi/bin/../lib/gcc/arm-none-eabi/13.2.1/thumb/v6-m/nofp\libgcc.a(_udivmoddi4.o)
 .debug_frame   0x000000b0       0x38 C:/Users/sansar/Software/Compiler/arm-gnu-toolchain-13.2.Rel1-mingw-w64-i686-arm-none-eabi/bin/../lib/gcc/arm-none-eabi/13.2.1/thumb/v6-m/nofp\libgcc.a(bpabi.o)
 .debug_frame   0x000000e8       0x3c C:/Users/sansar/Software/Compiler/arm-gnu-toolchain-13.2.Rel1-mingw-w64-i686-arm-none-eabi/bin/../lib/gcc/arm-none-eabi/13.2.1/thumb/v6-m/nofp\libgcc.a(_divdi3.o)
 .debug_frame   0x00000124       0x28 C:/Users/sansar/Software/Compiler/arm-gnu-toolchain-13.2.Rel1-mingw-w64-i686-arm-none-eabi/bin/../lib/gcc/arm-none-eabi/13.2.1/thumb/v6-m/nofp\libc_nano.a(libc_a-exit.o)
 .debug_frame   0x0000014c       0x40 C:/Users/sansar/Software/Compiler/arm-gnu-toolchain-13.2.Rel1-mingw-w64-i686-arm-none-eabi/bin/../lib/gcc/arm-none-eabi/13.2.1/thumb/v6-m/nofp\libc_nano.a(libc_a-malloc.o)
 .debug_frame   0x0000018c       0x50 C:/Users/sansar/Software/Compiler/arm-gnu-toolchain-13.2.Rel1-mingw-w64-i686-arm-none-eabi/bin/../lib/gcc/arm-none-eabi/13.2.1/thumb/v6-m/nofp\libc_nano.a(libc_a-mallocr.o)
 .debug_frame   0x000001dc       0x40 C:/Users/sansar/Software/Compiler/arm-gnu-toolchain-13.2.Rel1-mingw-w64-i686-arm-none-eabi/bin/../lib/gcc/arm-none-eabi/13.2.1/thumb/v6-m/nofp\libc_nano.a(libc_a-mlock.o)
 .debug_frame   0x0000021c      0x138 C:/Users/sansar/Software/Compiler/arm-gnu-toolchain-13.2.Rel1-mingw-w64-i686-arm-none-eabi/bin/../lib/gcc/arm-none-eabi/13.2.1/thumb/v6-m/nofp\libc_nano.a(libc_a-findfp.o)
 .debug_frame   0x00000354       0x34 C:/Users/sansar/Software/Compiler/arm-gnu-toolchain-13.2.Rel1-mingw-w64-i686-arm-none-eabi/bin/../lib/gcc/arm-none-eabi/13.2.1/thumb/v6-m/nofp\libc_nano.a(libc_a-fwalk.o)
 .debug_frame   0x00000388       0x90 C:/Users/sansar/Software/Compiler/arm-gnu-toolchain-13.2.Rel1-mingw-w64-i686-arm-none-eabi/bin/../lib/gcc/arm-none-eabi/13.2.1/thumb/v6-m/nofp\libc_nano.a(libc_a-stdio.o)
 .debug_frame   0x00000418       0x20 C:/Users/sansar/Software/Compiler/arm-gnu-toolchain-13.2.Rel1-mingw-w64-i686-arm-none-eabi/bin/../lib/gcc/arm-none-eabi/13.2.1/thumb/v6-m/nofp\libc_nano.a(libc_a-memset.o)
 .debug_frame   0x00000438       0x2c C:/Users/sansar/Software/Compiler/arm-gnu-toolchain-13.2.Rel1-mingw-w64-i686-arm-none-eabi/bin/../lib/gcc/arm-none-eabi/13.2.1/thumb/v6-m/nofp\libc_nano.a(libc_a-closer.o)
 .debug_frame   0x00000464       0x2c C:/Users/sansar/Software/Compiler/arm-gnu-toolchain-13.2.Rel1-mingw-w64-i686-arm-none-eabi/bin/../lib/gcc/arm-none-eabi/13.2.1/thumb/v6-m/nofp\libc_nano.a(libc_a-reent.o)