Archive member included to satisfy reference by file (symbol)

C:/Users/sansar/Software/Compiler/arm-gnu-toolchain-13.2.Rel1-mingw-w64-i686-arm-none-eabi/bin/../lib/gcc/arm-none-eabi/13.2.1/thumb/v6-m/nofp\libgcc.a(_thumb1_case_uqi.o)
                              build/fsl_clock.o (__gnu_thumb1_case_uqi)
C:/Users/sansar/Software/Compiler/arm-gnu-toolchain-13.2.Rel1-mingw-w64-i686-arm-none-eabi/bin/../lib/gcc/arm-none-eabi/13.2.1/thumb/v6-m/nofp\libgcc.a(_udivsi3.o)
                              build/system_LPC824.o (__aeabi_uidiv)
C:/Users/sansar/Software/Compiler/arm-gnu-toolchain-13.2.Rel1-mingw-w64-i686-arm-none-eabi/bin/../lib/gcc/arm-none-eabi/13.2.1/thumb/v6-m/nofp\libgcc.a(_divsi3.o)
                              build/system_LPC824.o (__aeabi_idiv)
C:/Users/sansar/Software/Compiler/arm-gnu-toolchain-13.2.Rel1-mingw-w64-i686-arm-none-eabi/bin/../lib/gcc/arm-none-eabi/13.2.1/thumb/v6-m/nofp\libgcc.a(_dvmd_tls.o)
                              C:/Users/sansar/Software/Compiler/arm-gnu-toolchain-13.2.Rel1-mingw-w64-i686-arm-none-eabi/bin/../lib/gcc/arm-none-eabi/13.2.1/thumb/v6-m/nofp\libgcc.a(_udivsi3.o) (__aeabi_idiv0)
C:/Users/sansar/Software/Compiler/arm-gnu-toolchain-13.2.Rel1-mingw-w64-i686-arm-none-eabi/bin/../lib/gcc/arm-none-eabi/13.2.1/thumb/v6-m/nofp\libgcc.a(_aeabi_ldivmod.o)
                              build/fsl_clock.o (__aeabi_ldivmod)
C:/Users/sansar/Software/Compiler/arm-gnu-toolchain-13.2.Rel1-mingw-w64-i686-arm-none-eabi/bin/../lib/gcc/arm-none-eabi/13.2.1/thumb/v6-m/nofp\libgcc.a(_aeabi_uldivmod.o)
                              build/fsl_common_arm.o (__aeabi_uldivmod)
C:/Users/sansar/Software/Compiler/arm-gnu-toolchain-13.2.Rel1-mingw-w64-i686-arm-none-eabi/bin/../lib/gcc/arm-none-eabi/13.2.1/thumb/v6-m/nofp\libgcc.a(_muldi3.o)
                              build/fsl_common_arm.o (__aeabi_lmul)
C:/Users/sansar/Software/Compiler/arm-gnu-toolchain-13.2.Rel1-mingw-w64-i686-arm-none-eabi/bin/../lib/gcc/arm-none-eabi/13.2.1/thumb/v6-m/nofp\libgcc.a(_udivmoddi4.o)
                              C:/Users/sansar/Software/Compiler/arm-gnu-toolchain-13.2.Rel1-mingw-w64-i686-arm-none-eabi/bin/../lib/gcc/arm-none-eabi/13.2.1/thumb/v6-m/nofp\libgcc.a(_aeabi_uldivmod.o) (__udivmoddi4)
C:/Users/sansar/Software/Compiler/arm-gnu-toolchain-13.2.Rel1-mingw-w64-i686-arm-none-eabi/bin/../lib/gcc/arm-none-eabi/13.2.1/thumb/v6-m/nofp\libgcc.a(bpabi.o)
                              C:/Users/sansar/Software/Compiler/arm-gnu-toolchain-13.2.Rel1-mingw-w64-i686-arm-none-eabi/bin/../lib/gcc/arm-none-eabi/13.2.1/thumb/v6-m/nofp\libgcc.a(_aeabi_ldivmod.o) (__gnu_ldivmod_helper)
C:/Users/sansar/Software/Compiler/arm-gnu-toolchain-13.2.Rel1-mingw-w64-i686-arm-none-eabi/bin/../lib/gcc/arm-none-eabi/13.2.1/thumb/v6-m/nofp\libgcc.a(_clzdi2.o)
                              C:/Users/sansar/Software/Compiler/arm-gnu-toolchain-13.2.Rel1-mingw-w64-i686-arm-none-eabi/bin/../lib/gcc/arm-none-eabi/13.2.1/thumb/v6-m/nofp\libgcc.a(_udivmoddi4.o) (__clzdi2)
C:/Users/sansar/Software/Compiler/arm-gnu-toolchain-13.2.Rel1-mingw-w64-i686-arm-none-eabi/bin/../lib/gcc/arm-none-eabi/13.2.1/thumb/v6-m/nofp\libgcc.a(_divdi3.o)
                              C:/Users/sansar/Software/Compiler/arm-gnu-toolchain-13.2.Rel1-mingw-w64-i686-arm-none-eabi/bin/../lib/gcc/arm-none-eabi/13.2.1/thumb/v6-m/nofp\libgcc.a(bpabi.o) (__divdi3)
C:/Users/sansar/Software/Compiler/arm-gnu-toolchain-13.2.Rel1-mingw-w64-i686-arm-none-eabi/bin/../lib/gcc/arm-none-eabi/13.2.1/thumb/v6-m/nofp\libgcc.a(_clzsi2.o)
                              C:/Users/sansar/Software/Compiler/arm-gnu-toolchain-13.2.Rel1-mingw-w64-i686-arm-none-eabi/bin/../lib/gcc/arm-none-eabi/13.2.1/thumb/v6-m/nofp\libgcc.a(_clzdi2.o) (__clzsi2)
C:/Users/sansar/Software/Compiler/arm-gnu-toolchain-13.2.Rel1-mingw-w64-i686-arm-none-eabi/bin/../lib/gcc/arm-none-eabi/13.2.1/thumb/v6-m/nofp\libc_nano.a(libc_a-exit.o)
                              C:/Users/sansar/Software/Compiler/arm-gnu-toolchain-13.2.Rel1-mingw-w64-i686-arm-none-eabi/bin/../lib/gcc/arm-none-eabi/13.2.1/thumb/v6-m/nofp/crt0.o (exit)
C:/Users/sansar/Software/Compiler/arm-gnu-toolchain-13.2.Rel1-mingw-w64-i686-arm-none-eabi/bin/../lib/gcc/arm-none-eabi/13.2.1/thumb/v6-m/nofp\libc_nano.a(libc_a-malloc.o)
                              build/fsl_common.o (malloc)
C:/Users/sansar/Software/Compiler/arm-gnu-toolchain-13.2.Rel1-mingw-w64-i686-arm-none-eabi/bin/../lib/gcc/arm-none-eabi/13.2.1/thumb/v6-m/nofp\libc_nano.a(libc_a-mallocr.o)
                              C:/Users/sansar/Software/Compiler/arm-gnu-toolchain-13.2.Rel1-mingw-w64-i686-arm-none-eabi/bin/../lib/gcc/arm-none-eabi/13.2.1/thumb/v6-m/nofp\libc_nano.a(libc_a-malloc.o) (_malloc_r)
C:/Users/sansar/Software/Compiler/arm-gnu-toolchain-13.2.Rel1-mingw-w64-i686-arm-none-eabi/bin/../lib/gcc/arm-none-eabi/13.2.1/thumb/v6-m/nofp\libc_nano.a(libc_a-mlock.o)
[...]
Memory Configuration

Name             Origin             Length             Attributes
m_interrupts     0x00000000         0x00000200         xr
m_crp            0x000002fc         0x00000004         xr
m_text           0x00000300         0x00007d00         xr
m_data           0x10000000         0x00001fe0         rw
*default*        0x00000000         0xffffffff

Linker script and memory map

LOAD C:/Users/sansar/Software/Compiler/arm-gnu-toolchain-13.2.Rel1-mingw-w64-i686-arm-none-eabi/bin/../lib/gcc/arm-none-eabi/13.2.1/thumb/v6-m/nofp/crti.o
LOAD C:/Users/sansar/Software/Compiler/arm-gnu-toolchain-13.2.Rel1-mingw-w64-i686-arm-none-eabi/bin/../lib/gcc/arm-none-eabi/13.2.1/thumb/v6-m/nofp/crtbegin.o
LOAD C:/Users/sansar/Software/Compiler/arm-gnu-toolchain-13.2.Rel1-mingw-w64-i686-arm-none-eabi/bin/../lib/gcc/arm-none-eabi/13.2.1/thumb/v6-m/nofp/crt0.o
LOAD build/exp3.o
LOAD build/system_LPC824.o
LOAD build/fsl_common.o
LOAD build/fsl_common_arm.o
LOAD build/fsl_gpio.o
LOAD build/fsl_power.o
LOAD build/fsl_clock.o
LOAD build/fsl_reset.o
LOAD build/fsl_swm.o
LOAD build/fsl_sctimer.o
LOAD build/fsl_mrt.o
LOAD build/startup_LPC824.o
START GROUP
LOAD C:/Users/sansar/Software/Compiler/arm-gnu-toolchain-13.2.Rel1-mingw-w64-i686-arm-none-eabi/bin/../lib/gcc/arm-none-eabi/13.2.1/thumb/v6-m/nofp\libgcc.a
LOAD C:/Users/sansar/Software/Compiler/arm-gnu-toolchain-13.2.Rel1-mingw-w64-i686-arm-none-eabi/bin/../lib/gcc/arm-none-eabi/13.2.1/thumb/v6-m/nofp\libc_nano.a
END GROUP
START GROUP
LOAD C:/Users/sansar/Software/Compiler/arm-gnu-toolchain-13.2.Rel1-mingw-w64-i686-arm-none-eabi/bin/../lib/gcc/arm-none-eabi/13.2.1/thumb/v6-m/nofp\libgcc.a
LOAD C:/Users/sansar/Software/Compiler/arm-gnu-toolchain-13.2.Rel1-mingw-w64-i686-arm-none-eabi/bin/../lib/gcc/arm-none-eabi/13.2.1/thumb/v6-m/nofp\libc_nano.a
LOAD C:/Users/sansar/Software/Compiler/arm-gnu-toolchain-13.2.Rel1-mingw-w64-i686-arm-none-eabi/bin/../lib/gcc/arm-none-eabi/13.2.1/thumb/v6-m/nofp\libnosys.a
END GROUP
START GROUP
LOAD C:/Users/sansar/Software/Compiler/arm-gnu-toolchain-13.2.Rel1-mingw-w64-i686-arm-none-eabi/bin/../lib/gcc/arm-none-eabi/13.2.1/thumb/v6-m/nofp\libgcc.a
LOAD C:/Users/sansar/Software/Compiler/arm-gnu-toolchain-13.2.Rel1-mingw-w64-i686-arm-none-eabi/bin/../lib/gcc/arm-none-eabi/13.2.1/thumb/v6-m/nofp\libc_nano.a
LOAD C:/Users/sansar/Software/Compiler/arm-gnu-toolchain-13.2.Rel1-mingw-w64-i686-arm-none-eabi/bin/../lib/gcc/arm-none-eabi/13.2.1/thumb/v6-m/nofp\libnosys.a
END GROUP
LOAD C:/Users/sansar/Software/Compiler/arm-gnu-toolchain-13.2.Rel1-mingw-w64-i686-arm-none-eabi/bin/../lib/gcc/arm-none-eabi/13.2.1/thumb/v6-m/nofp/crtend.o
LOAD C:/Users/sansar/Software/Compiler/arm-gnu-toolchain-13.2.Rel1-mingw-w64-i686-arm-none-eabi/bin/../lib/gcc/arm-none-eabi/13.2.1/thumb/v6-m/nofp/crtn.o
                0x00000400                        HEAP_SIZE = DEFINED (__heap_size__)?__heap_size__:0x400
                0x00000800                        STACK_SIZE = DEFINED (__stack_size__)?__stack_size__:0x800

.interrupts     0x00000000       0xc0
                0x00000000                        . = ALIGN (0x4)
 *(.isr_vector)
 .isr_vector    0x00000000       0xc0 build/startup_LPC824.o
                0x00000000                __Vectors
                0x000000c0                        . = ALIGN (0x4)

.crp            0x000002fc        0x4
                0x000002fc                        . = ALIGN (0x4)
 *(.crp)
 .crp           0x000002fc        0x4 build/startup_LPC824.o
                0x00000300                        . = ALIGN (0x4)

.text           0x00000300     0x232c
                0x00000300                        . = ALIGN (0x4)
 *(.text)
 .text          0x00000300        0x0 C:/Users/sansar/Software/Compiler/arm-gnu-toolchain-13.2.Rel1-mingw-w64-i686-arm-none-eabi/bin/../lib/gcc/arm-none-eabi/13.2.1/thumb/v6-m/nofp/crti.o
 .text          0x00000300        0x0 C:/Users/sansar/Software/Compiler/arm-gnu-toolchain-13.2.Rel1-mingw-w64-i686-arm-none-eabi/bin/../lib/gcc/arm-none-eabi/13.2.1/thumb/v6-m/nofp/crtbegin.o
 .text          0x00000300       0x80 C:/Users/sansar/Software/Compiler/arm-gnu-toolchain-13.2.Rel1-mingw-w64-i686-arm-none-eabi/bin/../lib/gcc/arm-none-eabi/13.2.1/thumb/v6-m/nofp/crt0.o
                0x00000300                _stack_init
                0x0000030c                _start
                0x0000030c                _mainCRTStartup
 .text          0x00000380        0x0 build/exp3.o
 .text          0x00000380        0x0 build/system_LPC824.o
 .text          0x00000380        0x0 build/fsl_common.o
 .text          0x00000380        0x0 build/fsl_common_arm.o
 .text          0x00000380        0x0 build/fsl_gpio.o
 .text          0x00000380        0x0 build/fsl_power.o
 .text          0x00000380        0x0 build/fsl_clock.o
 .text          0x00000380        0x0 build/fsl_reset.o
 .text          0x00000380        0x0 build/fsl_swm.o
 .text          0x00000380        0x0 build/fsl_sctimer.o
 .text          0x00000380        0x0 build/fsl_mrt.o
 .text          0x00000380      0x164 build/startup_LPC824.o
                0x00000380                Reset_Handler
                0x000003b4                USART1_DriverIRQHandler
                0x000003b4                I2C1_DriverIRQHandler
                0x000003b4                Reserved39_DriverIRQHandler
                0x000003b4                CMP_DriverIRQHandler
                0x000003b4                ADC0_OVR_DriverIRQHandler
                0x000003b4                I2C0_DriverIRQHandler
                0x000003b4                DMA0_DriverIRQHandler
                0x000003b4                ADC0_SEQA_DriverIRQHandler
                0x000003b4                SPI1_DriverIRQHandler
                0x000003b4                PIN_INT1_DriverIRQHandler
                0x000003b4                WDT_DriverIRQHandler
                0x000003b4                Reserved18_DriverIRQHandler
                0x000003b4                SPI0_DriverIRQHandler
                0x000003b4                PIN_INT6_DriverIRQHandler
                0x000003b4                USART2_DriverIRQHandler
                0x000003b4                I2C3_DriverIRQHandler
                0x000003b4                ADC0_SEQB_DriverIRQHandler
                0x000003b4                USART0_DriverIRQHandler
                0x000003b4                PIN_INT3_DriverIRQHandler
                0x000003b4                PIN_INT2_DriverIRQHandler
                0x000003b4                FLASH_DriverIRQHandler
                0x000003b4                I2C2_DriverIRQHandler
                0x000003b4                PIN_INT0_DriverIRQHandler
                0x000003b4                Reserved22_DriverIRQHandler
                0x000003b4                PIN_INT7_DriverIRQHandler
                0x000003b4                DefaultISR
                0x000003b4                ADC0_THCMP_DriverIRQHandler
                0x000003b4                BOD_DriverIRQHandler
                0x000003b4                PIN_INT5_DriverIRQHandler
                0x000003b4                WKT_DriverIRQHandler
                0x000003b4                MRT0_DriverIRQHandler
                0x000003b4                PIN_INT4_DriverIRQHandler
                0x000003b8                NMI_Handler
                0x000003bc                HardFault_Handler
                0x000003c0                SVC_Handler
                0x000003c4                PendSV_Handler
                0x000003c8                SysTick_Handler
                0x000003cc                SPI0_IRQHandler
                0x000003d0                SPI1_IRQHandler
                0x000003d4                Reserved18_IRQHandler
                0x000003d8                USART0_IRQHandler
                0x000003dc                USART1_IRQHandler
                0x000003e0                USART2_IRQHandler
                0x000003e4                Reserved22_IRQHandler
                0x000003e8                I2C1_IRQHandler
                0x000003ec                I2C0_IRQHandler
                0x000003f0                SCT0_IRQHandler
                0x000003f8                CMP_IRQHandler
                0x000003fc                WDT_IRQHandler
                0x00000400                BOD_IRQHandler
                0x00000404                FLASH_IRQHandler
                0x00000408                WKT_IRQHandler
                0x0000040c                ADC0_SEQA_IRQHandler
                0x00000410                ADC0_SEQB_IRQHandler
                0x00000414                ADC0_THCMP_IRQHandler
                0x00000418                ADC0_OVR_IRQHandler
                0x0000041c                DMA0_IRQHandler
                0x00000420                I2C2_IRQHandler
                0x00000424                I2C3_IRQHandler
                0x00000428                Reserved39_IRQHandler
                0x0000042c                PIN_INT0_IRQHandler
                0x00000430                PIN_INT1_IRQHandler
                0x00000434                PIN_INT2_IRQHandler
                0x00000438                PIN_INT3_IRQHandler
                0x0000043c                PIN_INT4_IRQHandler
                0x00000440                PIN_INT5_IRQHandler
                0x00000444                PIN_INT6_IRQHandler
                0x00000448                PIN_INT7_IRQHandler
 .text          0x000004e4       0x14 C:/Users/sansar/Software/Compiler/arm-gnu-toolchain-13.2.Rel1-mingw-w64-i686-arm-none-eabi/bin/../lib/gcc/arm-none-eabi/13.2.1/thumb/v6-m/nofp\libgcc.a(_thumb1_case_uqi.o)
                0x000004e4                __gnu_thumb1_case_uqi
 .text          0x000004f8      0x114 C:/Users/sansar/Software/Compiler/arm-gnu-toolchain-13.2.Rel1-mingw-w64-i686-arm-none-eabi/bin/../lib/gcc/arm-none-eabi/13.2.1/thumb/v6-m/nofp\libgcc.a(_udivsi3.o)
                0x000004f8                __aeabi_uidiv
                0x000004f8                __udivsi3
                0x00000604                __aeabi_uidivmod
 .text          0x0000060c      0x1d4 C:/Users/sansar/Software/Compiler/arm-gnu-toolchain-13.2.Rel1-mingw-w64-i686-arm-none-eabi/bin/../lib/gcc/arm-none-eabi/13.2.1/thumb/v6-m/nofp\libgcc.a(_divsi3.o)
                0x0000060c                __divsi3
                0x0000060c                __aeabi_idiv
                0x000007d8                __aeabi_idivmod
 .text          0x000007e0        0x4 C:/Users/sansar/Software/Compiler/arm-gnu-toolchain-13.2.Rel1-mingw-w64-i686-arm-none-eabi/bin/../lib/gcc/arm-none-eabi/13.2.1/thumb/v6-m/nofp\libgcc.a(_dvmd_tls.o)
                0x000007e0                __aeabi_idiv0
                0x000007e0                __aeabi_ldiv0
 .text          0x000007e4       0x48 C:/Users/sansar/Software/Compiler/arm-gnu-toolchain-13.2.Rel1-mingw-w64-i686-arm-none-eabi/bin/../lib/gcc/arm-none-eabi/13.2.1/thumb/v6-m/nofp\libgcc.a(_aeabi_ldivmod.o)
                0x000007e4                __aeabi_ldivmod
 .text          0x0000082c       0x40 C:/Users/sansar/Software/Compiler/arm-gnu-toolchain-13.2.Rel1-mingw-w64-i686-arm-none-eabi/bin/../lib/gcc/arm-none-eabi/13.2.1/thumb/v6-m/nofp\libgcc.a(_aeabi_uldivmod.o)
                0x0000082c                __aeabi_uldivmod
 .text          0x0000086c        0x0 C:/Users/sansar/Software/Compiler/arm-gnu-toolchain-13.2.Rel1-mingw-w64-i686-arm-none-eabi/bin/../lib/gcc/arm-none-eabi/13.2.1/thumb/v6-m/nofp\libgcc.a(_muldi3.o)
 .text          0x0000086c        0x0 C:/Users/sansar/Software/Compiler/arm-gnu-toolchain-13.2.Rel1-mingw-w64-i686-arm-none-eabi/bin/../lib/gcc/arm-none-eabi/13.2.1/thumb/v6-m/nofp\libgcc.a(_udivmoddi4.o)
 .text          0x0000086c        0x0 C:/Users/sansar/Software/Compiler/arm-gnu-toolchain-13.2.Rel1-mingw-w64-i686-arm-none-eabi/bin/../lib/gcc/arm-none-eabi/13.2.1/thumb/v6-m/nofp\libgcc.a(bpabi.o)
 .text          0x0000086c       0x18 C:/Users/sansar/Software/Compiler/arm-gnu-toolchain-13.2.Rel1-mingw-w64-i686-arm-none-eabi/bin/../lib/gcc/arm-none-eabi/13.2.1/thumb/v6-m/nofp\libgcc.a(_clzdi2.o)
                0x0000086c                __clzdi2
 .text          0x00000884        0x0 C:/Users/sansar/Software/Compiler/arm-gnu-toolchain-13.2.Rel1-mingw-w64-i686-arm-none-eabi/bin/../lib/gcc/arm-none-eabi/13.2.1/thumb/v6-m/nofp\libgcc.a(_divdi3.o)
 .text          0x00000884       0x3c C:/Users/sansar/Software/Compiler/arm-gnu-toolchain-13.2.Rel1-mingw-w64-i686-arm-none-eabi/bin/../lib/gcc/arm-none-eabi/13.2.1/thumb/v6-m/nofp\libgcc.a(_clzsi2.o)
                0x00000884                __clzsi2
 .text          0x000008c0        0x0 C:/Users/sansar/Software/Compiler/arm-gnu-toolchain-13.2.Rel1-mingw-w64-i686-arm-none-eabi/bin/../lib/gcc/arm-none-eabi/13.2.1/thumb/v6-m/nofp\libc_nano.a(libc_a-exit.o)
 .text          0x000008c0        0x0 C:/Users/sansar/Software/Compiler/arm-gnu-toolchain-13.2.Rel1-mingw-w64-i686-arm-none-eabi/bin/../lib/gcc/arm-none-eabi/13.2.1/thumb/v6-m/nofp\libc_nano.a(libc_a-malloc.o)
 .text          0x000008c0        0x0 C:/Users/sansar/Software/Compiler/arm-gnu-toolchain-13.2.Rel1-mingw-w64-i686-arm-none-eabi/bin/../lib/gcc/arm-none-eabi/13.2.1/thumb/v6-m/nofp\libc_nano.a(libc_a-mallocr.o)
 .text          0x000008c0        0x0 C:/Users/sansar/Software/Compiler/arm-gnu-toolchain-13.2.Rel1-mingw-w64-i686-arm-none-eabi/bin/../lib/gcc/arm-none-eabi/13.2.1/thumb/v6-m/nofp\libc_nano.a(libc_a-mlock.o)
 .text          0x000008c0        0x0 C:/Users/sansar/Software/Compiler/arm-gnu-toolchain-13.2.Rel1-mingw-w64-i686-arm-none-eabi/bin/../lib/gcc/arm-none-eabi/13.2.1/thumb/v6-m/nofp\libc_nano.a(libc_a-findfp.o)
 .text          0x000008c0        0x0 C:/Users/sansar/Software/Compiler/arm-gnu-toolchain-13.2.Rel1-mingw-w64-i686-arm-none-eabi/bin/../lib/gcc/arm-none-eabi/13.2.1/thumb/v6-m/nofp\libc_nano.a(libc_a-fwalk.o)
 .text          0x000008c0        0x0 C:/Users/sansar/Software/Compiler/arm-gnu-toolchain-13.2.Rel1-mingw-w64-i686-arm-none-eabi/bin/../lib/gcc/arm-none-eabi/13.2.1/thumb/v6-m/nofp\libc_nano.a(libc_a-stdio.o)
 .text          0x000008c0        0x0 C:/Users/sansar/Software/Compiler/arm-gnu-toolchain-13.2.Rel1-mingw-w64-i686-arm-none-eabi/bin/../lib/gcc/arm-none-eabi/13.2.1/thumb/v6-m/nofp\libc_nano.a(libc_a-memset.o)
 .text          0x000008c0        0x0 C:/Users/sansar/Software/Compiler/arm-gnu-toolchain-13.2.Rel1-mingw-w64-i686-arm-none-eabi/bin/../lib/gcc/arm-none-eabi/13.2.1/thumb/v6-m/nofp\libc_nano.a(libc_a-closer.o)
 .text          0x000008c0        0x0 C:/Users/sansar/Software/Compiler/arm-gnu-toolchain-13.2.Rel1-mingw-w64-i686-arm-none-eabi/bin/../lib/gcc/arm-none-eabi/13.2.1/thumb/v6-m/nofp\libc_nano.a(libc_a-reent.o)
 .text          0x000008c0        0x0 C:/Users/sansar/Software/Compiler/arm-gnu-toolchain-13.2.Rel1-mingw-w64-i686-arm-none-eabi/bin/../lib/gcc/arm-none-eabi/13.2.1/thumb/v6-m/nofp\libc_nano.a(libc_a-impure.o)
 .text          0x000008c0        0x0 C:/Users/sansar/Software/Compiler/arm-gnu-toolchain-13.2.Rel1-mingw-w64-i686-arm-none-eabi/bin/../lib/gcc/arm-none-eabi/13.2.1/thumb/v6-m/nofp\libc_nano.a(libc_a-lseekr.o)
 .text          0x000008c0        0x0 C:/Users/sansar/Software/Compiler/arm-gnu-toolchain-13.2.Rel1-mingw-w64-i686-arm-none-eabi/bin/../lib/gcc/arm-none-eabi/13.2.1/thumb/v6-m/nofp\libc_nano.a(libc_a-readr.o)
 .text          0x000008c0        0x0 C:/Users/sansar/Software/Compiler/arm-gnu-toolchain-13.2.Rel1-mingw-w64-i686-arm-none-eabi/bin/../lib/gcc/arm-none-eabi/13.2.1/thumb/v6-m/nofp\libc_nano.a(libc_a-sbrkr.o)
 .text          0x000008c0        0x0 C:/Users/sansar/Software/Compiler/arm-gnu-toolchain-13.2.Rel1-mingw-w64-i686-arm-none-eabi/bin/../lib/gcc/arm-none-eabi/13.2.1/thumb/v6-m/nofp\libc_nano.a(libc_a-writer.o)
 .text          0x000008c0        0x0 C:/Users/sansar/Software/Compiler/arm-gnu-toolchain-13.2.Rel1-mingw-w64-i686-arm-none-eabi/bin/../lib/gcc/arm-none-eabi/13.2.1/thumb/v6-m/nofp\libc_nano.a(libc_a-init.o)
 .text          0x000008c0        0x0 C:/Users/sansar/Software/Compiler/arm-gnu-toolchain-13.2.Rel1-mingw-w64-i686-arm-none-eabi/bin/../lib/gcc/arm-none-eabi/13.2.1/thumb/v6-m/nofp\libc_nano.a(libc_a-lock.o)
 .text          0x000008c0        0x0 C:/Users/sansar/Software/Compiler/arm-gnu-toolchain-13.2.Rel1-mingw-w64-i686-arm-none-eabi/bin/../lib/gcc/arm-none-eabi/13.2.1/thumb/v6-m/nofp\libc_nano.a(libc_a-freer.o)
 .text          0x000008c0        0x0 C:/Users/sansar/Software/Compiler/arm-gnu-toolchain-13.2.Rel1-mingw-w64-i686-arm-none-eabi/bin/../lib/gcc/arm-none-eabi/13.2.1/thumb/v6-m/nofp\libc_nano.a(libc_a-fflush.o)
 .text          0x000008c0        0x0 C:/Users/sansar/Software/Compiler/arm-gnu-toolchain-13.2.Rel1-mingw-w64-i686-arm-none-eabi/bin/../lib/gcc/arm-none-eabi/13.2.1/thumb/v6-m/nofp\libnosys.a(close.o)
 .text          0x000008c0        0x0 C:/Users/sansar/Software/Compiler/arm-gnu-toolchain-13.2.Rel1-mingw-w64-i686-arm-none-eabi/bin/../lib/gcc/arm-none-eabi/13.2.1/thumb/v6-m/nofp\libnosys.a(lseek.o)
 .text          0x000008c0        0x0 C:/Users/sansar/Software/Compiler/arm-gnu-toolchain-13.2.Rel1-mingw-w64-i686-arm-none-eabi/bin/../lib/gcc/arm-none-eabi/13.2.1/thumb/v6-m/nofp\libnosys.a(read.o)
 .text          0x000008c0        0x0 C:/Users/sansar/Software/Compiler/arm-gnu-toolchain-13.2.Rel1-mingw-w64-i686-arm-none-eabi/bin/../lib/gcc/arm-none-eabi/13.2.1/thumb/v6-m/nofp\libnosys.a(sbrk.o)
 .text          0x000008c0        0x0 C:/Users/sansar/Software/Compiler/arm-gnu-toolchain-13.2.Rel1-mingw-w64-i686-arm-none-eabi/bin/../lib/gcc/arm-none-eabi/13.2.1/thumb/v6-m/nofp\libnosys.a(write.o)
 .text          0x000008c0        0x0 C:/Users/sansar/Software/Compiler/arm-gnu-toolchain-13.2.Rel1-mingw-w64-i686-arm-none-eabi/bin/../lib/gcc/arm-none-eabi/13.2.1/thumb/v6-m/nofp\libnosys.a(_exit.o)
 .text          0x000008c0        0x0 C:/Users/sansar/Software/Compiler/arm-gnu-toolchain-13.2.Rel1-mingw-w64-i686-arm-none-eabi/bin/../lib/gcc/arm-none-eabi/13.2.1/thumb/v6-m/nofp/crtend.o
 .text          0x000008c0        0x0 C:/Users/sansar/Software/Compiler/arm-gnu-toolchain-13.2.Rel1-mingw-w64-i686-arm-none-eabi/bin/../lib/gcc/arm-none-eabi/13.2.1/thumb/v6-m/nofp/crtn.o
 *(.text*)
 .text.deregister_tm_clones
                0x000008c0       0x20 C:/Users/sansar/Software/Compiler/arm-gnu-toolchain-13.2.Rel1-mingw-w64-i686-arm-none-eabi/bin/../lib/gcc/arm-none-eabi/13.2.1/thumb/v6-m/nofp/crtbegin.o
 .text.register_tm_clones
                0x000008e0       0x28 C:/Users/sansar/Software/Compiler/arm-gnu-toolchain-13.2.Rel1-mingw-w64-i686-arm-none-eabi/bin/../lib/gcc/arm-none-eabi/13.2.1/thumb/v6-m/nofp/crtbegin.o
 .text.__do_global_dtors_aux
                0x00000908       0x2c C:/Users/sansar/Software/Compiler/arm-gnu-toolchain-13.2.Rel1-mingw-w64-i686-arm-none-eabi/bin/../lib/gcc/arm-none-eabi/13.2.1/thumb/v6-m/nofp/crtbegin.o
 .text.frame_dummy
                0x00000934       0x24 C:/Users/sansar/Software/Compiler/arm-gnu-toolchain-13.2.Rel1-mingw-w64-i686-arm-none-eabi/bin/../lib/gcc/arm-none-eabi/13.2.1/thumb/v6-m/nofp/crtbegin.o
 .text.MRT0_IRQHandler
                0x00000958       0x74 build/exp3.o
                0x00000958                MRT0_IRQHandler
 .text.clock_init
                0x000009cc       0x58 build/exp3.o
                0x000009cc                clock_init
 .text.startup.main
                0x00000a24       0x84 build/exp3.o
                0x00000a24                main
 .text.SystemCoreClockUpdate
                0x00000aa8       0x94 build/system_LPC824.o
                0x00000aa8                SystemCoreClockUpdate
 .text.SystemInitHook
                0x00000b3c        0x2 build/system_LPC824.o
                0x00000b3c                SystemInitHook
 *fill*         0x00000b3e        0x2 
 .text.SystemInit
                0x00000b40       0x24 build/system_LPC824.o
                0x00000b40                SystemInit
 .text.SDK_Malloc
                0x00000b64       0x44 build/fsl_common.o
                0x00000b64                SDK_Malloc
 .text.SDK_Free
                0x00000ba8       0x1c build/fsl_common.o
                0x00000ba8                SDK_Free
 .text.SDK_DelayAtLeastUs
                0x00000bc4       0x28 build/fsl_common_arm.o
                0x00000bc4                SDK_DelayAtLeastUs
 .text.GPIO_PortInit
                0x00000bec       0x18 build/fsl_gpio.o
                0x00000bec                GPIO_PortInit
 .text.GPIO_PinInit
                0x00000c04       0x4c build/fsl_gpio.o
                0x00000c04                GPIO_PinInit
 .text.POWER_EnterSleep
                0x00000c50       0x2c build/fsl_power.o
                0x00000c50                POWER_EnterSleep
 .text.POWER_EnterDeepSleep
                0x00000c7c       0x48 build/fsl_power.o
                0x00000c7c                POWER_EnterDeepSleep
 .text.POWER_EnterPowerDown
                0x00000cc4       0x48 build/fsl_power.o
                0x00000cc4                POWER_EnterPowerDown
 .text.POWER_EnterDeepPowerDownMode
                0x00000d0c       0x34 build/fsl_power.o
                0x00000d0c                POWER_EnterDeepPowerDownMode
 .text.EnableDeepSleepIRQ
                0x00000d40       0x44 build/fsl_power.o
                0x00000d40                EnableDeepSleepIRQ
 .text.DisableDeepSleepIRQ
                0x00000d84       0x44 build/fsl_power.o
                0x00000d84                DisableDeepSleepIRQ
 .text.CLOCK_UpdateClkSrc
                0x00000dc8       0x14 build/fsl_clock.o
 .text.CLOCK_GetIrcFreq
                0x00000ddc        0x8 build/fsl_clock.o
                0x00000ddc                CLOCK_GetIrcFreq
 .text.CLOCK_GetSysOscFreq
                0x00000de4       0x1c build/fsl_clock.o
                0x00000de4                CLOCK_GetSysOscFreq
 .text.CLOCK_GetSystemPLLInClockRate
                0x00000e00       0x38 build/fsl_clock.o
                0x00000e00                CLOCK_GetSystemPLLInClockRate
 .text.CLOCK_GetMainClkFreq
                0x00000e38       0x44 build/fsl_clock.o
                0x00000e38                CLOCK_GetMainClkFreq
 .text.CLOCK_GetClockOutClkFreq
                0x00000e7c       0x50 build/fsl_clock.o
                0x00000e7c                CLOCK_GetClockOutClkFreq
 .text.CLOCK_GetUartClkFreq
                0x00000ecc       0x38 build/fsl_clock.o
                0x00000ecc                CLOCK_GetUartClkFreq
 .text.CLOCK_GetUart0ClkFreq
                0x00000f04        0x8 build/fsl_clock.o
                0x00000f04                CLOCK_GetUart0ClkFreq
 .text.CLOCK_GetUart2ClkFreq
                0x00000f0c        0x8 build/fsl_clock.o
                0x00000f0c                CLOCK_GetUart2ClkFreq
 .text.CLOCK_GetUart1ClkFreq
                0x00000f14        0x8 build/fsl_clock.o
                0x00000f14                CLOCK_GetUart1ClkFreq
 .text.CLOCK_GetFreq
                0x00000f1c       0x5c build/fsl_clock.o
                0x00000f1c                CLOCK_GetFreq
 .text.CLOCK_InitSystemPll
                0x00000f78       0x9c build/fsl_clock.o
                0x00000f78                CLOCK_InitSystemPll
 .text.CLOCK_InitExtClkin
                0x00001014       0x30 build/fsl_clock.o
                0x00001014                CLOCK_InitExtClkin
 .text.CLOCK_InitXtalin
                0x00001044       0x58 build/fsl_clock.o
                0x00001044                CLOCK_InitXtalin
 .text.CLOCK_InitSysOsc
                0x0000109c       0x70 build/fsl_clock.o
                0x0000109c                CLOCK_InitSysOsc
 .text.CLOCK_InitWdtOsc
                0x0000110c       0x44 build/fsl_clock.o
                0x0000110c                CLOCK_InitWdtOsc
 .text.CLOCK_SetMainClkSrc
                0x00001150       0x34 build/fsl_clock.o
                0x00001150                CLOCK_SetMainClkSrc
 .text.CLOCK_SetUARTFRGClkFreq
                0x00001184       0x5c build/fsl_clock.o
                0x00001184                CLOCK_SetUARTFRGClkFreq
 .text.CLOCK_UpdateClkOUTsrc
                0x000011e0       0x10 build/fsl_clock.o
                0x000011e0                CLOCK_UpdateClkOUTsrc
 .text.RESET_PeripheralReset
                0x000011f0       0x18 build/fsl_reset.o
                0x000011f0                RESET_PeripheralReset
 .text.SWM_SetMovablePinSelect
                0x00001208       0x1e build/fsl_swm.o
                0x00001208                SWM_SetMovablePinSelect
 .text.SWM_SetFixedPinSelect
                0x00001226       0x24 build/fsl_swm.o
                0x00001226                SWM_SetFixedPinSelect
 *fill*         0x0000124a        0x2 
 .text.SCTIMER_EventHandleIRQ
                0x0000124c       0x40 build/fsl_sctimer.o
                0x0000124c                SCTIMER_EventHandleIRQ
 .text.SCTIMER_Init
                0x0000128c       0xc4 build/fsl_sctimer.o
                0x0000128c                SCTIMER_Init
 .text.SCTIMER_Deinit
                0x00001350       0x20 build/fsl_sctimer.o
                0x00001350                SCTIMER_Deinit
 .text.SCTIMER_GetDefaultConfig
                0x00001370       0x18 build/fsl_sctimer.o
                0x00001370                SCTIMER_GetDefaultConfig
 .text.SCTIMER_UpdatePwmDutycycle
                0x00001388       0x8a build/fsl_sctimer.o
                0x00001388                SCTIMER_UpdatePwmDutycycle
 *fill*         0x00001412        0x2 
 .text.SCTIMER_CreateAndScheduleEvent
                0x00001414      0x118 build/fsl_sctimer.o
                0x00001414                SCTIMER_CreateAndScheduleEvent
 .text.SCTIMER_SetupPwm
                0x0000152c      0x168 build/fsl_sctimer.o
                0x0000152c                SCTIMER_SetupPwm
 .text.SCTIMER_ScheduleEvent
                0x00001694       0x20 build/fsl_sctimer.o
                0x00001694                SCTIMER_ScheduleEvent
 .text.SCTIMER_IncreaseState
                0x000016b4       0x18 build/fsl_sctimer.o
                0x000016b4                SCTIMER_IncreaseState
 .text.SCTIMER_GetCurrentState
                0x000016cc        0xc build/fsl_sctimer.o
                0x000016cc                SCTIMER_GetCurrentState
 .text.SCTIMER_SetupOutputToggleAction
                0x000016d8       0x30 build/fsl_sctimer.o
                0x000016d8                SCTIMER_SetupOutputToggleAction
 .text.SCTIMER_SetupCaptureAction
                0x00001708       0x94 build/fsl_sctimer.o
                0x00001708                SCTIMER_SetupCaptureAction
 .text.SCTIMER_SetCallback
                0x0000179c        0xc build/fsl_sctimer.o
                0x0000179c                SCTIMER_SetCallback
 .text.SCT0_DriverIRQHandler
                0x000017a8       0x14 build/fsl_sctimer.o
                0x000017a8                SCT0_DriverIRQHandler
 .text.MRT_Init
                0x000017bc       0x1c build/fsl_mrt.o
                0x000017bc                MRT_Init
 .text.MRT_Deinit
                0x000017d8       0x20 build/fsl_mrt.o
                0x000017d8                MRT_Deinit
 .text.MRT_UpdateTimerPeriod
                0x000017f8       0x1e build/fsl_mrt.o
                0x000017f8                MRT_UpdateTimerPeriod
 *fill*         0x00001816        0x2 
 .text.__muldi3
                0x00001818       0x5c C:/Users/sansar/Software/Compiler/arm-gnu-toolchain-13.2.Rel1-mingw-w64-i686-arm-none-eabi/bin/../lib/gcc/arm-none-eabi/13.2.1/thumb/v6-m/nofp\libgcc.a(_muldi3.o)
                0x00001818                __muldi3
                0x00001818                __aeabi_lmul
 .text.__udivmoddi4
                0x00001874      0x198 C:/Users/sansar/Software/Compiler/arm-gnu-toolchain-13.2.Rel1-mingw-w64-i686-arm-none-eabi/bin/../lib/gcc/arm-none-eabi/13.2.1/thumb/v6-m/nofp\libgcc.a(_udivmoddi4.o)
                0x00001874                __udivmoddi4
 .text.__gnu_ldivmod_helper
                0x00001a0c       0x3c C:/Users/sansar/Software/Compiler/arm-gnu-toolchain-13.2.Rel1-mingw-w64-i686-arm-none-eabi/bin/../lib/gcc/arm-none-eabi/13.2.1/thumb/v6-m/nofp\libgcc.a(bpabi.o)
                0x00001a0c                __gnu_ldivmod_helper
 .text.__divdi3
                0x00001a48      0x1e4 C:/Users/sansar/Software/Compiler/arm-gnu-toolchain-13.2.Rel1-mingw-w64-i686-arm-none-eabi/bin/../lib/gcc/arm-none-eabi/13.2.1/thumb/v6-m/nofp\libgcc.a(_divdi3.o)
                0x00001a48                __divdi3
 .text.exit     0x00001c2c       0x28 C:/Users/sansar/Software/Compiler/arm-gnu-toolchain-13.2.Rel1-mingw-w64-i686-arm-none-eabi/bin/../lib/gcc/arm-none-eabi/13.2.1/thumb/v6-m/nofp\libc_nano.a(libc_a-exit.o)
                0x00001c2c                exit
 .text.malloc   0x00001c54       0x14 C:/Users/sansar/Software/Compiler/arm-gnu-toolchain-13.2.Rel1-mingw-w64-i686-arm-none-eabi/bin/../lib/gcc/arm-none-eabi/13.2.1/thumb/v6-m/nofp\libc_nano.a(libc_a-malloc.o)
                0x00001c54                malloc
 .text.free     0x00001c68       0x14 C:/Users/sansar/Software/Compiler/arm-gnu-toolchain-13.2.Rel1-mingw-w64-i686-arm-none-eabi/bin/../lib/gcc/arm-none-eabi/13.2.1/thumb/v6-m/nofp\libc_nano.a(libc_a-malloc.o)
                0x00001c68                free
 .text.sbrk_aligned
                0x00001c7c       0x44 C:/Users/sansar/Software/Compiler/arm-gnu-toolchain-13.2.Rel1-mingw-w64-i686-arm-none-eabi/bin/../lib/gcc/arm-none-eabi/13.2.1/thumb/v6-m/nofp\libc_nano.a(libc_a-mallocr.o)
 .text._malloc_r
                0x00001cc0      0x100 C:/Users/sansar/Software/Compiler/arm-gnu-toolchain-13.2.Rel1-mingw-w64-i686-arm-none-eabi/bin/../lib/gcc/arm-none-eabi/13.2.1/thumb/v6-m/nofp\libc_nano.a(libc_a-mallocr.o)
                0x00001cc0                _malloc_r
 .text.__malloc_lock
                0x00001dc0       0x10 C:/Users/sansar/Software/Compiler/arm-gnu-toolchain-13.2.Rel1-mingw-w64-i686-arm-none-eabi/bin/../lib/gcc/arm-none-eabi/13.2.1/thumb/v6-m/nofp\libc_nano.a(libc_a-mlock.o)
                0x00001dc0                __malloc_lock
 .text.__malloc_unlock
                0x00001dd0       0x10 C:/Users/sansar/Software/Compiler/arm-gnu-toolchain-13.2.Rel1-mingw-w64-i686-arm-none-eabi/bin/../lib/gcc/arm-none-eabi/13.2.1/thumb/v6-m/nofp\libc_nano.a(libc_a-mlock.o)
                0x00001dd0                __malloc_unlock
 .text.std      0x00001de0       0x6c C:/Users/sansar/Software/Compiler/arm-gnu-toolchain-13.2.Rel1-mingw-w64-i686-arm-none-eabi/bin/../lib/gcc/arm-none-eabi/13.2.1/thumb/v6-m/nofp\libc_nano.a(libc_a-findfp.o)
 .text.stdio_exit_handler
                0x00001e4c       0x1c C:/Users/sansar/Software/Compiler/arm-gnu-toolchain-13.2.Rel1-mingw-w64-i686-arm-none-eabi/bin/../lib/gcc/arm-none-eabi/13.2.1/thumb/v6-m/nofp\libc_nano.a(libc_a-findfp.o)
 .text.cleanup_stdio
                0x00001e68       0x3c C:/Users/sansar/Software/Compiler/arm-gnu-toolchain-13.2.Rel1-mingw-w64-i686-arm-none-eabi/bin/../lib/gcc/arm-none-eabi/13.2.1/thumb/v6-m/nofp\libc_nano.a(libc_a-findfp.o)
 .text.__fp_lock
                0x00001ea4       0x18 C:/Users/sansar/Software/Compiler/arm-gnu-toolchain-13.2.Rel1-mingw-w64-i686-arm-none-eabi/bin/../lib/gcc/arm-none-eabi/13.2.1/thumb/v6-m/nofp\libc_nano.a(libc_a-findfp.o)
 .text.__fp_unlock
                0x00001ebc       0x18 C:/Users/sansar/Software/Compiler/arm-gnu-toolchain-13.2.Rel1-mingw-w64-i686-arm-none-eabi/bin/../lib/gcc/arm-none-eabi/13.2.1/thumb/v6-m/nofp\libc_nano.a(libc_a-findfp.o)
 .text.global_stdio_init.part.0
                0x00001ed4       0x3c C:/Users/sansar/Software/Compiler/arm-gnu-toolchain-13.2.Rel1-mingw-w64-i686-arm-none-eabi/bin/../lib/gcc/arm-none-eabi/13.2.1/thumb/v6-m/nofp\libc_nano.a(libc_a-findfp.o)
 .text.__sfp_lock_acquire
                0x00001f10       0x10 C:/Users/sansar/Software/Compiler/arm-gnu-toolchain-13.2.Rel1-mingw-w64-i686-arm-none-eabi/bin/../lib/gcc/arm-none-eabi/13.2.1/thumb/v6-m/nofp\libc_nano.a(libc_a-findfp.o)
                0x00001f10                __sfp_lock_acquire
 .text.__sfp_lock_release
                0x00001f20       0x10 C:/Users/sansar/Software/Compiler/arm-gnu-toolchain-13.2.Rel1-mingw-w64-i686-arm-none-eabi/bin/../lib/gcc/arm-none-eabi/13.2.1/thumb/v6-m/nofp\libc_nano.a(libc_a-findfp.o)
                0x00001f20                __sfp_lock_release
 .text.__sfp    0x00001f30       0xa8 C:/Users/sansar/Software/Compiler/arm-gnu-toolchain-13.2.Rel1-mingw-w64-i686-arm-none-eabi/bin/../lib/gcc/arm-none-eabi/13.2.1/thumb/v6-m/nofp\libc_nano.a(libc_a-findfp.o)
                0x00001f30                __sfp
 .text.__sinit  0x00001fd8       0x30 C:/Users/sansar/Software/Compiler/arm-gnu-toolchain-13.2.Rel1-mingw-w64-i686-arm-none-eabi/bin/../lib/gcc/arm-none-eabi/13.2.1/thumb/v6-m/nofp\libc_nano.a(libc_a-findfp.o)
                0x00001fd8                __sinit
 .text.__fp_lock_all
                0x00002008       0x1c C:/Users/sansar/Software/Compiler/arm-gnu-toolchain-13.2.Rel1-mingw-w64-i686-arm-none-eabi/bin/../lib/gcc/arm-none-eabi/13.2.1/thumb/v6-m/nofp\libc_nano.a(libc_a-findfp.o)
                0x00002008                __fp_lock_all
 .text.__fp_unlock_all
                0x00002024       0x1c C:/Users/sansar/Software/Compiler/arm-gnu-toolchain-13.2.Rel1-mingw-w64-i686-arm-none-eabi/bin/../lib/gcc/arm-none-eabi/13.2.1/thumb/v6-m/nofp\libc_nano.a(libc_a-findfp.o)
                0x00002024                __fp_unlock_all
 .text._fwalk_sglue
                0x00002040       0x38 C:/Users/sansar/Software/Compiler/arm-gnu-toolchain-13.2.Rel1-mingw-w64-i686-arm-none-eabi/bin/../lib/gcc/arm-none-eabi/13.2.1/thumb/v6-m/nofp\libc_nano.a(libc_a-fwalk.o)
                0x00002040                _fwalk_sglue
 .text.__sread  0x00002078       0x28 C:/Users/sansar/Software/Compiler/arm-gnu-toolchain-13.2.Rel1-mingw-w64-i686-arm-none-eabi/bin/../lib/gcc/arm-none-eabi/13.2.1/thumb/v6-m/nofp\libc_nano.a(libc_a-stdio.o)
                0x00002078                __sread
 .text.__seofread
                0x000020a0        0x4 C:/Users/sansar/Software/Compiler/arm-gnu-toolchain-13.2.Rel1-mingw-w64-i686-arm-none-eabi/bin/../lib/gcc/arm-none-eabi/13.2.1/thumb/v6-m/nofp\libc_nano.a(libc_a-stdio.o)
                0x000020a0                __seofread
 .text.__swrite
                0x000020a4       0x38 C:/Users/sansar/Software/Compiler/arm-gnu-toolchain-13.2.Rel1-mingw-w64-i686-arm-none-eabi/bin/../lib/gcc/arm-none-eabi/13.2.1/thumb/v6-m/nofp\libc_nano.a(libc_a-stdio.o)
                0x000020a4                __swrite
 .text.__sseek  0x000020dc       0x2c C:/Users/sansar/Software/Compiler/arm-gnu-toolchain-13.2.Rel1-mingw-w64-i686-arm-none-eabi/bin/../lib/gcc/arm-none-eabi/13.2.1/thumb/v6-m/nofp\libc_nano.a(libc_a-stdio.o)
                0x000020dc                __sseek
 .text.__sclose
                0x00002108        0xc C:/Users/sansar/Software/Compiler/arm-gnu-toolchain-13.2.Rel1-mingw-w64-i686-arm-none-eabi/bin/../lib/gcc/arm-none-eabi/13.2.1/thumb/v6-m/nofp\libc_nano.a(libc_a-stdio.o)
                0x00002108                __sclose
 .text.memset   0x00002114       0x10 C:/Users/sansar/Software/Compiler/arm-gnu-toolchain-13.2.Rel1-mingw-w64-i686-arm-none-eabi/bin/../lib/gcc/arm-none-eabi/13.2.1/thumb/v6-m/nofp\libc_nano.a(libc_a-memset.o)
                0x00002114                memset
 .text._close_r
                0x00002124       0x24 C:/Users/sansar/Software/Compiler/arm-gnu-toolchain-13.2.Rel1-mingw-w64-i686-arm-none-eabi/bin/../lib/gcc/arm-none-eabi/13.2.1/thumb/v6-m/nofp\libc_nano.a(libc_a-closer.o)
                0x00002124                _close_r
 .text._reclaim_reent
                0x00002148       0xc0 C:/Users/sansar/Software/Compiler/arm-gnu-toolchain-13.2.Rel1-mingw-w64-i686-arm-none-eabi/bin/../lib/gcc/arm-none-eabi/13.2.1/thumb/v6-m/nofp\libc_nano.a(libc_a-reent.o)
                0x00002148                _reclaim_reent
 .text._lseek_r
                0x00002208       0x28 C:/Users/sansar/Software/Compiler/arm-gnu-toolchain-13.2.Rel1-mingw-w64-i686-arm-none-eabi/bin/../lib/gcc/arm-none-eabi/13.2.1/thumb/v6-m/nofp\libc_nano.a(libc_a-lseekr.o)
                0x00002208                _lseek_r
 .text._read_r  0x00002230       0x28 C:/Users/sansar/Software/Compiler/arm-gnu-toolchain-13.2.Rel1-mingw-w64-i686-arm-none-eabi/bin/../lib/gcc/arm-none-eabi/13.2.1/thumb/v6-m/nofp\libc_nano.a(libc_a-readr.o)
                0x00002230                _read_r
 .text._sbrk_r  0x00002258       0x24 C:/Users/sansar/Software/Compiler/arm-gnu-toolchain-13.2.Rel1-mingw-w64-i686-arm-none-eabi/bin/../lib/gcc/arm-none-eabi/13.2.1/thumb/v6-m/nofp\libc_nano.a(libc_a-sbrkr.o)
                0x00002258                _sbrk_r
 .text._write_r
                0x0000227c       0x28 C:/Users/sansar/Software/Compiler/arm-gnu-toolchain-13.2.Rel1-mingw-w64-i686-arm-none-eabi/bin/../lib/gcc/arm-none-eabi/13.2.1/thumb/v6-m/nofp\libc_nano.a(libc_a-writer.o)
                0x0000227c                _write_r
 .text.__libc_init_array
                0x000022a4       0x48 C:/Users/sansar/Software/Compiler/arm-gnu-toolchain-13.2.Rel1-mingw-w64-i686-arm-none-eabi/bin/../lib/gcc/arm-none-eabi/13.2.1/thumb/v6-m/nofp\libc_nano.a(libc_a-init.o)
                0x000022a4                __libc_init_array
 .text.__retarget_lock_init
                0x000022ec        0x2 C:/Users/sansar/Software/Compiler/arm-gnu-toolchain-13.2.Rel1-mingw-w64-i686-arm-none-eabi/bin/../lib/gcc/arm-none-eabi/13.2.1/thumb/v6-m/nofp\libc_nano.a(libc_a-lock.o)
                0x000022ec                __retarget_lock_init
 .text.__retarget_lock_init_recursive
                0x000022ee        0x2 C:/Users/sansar/Software/Compiler/arm-gnu-toolchain-13.2.Rel1-mingw-w64-i686-arm-none-eabi/bin/../lib/gcc/arm-none-eabi/13.2.1/thumb/v6-m/nofp\libc_nano.a(libc_a-lock.o)
                0x000022ee                __retarget_lock_init_recursive
 .text.__retarget_lock_close
                0x000022f0        0x2 C:/Users/sansar/Software/Compiler/arm-gnu-toolchain-13.2.Rel1-mingw-w64-i686-arm-none-eabi/bin/../lib/gcc/arm-none-eabi/13.2.1/thumb/v6-m/nofp\libc_nano.a(libc_a-lock.o)
                0x000022f0                __retarget_lock_close
 .text.__retarget_lock_close_recursive
                0x000022f2        0x2 C:/Users/sansar/Software/Compiler/arm-gnu-toolchain-13.2.Rel1-mingw-w64-i686-arm-none-eabi/bin/../lib/gcc/arm-none-eabi/13.2.1/thumb/v6-m/nofp\libc_nano.a(libc_a-lock.o)
                0x000022f2                __retarget_lock_close_recursive
 .text.__retarget_lock_acquire
                0x000022f4        0x2 C:/Users/sansar/Software/Compiler/arm-gnu-toolchain-13.2.Rel1-mingw-w64-i686-arm-none-eabi/bin/../lib/gcc/arm-none-eabi/13.2.1/thumb/v6-m/nofp\libc_nano.a(libc_a-lock.o)
                0x000022f4                __retarget_lock_acquire
 .text.__retarget_lock_acquire_recursive
                0x000022f6        0x2 C:/Users/sansar/Software/Compiler/arm-gnu-toolchain-13.2.Rel1-mingw-w64-i686-arm-none-eabi/bin/../lib/gcc/arm-none-eabi/13.2.1/thumb/v6-m/nofp\libc_nano.a(libc_a-lock.o)
                0x000022f6                __retarget_lock_acquire_recursive
 .text.__retarget_lock_try_acquire
                0x000022f8        0x4 C:/Users/sansar/Software/Compiler/arm-gnu-toolchain-13.2.Rel1-mingw-w64-i686-arm-none-eabi/bin/../lib/gcc/arm-none-eabi/13.2.1/thumb/v6-m/nofp\libc_nano.a(libc_a-lock.o)
                0x000022f8                __retarget_lock_try_acquire
 .text.__retarget_lock_try_acquire_recursive
                0x000022fc        0x4 C:/Users/sansar/Software/Compiler/arm-gnu-toolchain-13.2.Rel1-mingw-w64-i686-arm-none-eabi/bin/../lib/gcc/arm-none-eabi/13.2.1/thumb/v6-m/nofp\libc_nano.a(libc_a-lock.o)
                0x000022fc                __retarget_lock_try_acquire_recursive
 .text.__retarget_lock_release
                0x00002300        0x2 C:/Users/sansar/Software/Compiler/arm-gnu-toolchain-13.2.Rel1-mingw-w64-i686-arm-none-eabi/bin/../lib/gcc/arm-none-eabi/13.2.1/thumb/v6-m/nofp\libc_nano.a(libc_a-lock.o)
                0x00002300                __retarget_lock_release
 .text.__retarget_lock_release_recursive
                0x00002302        0x2 C:/Users/sansar/Software/Compiler/arm-gnu-toolchain-13.2.Rel1-mingw-w64-i686-arm-none-eabi/bin/../lib/gcc/arm-none-eabi/13.2.1/thumb/v6-m/nofp\libc_nano.a(libc_a-lock.o)
                0x00002302                __retarget_lock_release_recursive
 .text._free_r  0x00002304       0x94 C:/Users/sansar/Software/Compiler/arm-gnu-toolchain-13.2.Rel1-mingw-w64-i686-arm-none-eabi/bin/../lib/gcc/arm-none-eabi/13.2.1/thumb/v6-m/nofp\libc_nano.a(libc_a-freer.o)
                0x00002304                _free_r
 .text.__sflush_r
                0x00002398      0x10c C:/Users/sansar/Software/Compiler/arm-gnu-toolchain-13.2.Rel1-mingw-w64-i686-arm-none-eabi/bin/../lib/gcc/arm-none-eabi/13.2.1/thumb/v6-m/nofp\libc_nano.a(libc_a-fflush.o)
                0x00002398                __sflush_r
 .text._fflush_r
                0x000024a4       0x56 C:/Users/sansar/Software/Compiler/arm-gnu-toolchain-13.2.Rel1-mingw-w64-i686-arm-none-eabi/bin/../lib/gcc/arm-none-eabi/13.2.1/thumb/v6-m/nofp\libc_nano.a(libc_a-fflush.o)
                0x000024a4                _fflush_r
 *fill*         0x000024fa        0x2 
 .text.fflush   0x000024fc       0x30 C:/Users/sansar/Software/Compiler/arm-gnu-toolchain-13.2.Rel1-mingw-w64-i686-arm-none-eabi/bin/../lib/gcc/arm-none-eabi/13.2.1/thumb/v6-m/nofp\libc_nano.a(libc_a-fflush.o)
                0x000024fc                fflush
 .text._close   0x0000252c       0x10 C:/Users/sansar/Software/Compiler/arm-gnu-toolchain-13.2.Rel1-mingw-w64-i686-arm-none-eabi/bin/../lib/gcc/arm-none-eabi/13.2.1/thumb/v6-m/nofp\libnosys.a(close.o)
                0x0000252c                _close
 .text._lseek   0x0000253c       0x10 C:/Users/sansar/Software/Compiler/arm-gnu-toolchain-13.2.Rel1-mingw-w64-i686-arm-none-eabi/bin/../lib/gcc/arm-none-eabi/13.2.1/thumb/v6-m/nofp\libnosys.a(lseek.o)
                0x0000253c                _lseek
 .text._read    0x0000254c       0x10 C:/Users/sansar/Software/Compiler/arm-gnu-toolchain-13.2.Rel1-mingw-w64-i686-arm-none-eabi/bin/../lib/gcc/arm-none-eabi/13.2.1/thumb/v6-m/nofp\libnosys.a(read.o)
                0x0000254c                _read
 .text._sbrk    0x0000255c       0x1c C:/Users/sansar/Software/Compiler/arm-gnu-toolchain-13.2.Rel1-mingw-w64-i686-arm-none-eabi/bin/../lib/gcc/arm-none-eabi/13.2.1/thumb/v6-m/nofp\libnosys.a(sbrk.o)
                0x0000255c                _sbrk
 .text._write   0x00002578       0x10 C:/Users/sansar/Software/Compiler/arm-gnu-toolchain-13.2.Rel1-mingw-w64-i686-arm-none-eabi/bin/../lib/gcc/arm-none-eabi/13.2.1/thumb/v6-m/nofp\libnosys.a(write.o)
                0x00002578                _write
 .text._exit    0x00002588        0x4 C:/Users/sansar/Software/Compiler/arm-gnu-toolchain-13.2.Rel1-mingw-w64-i686-arm-none-eabi/bin/../lib/gcc/arm-none-eabi/13.2.1/thumb/v6-m/nofp\libnosys.a(_exit.o)
                0x00002588                _exit
 *(.rodata)
 *(.rodata*)
 .rodata.all_implied_fbits
                0x0000258c       0x24 C:/Users/sansar/Software/Compiler/arm-gnu-toolchain-13.2.Rel1-mingw-w64-i686-arm-none-eabi/bin/../lib/gcc/arm-none-eabi/13.2.1/thumb/v6-m/nofp/crtbegin.o
 .rodata.CSWTCH.5
                0x000025b0       0x3c build/system_LPC824.o
 .rodata.all_implied_fbits
                0x000025ec       0x24 C:/Users/sansar/Software/Compiler/arm-gnu-toolchain-13.2.Rel1-mingw-w64-i686-arm-none-eabi/bin/../lib/gcc/arm-none-eabi/13.2.1/thumb/v6-m/nofp/crtend.o
 *(.glue_7)
 .glue_7        0x00002610        0x0 linker stubs
 *(.glue_7t)
 .glue_7t       0x00002610        0x0 linker stubs
 *(.eh_frame)
 .eh_frame      0x00002610        0x0 C:/Users/sansar/Software/Compiler/arm-gnu-toolchain-13.2.Rel1-mingw-w64-i686-arm-none-eabi/bin/../lib/gcc/arm-none-eabi/13.2.1/thumb/v6-m/nofp/crtbegin.o
 .eh_frame      0x00002610        0x4 C:/Users/sansar/Software/Compiler/arm-gnu-toolchain-13.2.Rel1-mingw-w64-i686-arm-none-eabi/bin/../lib/gcc/arm-none-eabi/13.2.1/thumb/v6-m/nofp/crtend.o
 *(.init)
 .init          0x00002614        0x4 C:/Users/sansar/Software/Compiler/arm-gnu-toolchain-13.2.Rel1-mingw-w64-i686-arm-none-eabi/bin/../lib/gcc/arm-none-eabi/13.2.1/thumb/v6-m/nofp/crti.o
                0x00002614                _init
 .init          0x00002618        0x8 C:/Users/sansar/Software/Compiler/arm-gnu-toolchain-13.2.Rel1-mingw-w64-i686-arm-none-eabi/bin/../lib/gcc/arm-none-eabi/13.2.1/thumb/v6-m/nofp/crtn.o
 *(.fini)
 .fini          0x00002620        0x4 C:/Users/sansar/Software/Compiler/arm-gnu-toolchain-13.2.Rel1-mingw-w64-i686-arm-none-eabi/bin/../lib/gcc/arm-none-eabi/13.2.1/thumb/v6-m/nofp/crti.o
                0x00002620                _fini
 .fini          0x00002624        0x8 C:/Users/sansar/Software/Compiler/arm-gnu-toolchain-13.2.Rel1-mingw-w64-i686-arm-none-eabi/bin/../lib/gcc/arm-none-eabi/13.2.1/thumb/v6-m/nofp/crtn.o
                0x0000262c                        . = ALIGN (0x4)

.vfp11_veneer   0x0000262c        0x0
 .vfp11_veneer  0x0000262c        0x0 linker stubs

.v4_bx          0x0000262c        0x0
 .v4_bx         0x0000262c        0x0 linker stubs

.iplt           0x0000262c        0x0
 .iplt          0x0000262c        0x0 C:/Users/sansar/Software/Compiler/arm-gnu-toolchain-13.2.Rel1-mingw-w64-i686-arm-none-eabi/bin/../lib/gcc/arm-none-eabi/13.2.1/thumb/v6-m/nofp/crtbegin.o

.ARM.extab      0x0000262c        0x0
 *(.ARM.extab* .gnu.linkonce.armextab.*)
 .ARM.extab     0x0000262c        0x0 C:/Users/sansar/Software/Compiler/arm-gnu-toolchain-13.2.Rel1-mingw-w64-i686-arm-none-eabi/bin/../lib/gcc/arm-none-eabi/13.2.1/thumb/v6-m/nofp/crt0.o
 .ARM.extab.text.__udivmoddi4
                0x0000262c        0x0 C:/Users/sansar/Software/Compiler/arm-gnu-toolchain-13.2.Rel1-mingw-w64-i686-arm-none-eabi/bin/../lib/gcc/arm-none-eabi/13.2.1/thumb/v6-m/nofp\libgcc.a(_udivmoddi4.o)
 .ARM.extab.text.__divdi3
                0x0000262c        0x0 C:/Users/sansar/Software/Compiler/arm-gnu-toolchain-13.2.Rel1-mingw-w64-i686-arm-none-eabi/bin/../lib/gcc/arm-none-eabi/13.2.1/thumb/v6-m/nofp\libgcc.a(_divdi3.o)

.ARM            0x0000262c        0x8
                0x0000262c                        __exidx_start = .
 *(.ARM.exidx*)
 .ARM.exidx     0x0000262c        0x8 C:/Users/sansar/Software/Compiler/arm-gnu-toolchain-13.2.Rel1-mingw-w64-i686-arm-none-eabi/bin/../lib/gcc/arm-none-eabi/13.2.1/thumb/v6-m/nofp/crt0.o
                                 0x10 (size before relaxing)
 .ARM.exidx.text.__udivmoddi4
                0x00002634        0x0 C:/Users/sansar/Software/Compiler/arm-gnu-toolchain-13.2.Rel1-mingw-w64-i686-arm-none-eabi/bin/../lib/gcc/arm-none-eabi/13.2.1/thumb/v6-m/nofp\libgcc.a(_udivmoddi4.o)
                                  0x8 (size before relaxing)
 .ARM.exidx.text.__divdi3
                0x00002634        0x0 C:/Users/sansar/Software/Compiler/arm-gnu-toolchain-13.2.Rel1-mingw-w64-i686-arm-none-eabi/bin/../lib/gcc/arm-none-eabi/13.2.1/thumb/v6-m/nofp\libgcc.a(_divdi3.o)
                                  0x8 (size before relaxing)
                0x00002634                        __exidx_end = .

.rel.dyn        0x00002634        0x0
 .rel.iplt      0x00002634        0x0 C:/Users/sansar/Software/Compiler/arm-gnu-toolchain-13.2.Rel1-mingw-w64-i686-arm-none-eabi/bin/../lib/gcc/arm-none-eabi/13.2.1/thumb/v6-m/nofp/crtbegin.o

.ctors          0x00002634        0x0
                0x00002634                        __CTOR_LIST__ = .
 *crtbegin.o(.ctors)
 *crtbegin?.o(.ctors)
 *(EXCLUDE_FILE(*crtend.o *crtend?.o) .ctors)
 *(SORT_BY_NAME(.ctors.*))
 *(.ctors)
                0x00002634                        __CTOR_END__ = .

.dtors          0x00002634        0x0
                0x00002634                        __DTOR_LIST__ = .
 *crtbegin.o(.dtors)
 *crtbegin?.o(.dtors)
 *(EXCLUDE_FILE(*crtend.o *crtend?.o) .dtors)
 *(SORT_BY_NAME(.dtors.*))
 *(.dtors)
                0x00002634                        __DTOR_END__ = .

.preinit_array  0x00002634        0x0
                0x00002634                        PROVIDE (__preinit_array_start = .)
 *(.preinit_array*)
                0x00002634                        PROVIDE (__preinit_array_end = .)

.init_array     0x00002634        0x4
                0x00002634                        PROVIDE (__init_array_start = .)
 *(SORT_BY_NAME(.init_array.*))
 *(.init_array*)
 .init_array    0x00002634        0x4 C:/Users/sansar/Software/Compiler/arm-gnu-toolchain-13.2.Rel1-mingw-w64-i686-arm-none-eabi/bin/../lib/gcc/arm-none-eabi/13.2.1/thumb/v6-m/nofp/crtbegin.o
                0x00002638                        PROVIDE (__init_array_end = .)

.fini_array     0x00002638        0x4
                [!provide]                        PROVIDE (__fini_array_start = .)
 *(SORT_BY_NAME(.fini_array.*))
 *(.fini_array*)
 .fini_array    0x00002638        0x4 C:/Users/sansar/Software/Compiler/arm-gnu-toolchain-13.2.Rel1-mingw-w64-i686-arm-none-eabi/bin/../lib/gcc/arm-none-eabi/13.2.1/thumb/v6-m/nofp/crtbegin.o
                [!provide]                        PROVIDE (__fini_array_end = .)
                0x0000263c                        __etext = .
                0x0000263c                        __DATA_ROM = .

.data           0x10000000       0x64 load address 0x0000263c
                0x10000000                        . = ALIGN (0x4)
                0x10000000                        __DATA_RAM = .
                0x10000000                        __data_start__ = .
 *(.ramfunc*)
 *(.data)
 .data          0x10000000        0x0 C:/Users/sansar/Software/Compiler/arm-gnu-toolchain-13.2.Rel1-mingw-w64-i686-arm-none-eabi/bin/../lib/gcc/arm-none-eabi/13.2.1/thumb/v6-m/nofp/crti.o
 .data          0x10000000        0x0 C:/Users/sansar/Software/Compiler/arm-gnu-toolchain-13.2.Rel1-mingw-w64-i686-arm-none-eabi/bin/../lib/gcc/arm-none-eabi/13.2.1/thumb/v6-m/nofp/crtbegin.o
 .data          0x10000000        0x0 C:/Users/sansar/Software/Compiler/arm-gnu-toolchain-13.2.Rel1-mingw-w64-i686-arm-none-eabi/bin/../lib/gcc/arm-none-eabi/13.2.1/thumb/v6-m/nofp/crt0.o
 .data          0x10000000        0x0 build/exp3.o
 .data          0x10000000        0x0 build/system_LPC824.o
 .data          0x10000000        0x0 build/fsl_common.o
 .data          0x10000000        0x0 build/fsl_common_arm.o
 .data          0x10000000        0x0 build/fsl_gpio.o
 .data          0x10000000        0x0 build/fsl_power.o
 .data          0x10000000        0x0 build/fsl_clock.o
 .data          0x10000000        0x0 build/fsl_reset.o
 .data          0x10000000        0x0 build/fsl_swm.o
 .data          0x10000000        0x0 build/fsl_sctimer.o
 .data          0x10000000        0x0 build/fsl_mrt.o
 .data          0x10000000        0x0 build/startup_LPC824.o
 .data          0x10000000        0x0 C:/Users/sansar/Software/Compiler/arm-gnu-toolchain-13.2.Rel1-mingw-w64-i686-arm-none-eabi/bin/../lib/gcc/arm-none-eabi/13.2.1/thumb/v6-m/nofp\libgcc.a(_thumb1_case_uqi.o)
 .data          0x10000000        0x0 C:/Users/sansar/Software/Compiler/arm-gnu-toolchain-13.2.Rel1-mingw-w64-i686-arm-none-eabi/bin/../lib/gcc/arm-none-eabi/13.2.1/thumb/v6-m/nofp\libgcc.a(_udivsi3.o)
 .data          0x10000000        0x0 C:/Users/sansar/Software/Compiler/arm-gnu-toolchain-13.2.Rel1-mingw-w64-i686-arm-none-eabi/bin/../lib/gcc/arm-none-eabi/13.2.1/thumb/v6-m/nofp\libgcc.a(_divsi3.o)
 .data          0x10000000        0x0 C:/Users/sansar/Software/Compiler/arm-gnu-toolchain-13.2.Rel1-mingw-w64-i686-arm-none-eabi/bin/../lib/gcc/arm-none-eabi/13.2.1/thumb/v6-m/nofp\libgcc.a(_dvmd_tls.o)
 .data          0x10000000        0x0 C:/Users/sansar/Software/Compiler/arm-gnu-toolchain-13.2.Rel1-mingw-w64-i686-arm-none-eabi/bin/../lib/gcc/arm-none-eabi/13.2.1/thumb/v6-m/nofp\libgcc.a(_aeabi_ldivmod.o)
 .data          0x10000000        0x0 C:/Users/sansar/Software/Compiler/arm-gnu-toolchain-13.2.Rel1-mingw-w64-i686-arm-none-eabi/bin/../lib/gcc/arm-none-eabi/13.2.1/thumb/v6-m/nofp\libgcc.a(_aeabi_uldivmod.o)
 .data          0x10000000        0x0 C:/Users/sansar/Software/Compiler/arm-gnu-toolchain-13.2.Rel1-mingw-w64-i686-arm-none-eabi/bin/../lib/gcc/arm-none-eabi/13.2.1/thumb/v6-m/nofp\libgcc.a(_muldi3.o)
 .data          0x10000000        0x0 C:/Users/sansar/Software/Compiler/arm-gnu-toolchain-13.2.Rel1-mingw-w64-i686-arm-none-eabi/bin/../lib/gcc/arm-none-eabi/13.2.1/thumb/v6-m/nofp\libgcc.a(_udivmoddi4.o)
 .data          0x10000000        0x0 C:/Users/sansar/Software/Compiler/arm-gnu-toolchain-13.2.Rel1-mingw-w64-i686-arm-none-eabi/bin/../lib/gcc/arm-none-eabi/13.2.1/thumb/v6-m/nofp\libgcc.a(bpabi.o)
 .data          0x10000000        0x0 C:/Users/sansar/Software/Compiler/arm-gnu-toolchain-13.2.Rel1-mingw-w64-i686-arm-none-eabi/bin/../lib/gcc/arm-none-eabi/13.2.1/thumb/v6-m/nofp\libgcc.a(_clzdi2.o)
 .data          0x10000000        0x0 C:/Users/sansar/Software/Compiler/arm-gnu-toolchain-13.2.Rel1-mingw-w64-i686-arm-none-eabi/bin/../lib/gcc/arm-none-eabi/13.2.1/thumb/v6-m/nofp\libgcc.a(_divdi3.o)
 .data          0x10000000        0x0 C:/Users/sansar/Software/Compiler/arm-gnu-toolchain-13.2.Rel1-mingw-w64-i686-arm-none-eabi/bin/../lib/gcc/arm-none-eabi/13.2.1/thumb/v6-m/nofp\libgcc.a(_clzsi2.o)
 .data          0x10000000        0x0 C:/Users/sansar/Software/Compiler/arm-gnu-toolchain-13.2.Rel1-mingw-w64-i686-arm-none-eabi/bin/../lib/gcc/arm-none-eabi/13.2.1/thumb/v6-m/nofp\libc_nano.a(libc_a-exit.o)
 .data          0x10000000        0x0 C:/Users/sansar/Software/Compiler/arm-gnu-toolchain-13.2.Rel1-mingw-w64-i686-arm-none-eabi/bin/../lib/gcc/arm-none-eabi/13.2.1/thumb/v6-m/nofp\libc_nano.a(libc_a-malloc.o)
 .data          0x10000000        0x0 C:/Users/sansar/Software/Compiler/arm-gnu-toolchain-13.2.Rel1-mingw-w64-i686-arm-none-eabi/bin/../lib/gcc/arm-none-eabi/13.2.1/thumb/v6-m/nofp\libc_nano.a(libc_a-mallocr.o)
 .data          0x10000000        0x0 C:/Users/sansar/Software/Compiler/arm-gnu-toolchain-13.2.Rel1-mingw-w64-i686-arm-none-eabi/bin/../lib/gcc/arm-none-eabi/13.2.1/thumb/v6-m/nofp\libc_nano.a(libc_a-mlock.o)
 .data          0x10000000        0x0 C:/Users/sansar/Software/Compiler/arm-gnu-toolchain-13.2.Rel1-mingw-w64-i686-arm-none-eabi/bin/../lib/gcc/arm-none-eabi/13.2.1/thumb/v6-m/nofp\libc_nano.a(libc_a-findfp.o)
 .data          0x10000000        0x0 C:/Users/sansar/Software/Compiler/arm-gnu-toolchain-13.2.Rel1-mingw-w64-i686-arm-none-eabi/bin/../lib/gcc/arm-none-eabi/13.2.1/thumb/v6-m/nofp\libc_nano.a(libc_a-fwalk.o)
 .data          0x10000000        0x0 C:/Users/sansar/Software/Compiler/arm-gnu-toolchain-13.2.Rel1-mingw-w64-i686-arm-none-eabi/bin/../lib/gcc/arm-none-eabi/13.2.1/thumb/v6-m/nofp\libc_nano.a(libc_a-stdio.o)
 .data          0x10000000        0x0 C:/Users/sansar/Software/Compiler/arm-gnu-toolchain-13.2.Rel1-mingw-w64-i686-arm-none-eabi/bin/../lib/gcc/arm-none-eabi/13.2.1/thumb/v6-m/nofp\libc_nano.a(libc_a-memset.o)
 .data          0x10000000        0x0 C:/Users/sansar/Software/Compiler/arm-gnu-toolchain-13.2.Rel1-mingw-w64-i686-arm-none-eabi/bin/../lib/gcc/arm-none-eabi/13.2.1/thumb/v6-m/nofp\libc_nano.a(libc_a-closer.o)
 .data          0x10000000        0x0 C:/Users/sansar/Software/Compiler/arm-gnu-toolchain-13.2.Rel1-mingw-w64-i686-arm-none-eabi/bin/../lib/gcc/arm-none-eabi/13.2.1/thumb/v6-m/nofp\libc_nano.a(libc_a-reent.o)
 .data          0x10000000        0x0 C:/Users/sansar/Software/Compiler/arm-gnu-toolchain-13.2.Rel1-mingw-w64-i686-arm-none-eabi/bin/../lib/gcc/arm-none-eabi/13.2.1/thumb/v6-m/nofp\libc_nano.a(libc_a-impure.o)
 .data          0x10000000        0x0 C:/Users/sansar/Software/Compiler/arm-gnu-toolchain-13.2.Rel1-mingw-w64-i686-arm-none-eabi/bin/../lib/gcc/arm-none-eabi/13.2.1/thumb/v6-m/nofp\libc_nano.a(libc_a-lseekr.o)
 .data          0x10000000        0x0 C:/Users/sansar/Software/Compiler/arm-gnu-toolchain-13.2.Rel1-mingw-w64-i686-arm-none-eabi/bin/../lib/gcc/arm-none-eabi/13.2.1/thumb/v6-m/nofp\libc_nano.a(libc_a-readr.o)
 .data          0x10000000        0x0 C:/Users/sansar/Software/Compiler/arm-gnu-toolchain-13.2.Rel1-mingw-w64-i686-arm-none-eabi/bin/../lib/gcc/arm-none-eabi/13.2.1/thumb/v6-m/nofp\libc_nano.a(libc_a-sbrkr.o)
 .data          0x10000000        0x0 C:/Users/sansar/Software/Compiler/arm-gnu-toolchain-13.2.Rel1-mingw-w64-i686-arm-none-eabi/bin/../lib/gcc/arm-none-eabi/13.2.1/thumb/v6-m/nofp\libc_nano.a(libc_a-writer.o)
 .data          0x10000000        0x0 C:/Users/sansar/Software/Compiler/arm-gnu-toolchain-13.2.Rel1-mingw-w64-i686-arm-none-eabi/bin/../lib/gcc/arm-none-eabi/13.2.1/thumb/v6-m/nofp\libc_nano.a(libc_a-init.o)
 .data          0x10000000        0x0 C:/Users/sansar/Software/Compiler/arm-gnu-toolchain-13.2.Rel1-mingw-w64-i686-arm-none-eabi/bin/../lib/gcc/arm-none-eabi/13.2.1/thumb/v6-m/nofp\libc_nano.a(libc_a-lock.o)
 .data          0x10000000        0x0 C:/Users/sansar/Software/Compiler/arm-gnu-toolchain-13.2.Rel1-mingw-w64-i686-arm-none-eabi/bin/../lib/gcc/arm-none-eabi/13.2.1/thumb/v6-m/nofp\libc_nano.a(libc_a-freer.o)
 .data          0x10000000        0x0 C:/Users/sansar/Software/Compiler/arm-gnu-toolchain-13.2.Rel1-mingw-w64-i686-arm-none-eabi/bin/../lib/gcc/arm-none-eabi/13.2.1/thumb/v6-m/nofp\libc_nano.a(libc_a-fflush.o)
 .data          0x10000000        0x0 C:/Users/sansar/Software/Compiler/arm-gnu-toolchain-13.2.Rel1-mingw-w64-i686-arm-none-eabi/bin/../lib/gcc/arm-none-eabi/13.2.1/thumb/v6-m/nofp\libnosys.a(close.o)
 .data          0x10000000        0x0 C:/Users/sansar/Software/Compiler/arm-gnu-toolchain-13.2.Rel1-mingw-w64-i686-arm-none-eabi/bin/../lib/gcc/arm-none-eabi/13.2.1/thumb/v6-m/nofp\libnosys.a(lseek.o)
 .data          0x10000000        0x0 C:/Users/sansar/Software/Compiler/arm-gnu-toolchain-13.2.Rel1-mingw-w64-i686-arm-none-eabi/bin/../lib/gcc/arm-none-eabi/13.2.1/thumb/v6-m/nofp\libnosys.a(read.o)
 .data          0x10000000        0x0 C:/Users/sansar/Software/Compiler/arm-gnu-toolchain-13.2.Rel1-mingw-w64-i686-arm-none-eabi/bin/../lib/gcc/arm-none-eabi/13.2.1/thumb/v6-m/nofp\libnosys.a(sbrk.o)
 .data          0x10000000        0x0 C:/Users/sansar/Software/Compiler/arm-gnu-toolchain-13.2.Rel1-mingw-w64-i686-arm-none-eabi/bin/../lib/gcc/arm-none-eabi/13.2.1/thumb/v6-m/nofp\libnosys.a(write.o)
 .data          0x10000000        0x0 C:/Users/sansar/Software/Compiler/arm-gnu-toolchain-13.2.Rel1-mingw-w64-i686-arm-none-eabi/bin/../lib/gcc/arm-none-eabi/13.2.1/thumb/v6-m/nofp\libnosys.a(_exit.o)
 .data          0x10000000        0x0 C:/Users/sansar/Software/Compiler/arm-gnu-toolchain-13.2.Rel1-mingw-w64-i686-arm-none-eabi/bin/../lib/gcc/arm-none-eabi/13.2.1/thumb/v6-m/nofp/crtend.o
 .data          0x10000000        0x0 C:/Users/sansar/Software/Compiler/arm-gnu-toolchain-13.2.Rel1-mingw-w64-i686-arm-none-eabi/bin/../lib/gcc/arm-none-eabi/13.2.1/thumb/v6-m/nofp/crtn.o
 *(.data*)
 .data.__dso_handle
                0x10000000        0x4 C:/Users/sansar/Software/Compiler/arm-gnu-toolchain-13.2.Rel1-mingw-w64-i686-arm-none-eabi/bin/../lib/gcc/arm-none-eabi/13.2.1/thumb/v6-m/nofp/crtbegin.o
                0x10000000                __dso_handle
 .data.SystemCoreClock
                0x10000004        0x4 build/system_LPC824.o
                0x10000004                SystemCoreClock
 .data.__sglue  0x10000008        0xc C:/Users/sansar/Software/Compiler/arm-gnu-toolchain-13.2.Rel1-mingw-w64-i686-arm-none-eabi/bin/../lib/gcc/arm-none-eabi/13.2.1/thumb/v6-m/nofp\libc_nano.a(libc_a-findfp.o)
                0x10000008                __sglue
 .data._impure_ptr
                0x10000014        0x4 C:/Users/sansar/Software/Compiler/arm-gnu-toolchain-13.2.Rel1-mingw-w64-i686-arm-none-eabi/bin/../lib/gcc/arm-none-eabi/13.2.1/thumb/v6-m/nofp\libc_nano.a(libc_a-impure.o)
                0x10000014                _impure_ptr
 .data._impure_data
                0x10000018       0x4c C:/Users/sansar/Software/Compiler/arm-gnu-toolchain-13.2.Rel1-mingw-w64-i686-arm-none-eabi/bin/../lib/gcc/arm-none-eabi/13.2.1/thumb/v6-m/nofp\libc_nano.a(libc_a-impure.o)
                0x10000018                _impure_data
 *(.jcr*)
                0x10000064                        . = ALIGN (0x4)
                0x10000064                        __data_end__ = .
                0x000026a0                        __DATA_END = (__DATA_ROM + (__data_end__ - __data_start__))
                0x00008000                        text_end = (ORIGIN (m_text) + LENGTH (m_text))
                0x00000001                        ASSERT ((__DATA_END <= text_end), region m_text overflowed with text and data)

.tm_clone_table
                0x10000064        0x0 load address 0x000026a0
 .tm_clone_table
                0x10000064        0x0 C:/Users/sansar/Software/Compiler/arm-gnu-toolchain-13.2.Rel1-mingw-w64-i686-arm-none-eabi/bin/../lib/gcc/arm-none-eabi/13.2.1/thumb/v6-m/nofp/crtbegin.o
 .tm_clone_table
                0x10000064        0x0 C:/Users/sansar/Software/Compiler/arm-gnu-toolchain-13.2.Rel1-mingw-w64-i686-arm-none-eabi/bin/../lib/gcc/arm-none-eabi/13.2.1/thumb/v6-m/nofp/crtend.o

.igot.plt       0x10000064        0x0 load address 0x000026a0
 .igot.plt      0x10000064        0x0 C:/Users/sansar/Software/Compiler/arm-gnu-toolchain-13.2.Rel1-mingw-w64-i686-arm-none-eabi/bin/../lib/gcc/arm-none-eabi/13.2.1/thumb/v6-m/nofp/crtbegin.o

.bss            0x10000064      0x1b4 load address 0x000026a0
                0x10000064                        . = ALIGN (0x4)
                0x10000064                        __START_BSS = .
                0x10000064                        __bss_start__ = .
 *(.bss)
 .bss           0x10000064        0x0 C:/Users/sansar/Software/Compiler/arm-gnu-toolchain-13.2.Rel1-mingw-w64-i686-arm-none-eabi/bin/../lib/gcc/arm-none-eabi/13.2.1/thumb/v6-m/nofp/crti.o
 .bss           0x10000064        0x0 C:/Users/sansar/Software/Compiler/arm-gnu-toolchain-13.2.Rel1-mingw-w64-i686-arm-none-eabi/bin/../lib/gcc/arm-none-eabi/13.2.1/thumb/v6-m/nofp/crtbegin.o
 .bss           0x10000064        0x0 C:/Users/sansar/Software/Compiler/arm-gnu-toolchain-13.2.Rel1-mingw-w64-i686-arm-none-eabi/bin/../lib/gcc/arm-none-eabi/13.2.1/thumb/v6-m/nofp/crt0.o
 .bss           0x10000064        0x0 build/exp3.o
 .bss           0x10000064        0x0 build/system_LPC824.o
 .bss           0x10000064        0x0 build/fsl_common.o
 .bss           0x10000064        0x0 build/fsl_common_arm.o
 .bss           0x10000064        0x0 build/fsl_gpio.o
 .bss           0x10000064        0x0 build/fsl_power.o
 .bss           0x10000064        0x0 build/fsl_clock.o
 .bss           0x10000064        0x0 build/fsl_reset.o
 .bss           0x10000064        0x0 build/fsl_swm.o
 .bss           0x10000064        0x0 build/fsl_sctimer.o
 .bss           0x10000064        0x0 build/fsl_mrt.o
 .bss           0x10000064        0x0 build/startup_LPC824.o
 .bss           0x10000064        0x0 C:/Users/sansar/Software/Compiler/arm-gnu-toolchain-13.2.Rel1-mingw-w64-i686-arm-none-eabi/bin/../lib/gcc/arm-none-eabi/13.2.1/thumb/v6-m/nofp\libgcc.a(_thumb1_case_uqi.o)
 .bss           0x10000064        0x0 C:/Users/sansar/Software/Compiler/arm-gnu-toolchain-13.2.Rel1-mingw-w64-i686-arm-none-eabi/bin/../lib/gcc/arm-none-eabi/13.2.1/thumb/v6-m/nofp\libgcc.a(_udivsi3.o)
 .bss           0x10000064        0x0 C:/Users/sansar/Software/Compiler/arm-gnu-toolchain-13.2.Rel1-mingw-w64-i686-arm-none-eabi/bin/../lib/gcc/arm-none-eabi/13.2.1/thumb/v6-m/nofp\libgcc.a(_divsi3.o)
 .bss           0x10000064        0x0 C:/Users/sansar/Software/Compiler/arm-gnu-toolchain-13.2.Rel1-mingw-w64-i686-arm-none-eabi/bin/../lib/gcc/arm-none-eabi/13.2.1/thumb/v6-m/nofp\libgcc.a(_dvmd_tls.o)
 .bss           0x10000064        0x0 C:/Users/sansar/Software/Compiler/arm-gnu-toolchain-13.2.Rel1-mingw-w64-i686-arm-none-eabi/bin/../lib/gcc/arm-none-eabi/13.2.1/thumb/v6-m/nofp\libgcc.a(_aeabi_ldivmod.o)
 .bss           0x10000064        0x0 C:/Users/sansar/Software/Compiler/arm-gnu-toolchain-13.2.Rel1-mingw-w64-i686-arm-none-eabi/bin/../lib/gcc/arm-none-eabi/13.2.1/thumb/v6-m/nofp\libgcc.a(_aeabi_uldivmod.o)
 .bss           0x10000064        0x0 C:/Users/sansar/Software/Compiler/arm-gnu-toolchain-13.2.Rel1-mingw-w64-i686-arm-none-eabi/bin/../lib/gcc/arm-none-eabi/13.2.1/thumb/v6-m/nofp\libgcc.a(_muldi3.o)
 .bss           0x10000064        0x0 C:/Users/sansar/Software/Compiler/arm-gnu-toolchain-13.2.Rel1-mingw-w64-i686-arm-none-eabi/bin/../lib/gcc/arm-none-eabi/13.2.1/thumb/v6-m/nofp\libgcc.a(_udivmoddi4.o)
 .bss           0x10000064        0x0 C:/Users/sansar/Software/Compiler/arm-gnu-toolchain-13.2.Rel1-mingw-w64-i686-arm-none-eabi/bin/../lib/gcc/arm-none-eabi/13.2.1/thumb/v6-m/nofp\libgcc.a(bpabi.o)
 .bss           0x10000064        0x0 C:/Users/sansar/Software/Compiler/arm-gnu-toolchain-13.2.Rel1-mingw-w64-i686-arm-none-eabi/bin/../lib/gcc/arm-none-eabi/13.2.1/thumb/v6-m/nofp\libgcc.a(_clzdi2.o)
 .bss           0x10000064        0x0 C:/Users/sansar/Software/Compiler/arm-gnu-toolchain-13.2.Rel1-mingw-w64-i686-arm-none-eabi/bin/../lib/gcc/arm-none-eabi/13.2.1/thumb/v6-m/nofp\libgcc.a(_divdi3.o)
 .bss           0x10000064        0x0 C:/Users/sansar/Software/Compiler/arm-gnu-toolchain-13.2.Rel1-mingw-w64-i686-arm-none-eabi/bin/../lib/gcc/arm-none-eabi/13.2.1/thumb/v6-m/nofp\libgcc.a(_clzsi2.o)
 .bss           0x10000064        0x0 C:/Users/sansar/Software/Compiler/arm-gnu-toolchain-13.2.Rel1-mingw-w64-i686-arm-none-eabi/bin/../lib/gcc/arm-none-eabi/13.2.1/thumb/v6-m/nofp\libc_nano.a(libc_a-exit.o)
 .bss           0x10000064        0x0 C:/Users/sansar/Software/Compiler/arm-gnu-toolchain-13.2.Rel1-mingw-w64-i686-arm-none-eabi/bin/../lib/gcc/arm-none-eabi/13.2.1/thumb/v6-m/nofp\libc_nano.a(libc_a-malloc.o)
 .bss           0x10000064        0x0 C:/Users/sansar/Software/Compiler/arm-gnu-toolchain-13.2.Rel1-mingw-w64-i686-arm-none-eabi/bin/../lib/gcc/arm-none-eabi/13.2.1/thumb/v6-m/nofp\libc_nano.a(libc_a-mallocr.o)
 .bss           0x10000064        0x0 C:/Users/sansar/Software/Compiler/arm-gnu-toolchain-13.2.Rel1-mingw-w64-i686-arm-none-eabi/bin/../lib/gcc/arm-none-eabi/13.2.1/thumb/v6-m/nofp\libc_nano.a(libc_a-mlock.o)
 .bss           0x10000064        0x0 C:/Users/sansar/Software/Compiler/arm-gnu-toolchain-13.2.Rel1-mingw-w64-i686-arm-none-eabi/bin/../lib/gcc/arm-none-eabi/13.2.1/thumb/v6-m/nofp\libc_nano.a(libc_a-findfp.o)
 .bss           0x10000064        0x0 C:/Users/sansar/Software/Compiler/arm-gnu-toolchain-13.2.Rel1-mingw-w64-i686-arm-none-eabi/bin/../lib/gcc/arm-none-eabi/13.2.1/thumb/v6-m/nofp\libc_nano.a(libc_a-fwalk.o)
 .bss           0x10000064        0x0 C:/Users/sansar/Software/Compiler/arm-gnu-toolchain-13.2.Rel1-mingw-w64-i686-arm-none-eabi/bin/../lib/gcc/arm-none-eabi/13.2.1/thumb/v6-m/nofp\libc_nano.a(libc_a-stdio.o)
 .bss           0x10000064        0x0 C:/Users/sansar/Software/Compiler/arm-gnu-toolchain-13.2.Rel1-mingw-w64-i686-arm-none-eabi/bin/../lib/gcc/arm-none-eabi/13.2.1/thumb/v6-m/nofp\libc_nano.a(libc_a-memset.o)
 .bss           0x10000064        0x0 C:/Users/sansar/Software/Compiler/arm-gnu-toolchain-13.2.Rel1-mingw-w64-i686-arm-none-eabi/bin/../lib/gcc/arm-none-eabi/13.2.1/thumb/v6-m/nofp\libc_nano.a(libc_a-closer.o)
 .bss           0x10000064        0x0 C:/Users/sansar/Software/Compiler/arm-gnu-toolchain-13.2.Rel1-mingw-w64-i686-arm-none-eabi/bin/../lib/gcc/arm-none-eabi/13.2.1/thumb/v6-m/nofp\libc_nano.a(libc_a-reent.o)
 .bss           0x10000064        0x0 C:/Users/sansar/Software/Compiler/arm-gnu-toolchain-13.2.Rel1-mingw-w64-i686-arm-none-eabi/bin/../lib/gcc/arm-none-eabi/13.2.1/thumb/v6-m/nofp\libc_nano.a(libc_a-impure.o)
 .bss           0x10000064        0x0 C:/Users/sansar/Software/Compiler/arm-gnu-toolchain-13.2.Rel1-mingw-w64-i686-arm-none-eabi/bin/../lib/gcc/arm-none-eabi/13.2.1/thumb/v6-m/nofp\libc_nano.a(libc_a-lseekr.o)
 .bss           0x10000064        0x0 C:/Users/sansar/Software/Compiler/arm-gnu-toolchain-13.2.Rel1-mingw-w64-i686-arm-none-eabi/bin/../lib/gcc/arm-none-eabi/13.2.1/thumb/v6-m/nofp\libc_nano.a(libc_a-readr.o)
 .bss           0x10000064        0x0 C:/Users/sansar/Software/Compiler/arm-gnu-toolchain-13.2.Rel1-mingw-w64-i686-arm-none-eabi/bin/../lib/gcc/arm-none-eabi/13.2.1/thumb/v6-m/nofp\libc_nano.a(libc_a-sbrkr.o)
 .bss           0x10000064        0x0 C:/Users/sansar/Software/Compiler/arm-gnu-toolchain-13.2.Rel1-mingw-w64-i686-arm-none-eabi/bin/../lib/gcc/arm-none-eabi/13.2.1/thumb/v6-m/nofp\libc_nano.a(libc_a-writer.o)
 .bss           0x10000064        0x0 C:/Users/sansar/Software/Compiler/arm-gnu-toolchain-13.2.Rel1-mingw-w64-i686-arm-none-eabi/bin/../lib/gcc/arm-none-eabi/13.2.1/thumb/v6-m/nofp\libc_nano.a(libc_a-init.o)
 .bss           0x10000064        0x0 C:/Users/sansar/Software/Compiler/arm-gnu-toolchain-13.2.Rel1-mingw-w64-i686-arm-none-eabi/bin/../lib/gcc/arm-none-eabi/13.2.1/thumb/v6-m/nofp\libc_nano.a(libc_a-lock.o)
 .bss           0x10000064        0x0 C:/Users/sansar/Software/Compiler/arm-gnu-toolchain-13.2.Rel1-mingw-w64-i686-arm-none-eabi/bin/../lib/gcc/arm-none-eabi/13.2.1/thumb/v6-m/nofp\libc_nano.a(libc_a-freer.o)
 .bss           0x10000064        0x0 C:/Users/sansar/Software/Compiler/arm-gnu-toolchain-13.2.Rel1-mingw-w64-i686-arm-none-eabi/bin/../lib/gcc/arm-none-eabi/13.2.1/thumb/v6-m/nofp\libc_nano.a(libc_a-fflush.o)
 .bss           0x10000064        0x0 C:/Users/sansar/Software/Compiler/arm-gnu-toolchain-13.2.Rel1-mingw-w64-i686-arm-none-eabi/bin/../lib/gcc/arm-none-eabi/13.2.1/thumb/v6-m/nofp\libnosys.a(close.o)
 .bss           0x10000064        0x0 C:/Users/sansar/Software/Compiler/arm-gnu-toolchain-13.2.Rel1-mingw-w64-i686-arm-none-eabi/bin/../lib/gcc/arm-none-eabi/13.2.1/thumb/v6-m/nofp\libnosys.a(lseek.o)
 .bss           0x10000064        0x0 C:/Users/sansar/Software/Compiler/arm-gnu-toolchain-13.2.Rel1-mingw-w64-i686-arm-none-eabi/bin/../lib/gcc/arm-none-eabi/13.2.1/thumb/v6-m/nofp\libnosys.a(read.o)
 .bss           0x10000064        0x0 C:/Users/sansar/Software/Compiler/arm-gnu-toolchain-13.2.Rel1-mingw-w64-i686-arm-none-eabi/bin/../lib/gcc/arm-none-eabi/13.2.1/thumb/v6-m/nofp\libnosys.a(sbrk.o)
 .bss           0x10000064        0x0 C:/Users/sansar/Software/Compiler/arm-gnu-toolchain-13.2.Rel1-mingw-w64-i686-arm-none-eabi/bin/../lib/gcc/arm-none-eabi/13.2.1/thumb/v6-m/nofp\libnosys.a(write.o)
 .bss           0x10000064        0x0 C:/Users/sansar/Software/Compiler/arm-gnu-toolchain-13.2.Rel1-mingw-w64-i686-arm-none-eabi/bin/../lib/gcc/arm-none-eabi/13.2.1/thumb/v6-m/nofp\libnosys.a(_exit.o)
 .bss           0x10000064        0x0 C:/Users/sansar/Software/Compiler/arm-gnu-toolchain-13.2.Rel1-mingw-w64-i686-arm-none-eabi/bin/../lib/gcc/arm-none-eabi/13.2.1/thumb/v6-m/nofp/crtend.o
 .bss           0x10000064        0x0 C:/Users/sansar/Software/Compiler/arm-gnu-toolchain-13.2.Rel1-mingw-w64-i686-arm-none-eabi/bin/../lib/gcc/arm-none-eabi/13.2.1/thumb/v6-m/nofp/crtn.o
 *(.bss*)
 .bss.completed.1
                0x10000064        0x1 C:/Users/sansar/Software/Compiler/arm-gnu-toolchain-13.2.Rel1-mingw-w64-i686-arm-none-eabi/bin/../lib/gcc/arm-none-eabi/13.2.1/thumb/v6-m/nofp/crtbegin.o
 *fill*         0x10000065        0x3 
 .bss.object.0  0x10000068       0x18 C:/Users/sansar/Software/Compiler/arm-gnu-toolchain-13.2.Rel1-mingw-w64-i686-arm-none-eabi/bin/../lib/gcc/arm-none-eabi/13.2.1/thumb/v6-m/nofp/crtbegin.o
 .bss.i.0       0x10000080        0x1 build/exp3.o
 .bss.counter.1
                0x10000081        0x1 build/exp3.o
 *fill*         0x10000082        0x2 
 .bss.s_Sys_Pll_Freq
                0x10000084        0x4 build/fsl_clock.o
 .bss.g_Wdt_Osc_Freq
                0x10000088        0x4 build/fsl_clock.o
                0x10000088                g_Wdt_Osc_Freq
 .bss.g_Ext_Clk_Freq
                0x1000008c        0x4 build/fsl_clock.o
                0x1000008c                g_Ext_Clk_Freq
 .bss.s_sctimerIsr
                0x10000090        0x4 build/fsl_sctimer.o
 .bss.s_currentMatchhigh
                0x10000094        0x4 build/fsl_sctimer.o
 .bss.s_currentMatch
                0x10000098        0x4 build/fsl_sctimer.o
 .bss.s_currentState
                0x1000009c        0x4 build/fsl_sctimer.o
 .bss.s_currentEvent
                0x100000a0        0x4 build/fsl_sctimer.o
 .bss.s_eventCallback
                0x100000a4       0x20 build/fsl_sctimer.o
 .bss.__malloc_sbrk_start
                0x100000c4        0x4 C:/Users/sansar/Software/Compiler/arm-gnu-toolchain-13.2.Rel1-mingw-w64-i686-arm-none-eabi/bin/../lib/gcc/arm-none-eabi/13.2.1/thumb/v6-m/nofp\libc_nano.a(libc_a-mallocr.o)
                0x100000c4                __malloc_sbrk_start
 .bss.__malloc_free_list
                0x100000c8        0x4 C:/Users/sansar/Software/Compiler/arm-gnu-toolchain-13.2.Rel1-mingw-w64-i686-arm-none-eabi/bin/../lib/gcc/arm-none-eabi/13.2.1/thumb/v6-m/nofp\libc_nano.a(libc_a-mallocr.o)
                0x100000c8                __malloc_free_list
 .bss.__sf      0x100000cc      0x138 C:/Users/sansar/Software/Compiler/arm-gnu-toolchain-13.2.Rel1-mingw-w64-i686-arm-none-eabi/bin/../lib/gcc/arm-none-eabi/13.2.1/thumb/v6-m/nofp\libc_nano.a(libc_a-findfp.o)
                0x100000cc                __sf
 .bss.__stdio_exit_handler
                0x10000204        0x4 C:/Users/sansar/Software/Compiler/arm-gnu-toolchain-13.2.Rel1-mingw-w64-i686-arm-none-eabi/bin/../lib/gcc/arm-none-eabi/13.2.1/thumb/v6-m/nofp\libc_nano.a(libc_a-findfp.o)
                0x10000204                __stdio_exit_handler
 .bss.errno     0x10000208        0x4 C:/Users/sansar/Software/Compiler/arm-gnu-toolchain-13.2.Rel1-mingw-w64-i686-arm-none-eabi/bin/../lib/gcc/arm-none-eabi/13.2.1/thumb/v6-m/nofp\libc_nano.a(libc_a-reent.o)
                0x10000208                errno
 .bss.__lock___arc4random_mutex
                0x1000020c        0x1 C:/Users/sansar/Software/Compiler/arm-gnu-toolchain-13.2.Rel1-mingw-w64-i686-arm-none-eabi/bin/../lib/gcc/arm-none-eabi/13.2.1/thumb/v6-m/nofp\libc_nano.a(libc_a-lock.o)
                0x1000020c                __lock___arc4random_mutex
 .bss.__lock___dd_hash_mutex
                0x1000020d        0x1 C:/Users/sansar/Software/Compiler/arm-gnu-toolchain-13.2.Rel1-mingw-w64-i686-arm-none-eabi/bin/../lib/gcc/arm-none-eabi/13.2.1/thumb/v6-m/nofp\libc_nano.a(libc_a-lock.o)
                0x1000020d                __lock___dd_hash_mutex
 .bss.__lock___tz_mutex
                0x1000020e        0x1 C:/Users/sansar/Software/Compiler/arm-gnu-toolchain-13.2.Rel1-mingw-w64-i686-arm-none-eabi/bin/../lib/gcc/arm-none-eabi/13.2.1/thumb/v6-m/nofp\libc_nano.a(libc_a-lock.o)
                0x1000020e                __lock___tz_mutex
 .bss.__lock___env_recursive_mutex
                0x1000020f        0x1 C:/Users/sansar/Software/Compiler/arm-gnu-toolchain-13.2.Rel1-mingw-w64-i686-arm-none-eabi/bin/../lib/gcc/arm-none-eabi/13.2.1/thumb/v6-m/nofp\libc_nano.a(libc_a-lock.o)
                0x1000020f                __lock___env_recursive_mutex
 .bss.__lock___malloc_recursive_mutex
                0x10000210        0x1 C:/Users/sansar/Software/Compiler/arm-gnu-toolchain-13.2.Rel1-mingw-w64-i686-arm-none-eabi/bin/../lib/gcc/arm-none-eabi/13.2.1/thumb/v6-m/nofp\libc_nano.a(libc_a-lock.o)
                0x10000210                __lock___malloc_recursive_mutex
 .bss.__lock___at_quick_exit_mutex
                0x10000211        0x1 C:/Users/sansar/Software/Compiler/arm-gnu-toolchain-13.2.Rel1-mingw-w64-i686-arm-none-eabi/bin/../lib/gcc/arm-none-eabi/13.2.1/thumb/v6-m/nofp\libc_nano.a(libc_a-lock.o)
                0x10000211                __lock___at_quick_exit_mutex
 .bss.__lock___atexit_recursive_mutex
                0x10000212        0x1 C:/Users/sansar/Software/Compiler/arm-gnu-toolchain-13.2.Rel1-mingw-w64-i686-arm-none-eabi/bin/../lib/gcc/arm-none-eabi/13.2.1/thumb/v6-m/nofp\libc_nano.a(libc_a-lock.o)
                0x10000212                __lock___atexit_recursive_mutex
 .bss.__lock___sfp_recursive_mutex
                0x10000213        0x1 C:/Users/sansar/Software/Compiler/arm-gnu-toolchain-13.2.Rel1-mingw-w64-i686-arm-none-eabi/bin/../lib/gcc/arm-none-eabi/13.2.1/thumb/v6-m/nofp\libc_nano.a(libc_a-lock.o)
                0x10000213                __lock___sfp_recursive_mutex
 .bss.heap_end.0
                0x10000214        0x4 C:/Users/sansar/Software/Compiler/arm-gnu-toolchain-13.2.Rel1-mingw-w64-i686-arm-none-eabi/bin/../lib/gcc/arm-none-eabi/13.2.1/thumb/v6-m/nofp\libnosys.a(sbrk.o)
 *(COMMON)
                0x10000218                        . = ALIGN (0x4)
                0x10000218                        __bss_end__ = .
                0x10000218                        __END_BSS = .

.heap           0x10000218      0x400 load address 0x00002854
                0x10000218                        . = ALIGN (0x8)
                0x10000218                        __end__ = .
                0x10000218                        PROVIDE (end = .)
                0x10000218                        __HeapBase = .
                0x10000618                        . = (. + HEAP_SIZE)
 *fill*         0x10000218      0x400 
                0x10000618                        __HeapLimit = .
                0x10000618                        __heap_limit = .

.stack          0x10000618      0x800 load address 0x00002c54
                0x10000618                        . = ALIGN (0x8)
                0x10000e18                        . = (. + STACK_SIZE)
 *fill*         0x10000618      0x800 
                0x10001fe0                        __StackTop = (ORIGIN (m_data) + LENGTH (m_data))
                0x100017e0                        __StackLimit = (__StackTop - STACK_SIZE)
                0x10001fe0                        PROVIDE (__stack = __StackTop)

.ARM.attributes
                0x00000000       0x28
 *(.ARM.attributes)
 .ARM.attributes
                0x00000000       0x1e C:/Users/sansar/Software/Compiler/arm-gnu-toolchain-13.2.Rel1-mingw-w64-i686-arm-none-eabi/bin/../lib/gcc/arm-none-eabi/13.2.1/thumb/v6-m/nofp/crti.o
 .ARM.attributes
                0x0000001e       0x2c C:/Users/sansar/Software/Compiler/arm-gnu-toolchain-13.2.Rel1-mingw-w64-i686-arm-none-eabi/bin/../lib/gcc/arm-none-eabi/13.2.1/thumb/v6-m/nofp/crtbegin.o
 .ARM.attributes
                0x0000004a       0x1b C:/Users/sansar/Software/Compiler/arm-gnu-toolchain-13.2.Rel1-mingw-w64-i686-arm-none-eabi/bin/../lib/gcc/arm-none-eabi/13.2.1/thumb/v6-m/nofp/crt0.o
 .ARM.attributes
                0x00000065       0x2c build/exp3.o
 .ARM.attributes
                0x00000091       0x2c build/system_LPC824.o
 .ARM.attributes
                0x000000bd       0x2c build/fsl_common.o
 .ARM.attributes
                0x000000e9       0x2c build/fsl_common_arm.o
 .ARM.attributes
                0x00000115       0x2c build/fsl_gpio.o
 .ARM.attributes
                0x00000141       0x2c build/fsl_power.o
 .ARM.attributes
                0x0000016d       0x2c build/fsl_clock.o
 .ARM.attributes
                0x00000199       0x2c build/fsl_reset.o
 .ARM.attributes
                0x000001c5       0x2c build/fsl_swm.o
 .ARM.attributes
                0x000001f1       0x2c build/fsl_sctimer.o
 .ARM.attributes
                0x0000021d       0x2c build/fsl_mrt.o
 .ARM.attributes
                0x00000249       0x1b build/startup_LPC824.o
 .ARM.attributes
                0x00000264       0x1e C:/Users/sansar/Software/Compiler/arm-gnu-toolchain-13.2.Rel1-mingw-w64-i686-arm-none-eabi/bin/../lib/gcc/arm-none-eabi/13.2.1/thumb/v6-m/nofp\libgcc.a(_thumb1_case_uqi.o)
 .ARM.attributes
                0x00000282       0x1e C:/Users/sansar/Software/Compiler/arm-gnu-toolchain-13.2.Rel1-mingw-w64-i686-arm-none-eabi/bin/../lib/gcc/arm-none-eabi/13.2.1/thumb/v6-m/nofp\libgcc.a(_udivsi3.o)
 .ARM.attributes
                0x000002a0       0x1e C:/Users/sansar/Software/Compiler/arm-gnu-toolchain-13.2.Rel1-mingw-w64-i686-arm-none-eabi/bin/../lib/gcc/arm-none-eabi/13.2.1/thumb/v6-m/nofp\libgcc.a(_divsi3.o)
 .ARM.attributes
                0x000002be       0x1e C:/Users/sansar/Software/Compiler/arm-gnu-toolchain-13.2.Rel1-mingw-w64-i686-arm-none-eabi/bin/../lib/gcc/arm-none-eabi/13.2.1/thumb/v6-m/nofp\libgcc.a(_dvmd_tls.o)
 .ARM.attributes
                0x000002dc       0x1e C:/Users/sansar/Software/Compiler/arm-gnu-toolchain-13.2.Rel1-mingw-w64-i686-arm-none-eabi/bin/../lib/gcc/arm-none-eabi/13.2.1/thumb/v6-m/nofp\libgcc.a(_aeabi_ldivmod.o)
 .ARM.attributes
                0x000002fa       0x1e C:/Users/sansar/Software/Compiler/arm-gnu-toolchain-13.2.Rel1-mingw-w64-i686-arm-none-eabi/bin/../lib/gcc/arm-none-eabi/13.2.1/thumb/v6-m/nofp\libgcc.a(_aeabi_uldivmod.o)
 .ARM.attributes
                0x00000318       0x2c C:/Users/sansar/Software/Compiler/arm-gnu-toolchain-13.2.Rel1-mingw-w64-i686-arm-none-eabi/bin/../lib/gcc/arm-none-eabi/13.2.1/thumb/v6-m/nofp\libgcc.a(_muldi3.o)
 .ARM.attributes
                0x00000344       0x2c C:/Users/sansar/Software/Compiler/arm-gnu-toolchain-13.2.Rel1-mingw-w64-i686-arm-none-eabi/bin/../lib/gcc/arm-none-eabi/13.2.1/thumb/v6-m/nofp\libgcc.a(_udivmoddi4.o)
 .ARM.attributes
                0x00000370       0x2c C:/Users/sansar/Software/Compiler/arm-gnu-toolchain-13.2.Rel1-mingw-w64-i686-arm-none-eabi/bin/../lib/gcc/arm-none-eabi/13.2.1/thumb/v6-m/nofp\libgcc.a(bpabi.o)
 .ARM.attributes
                0x0000039c       0x1e C:/Users/sansar/Software/Compiler/arm-gnu-toolchain-13.2.Rel1-mingw-w64-i686-arm-none-eabi/bin/../lib/gcc/arm-none-eabi/13.2.1/thumb/v6-m/nofp\libgcc.a(_clzdi2.o)
 .ARM.attributes
                0x000003ba       0x2c C:/Users/sansar/Software/Compiler/arm-gnu-toolchain-13.2.Rel1-mingw-w64-i686-arm-none-eabi/bin/../lib/gcc/arm-none-eabi/13.2.1/thumb/v6-m/nofp\libgcc.a(_divdi3.o)
 .ARM.attributes
                0x000003e6       0x1e C:/Users/sansar/Software/Compiler/arm-gnu-toolchain-13.2.Rel1-mingw-w64-i686-arm-none-eabi/bin/../lib/gcc/arm-none-eabi/13.2.1/thumb/v6-m/nofp\libgcc.a(_clzsi2.o)
 .ARM.attributes
                0x00000404       0x2c C:/Users/sansar/Software/Compiler/arm-gnu-toolchain-13.2.Rel1-mingw-w64-i686-arm-none-eabi/bin/../lib/gcc/arm-none-eabi/13.2.1/thumb/v6-m/nofp\libc_nano.a(libc_a-exit.o)
 .ARM.attributes
                0x00000430       0x2c C:/Users/sansar/Software/Compiler/arm-gnu-toolchain-13.2.Rel1-mingw-w64-i686-arm-none-eabi/bin/../lib/gcc/arm-none-eabi/13.2.1/thumb/v6-m/nofp\libc_nano.a(libc_a-malloc.o)
 .ARM.attributes
                0x0000045c       0x2c C:/Users/sansar/Software/Compiler/arm-gnu-toolchain-13.2.Rel1-mingw-w64-i686-arm-none-eabi/bin/../lib/gcc/arm-none-eabi/13.2.1/thumb/v6-m/nofp\libc_nano.a(libc_a-mallocr.o)
 .ARM.attributes
                0x00000488       0x2c C:/Users/sansar/Software/Compiler/arm-gnu-toolchain-13.2.Rel1-mingw-w64-i686-arm-none-eabi/bin/../lib/gcc/arm-none-eabi/13.2.1/thumb/v6-m/nofp\libc_nano.a(libc_a-mlock.o)
 .ARM.attributes
                0x000004b4       0x2c C:/Users/sansar/Software/Compiler/arm-gnu-toolchain-13.2.Rel1-mingw-w64-i686-arm-none-eabi/bin/../lib/gcc/arm-none-eabi/13.2.1/thumb/v6-m/nofp\libc_nano.a(libc_a-findfp.o)
 .ARM.attributes
                0x000004e0       0x2c C:/Users/sansar/Software/Compiler/arm-gnu-toolchain-13.2.Rel1-mingw-w64-i686-arm-none-eabi/bin/../lib/gcc/arm-none-eabi/13.2.1/thumb/v6-m/nofp\libc_nano.a(libc_a-fwalk.o)
 .ARM.attributes
                0x0000050c       0x2c C:/Users/sansar/Software/Compiler/arm-gnu-toolchain-13.2.Rel1-mingw-w64-i686-arm-none-eabi/bin/../lib/gcc/arm-none-eabi/13.2.1/thumb/v6-m/nofp\libc_nano.a(libc_a-stdio.o)
 .ARM.attributes
                0x00000538       0x2c C:/Users/sansar/Software/Compiler/arm-gnu-toolchain-13.2.Rel1-mingw-w64-i686-arm-none-eabi/bin/../lib/gcc/arm-none-eabi/13.2.1/thumb/v6-m/nofp\libc_nano.a(libc_a-memset.o)
 .ARM.attributes
                0x00000564       0x2c C:/Users/sansar/Software/Compiler/arm-gnu-toolchain-13.2.Rel1-mingw-w64-i686-arm-none-eabi/bin/../lib/gcc/arm-none-eabi/13.2.1/thumb/v6-m/nofp\libc_nano.a(libc_a-closer.o)
 .ARM.attributes
                0x00000590       0x2c C:/Users/sansar/Software/Compiler/arm-gnu-toolchain-13.2.Rel1-mingw-w64-i686-arm-none-eabi/bin/../lib/gcc/arm-none-eabi/13.2.1/thumb/v6-m/nofp\libc_nano.a(libc_a-reent.o)
 .ARM.attributes
                0x000005bc       0x2c C:/Users/sansar/Software/Compiler/arm-gnu-toolchain-13.2.Rel1-mingw-w64-i686-arm-none-eabi/bin/../lib/gcc/arm-none-eabi/13.2.1/thumb/v6-m/nofp\libc_nano.a(libc_a-impure.o)
 .ARM.attributes
                0x000005e8       0x2c C:/Users/sansar/Software/Compiler/arm-gnu-toolchain-13.2.Rel1-mingw-w64-i686-arm-none-eabi/bin/../lib/gcc/arm-none-eabi/13.2.1/thumb/v6-m/nofp\libc_nano.a(libc_a-lseekr.o)
 .ARM.attributes
                0x00000614       0x2c C:/Users/sansar/Software/Compiler/arm-gnu-toolchain-13.2.Rel1-mingw-w64-i686-arm-none-eabi/bin/../lib/gcc/arm-none-eabi/13.2.1/thumb/v6-m/nofp\libc_nano.a(libc_a-readr.o)
 .ARM.attributes
                0x00000640       0x2c C:/Users/sansar/Software/Compiler/arm-gnu-toolchain-13.2.Rel1-mingw-w64-i686-arm-none-eabi/bin/../lib/gcc/arm-none-eabi/13.2.1/thumb/v6-m/nofp\libc_nano.a(libc_a-sbrkr.o)
 .ARM.attributes
                0x0000066c       0x2c C:/Users/sansar/Software/Compiler/arm-gnu-toolchain-13.2.Rel1-mingw-w64-i686-arm-none-eabi/bin/../lib/gcc/arm-none-eabi/13.2.1/thumb/v6-m/nofp\libc_nano.a(libc_a-writer.o)
 .ARM.attributes
                0x00000698       0x2c C:/Users/sansar/Software/Compiler/arm-gnu-toolchain-13.2.Rel1-mingw-w64-i686-arm-none-eabi/bin/../lib/gcc/arm-none-eabi/13.2.1/thumb/v6-m/nofp\libc_nano.a(libc_a-init.o)
 .ARM.attributes
                0x000006c4       0x2c C:/Users/sansar/Software/Compiler/arm-gnu-toolchain-13.2.Rel1-mingw-w64-i686-arm-none-eabi/bin/../lib/gcc/arm-none-eabi/13.2.1/thumb/v6-m/nofp\libc_nano.a(libc_a-lock.o)
 .ARM.attributes
                0x000006f0       0x2c C:/Users/sansar/Software/Compiler/arm-gnu-toolchain-13.2.Rel1-mingw-w64-i686-arm-none-eabi/bin/../lib/gcc/arm-none-eabi/13.2.1/thumb/v6-m/nofp\libc_nano.a(libc_a-freer.o)
 .ARM.attributes
                0x0000071c       0x2c C:/Users/sansar/Software/Compiler/arm-gnu-toolchain-13.2.Rel1-mingw-w64-i686-arm-none-eabi/bin/../lib/gcc/arm-none-eabi/13.2.1/thumb/v6-m/nofp\libc_nano.a(libc_a-fflush.o)
 .ARM.attributes
                0x00000748       0x2c C:/Users/sansar/Software/Compiler/arm-gnu-toolchain-13.2.Rel1-mingw-w64-i686-arm-none-eabi/bin/../lib/gcc/arm-none-eabi/13.2.1/thumb/v6-m/nofp\libnosys.a(close.o)
 .ARM.attributes
                0x00000774       0x2c C:/Users/sansar/Software/Compiler/arm-gnu-toolchain-13.2.Rel1-mingw-w64-i686-arm-none-eabi/bin/../lib/gcc/arm-none-eabi/13.2.1/thumb/v6-m/nofp\libnosys.a(lseek.o)
 .ARM.attributes
                0x000007a0       0x2c C:/Users/sansar/Software/Compiler/arm-gnu-toolchain-13.2.Rel1-mingw-w64-i686-arm-none-eabi/bin/../lib/gcc/arm-none-eabi/13.2.1/thumb/v6-m/nofp\libnosys.a(read.o)
 .ARM.attributes
                0x000007cc       0x2c C:/Users/sansar/Software/Compiler/arm-gnu-toolchain-13.2.Rel1-mingw-w64-i686-arm-none-eabi/bin/../lib/gcc/arm-none-eabi/13.2.1/thumb/v6-m/nofp\libnosys.a(sbrk.o)
 .ARM.attributes
                0x000007f8       0x2c C:/Users/sansar/Software/Compiler/arm-gnu-toolchain-13.2.Rel1-mingw-w64-i686-arm-none-eabi/bin/../lib/gcc/arm-none-eabi/13.2.1/thumb/v6-m/nofp\libnosys.a(write.o)
 .ARM.attributes
                0x00000824       0x2c C:/Users/sansar/Software/Compiler/arm-gnu-toolchain-13.2.Rel1-mingw-w64-i686-arm-none-eabi/bin/../lib/gcc/arm-none-eabi/13.2.1/thumb/v6-m/nofp\libnosys.a(_exit.o)
 .ARM.attributes
                0x00000850       0x2c C:/Users/sansar/Software/Compiler/arm-gnu-toolchain-13.2.Rel1-mingw-w64-i686-arm-none-eabi/bin/../lib/gcc/arm-none-eabi/13.2.1/thumb/v6-m/nofp/crtend.o
 .ARM.attributes
                0x0000087c       0x1e C:/Users/sansar/Software/Compiler/arm-gnu-toolchain-13.2.Rel1-mingw-w64-i686-arm-none-eabi/bin/../lib/gcc/arm-none-eabi/13.2.1/thumb/v6-m/nofp/crtn.o
                0x00000001                        ASSERT ((__StackLimit >= __HeapLimit), region m_data overflowed with stack and heap)
OUTPUT(build/16_bit_timer.elf elf32-littlearm)
LOAD linker stubs

.debug_line_str
                0x00000000      0x1a7
 .debug_line_str
                0x00000000      0x1a7 C:/Users/sansar/Software/Compiler/arm-gnu-toolchain-13.2.Rel1-mingw-w64-i686-arm-none-eabi/bin/../lib/gcc/arm-none-eabi/13.2.1/thumb/v6-m/nofp/crt0.o
                                 0xd2 (size before relaxing)
 .debug_line_str
                0x000001a7       0xc9 C:/Users/sansar/Software/Compiler/arm-gnu-toolchain-13.2.Rel1-mingw-w64-i686-arm-none-eabi/bin/../lib/gcc/arm-none-eabi/13.2.1/thumb/v6-m/nofp\libgcc.a(_thumb1_case_uqi.o)
 .debug_line_str
                0x000001a7       0xc9 C:/Users/sansar/Software/Compiler/arm-gnu-toolchain-13.2.Rel1-mingw-w64-i686-arm-none-eabi/bin/../lib/gcc/arm-none-eabi/13.2.1/thumb/v6-m/nofp\libgcc.a(_udivsi3.o)
 .debug_line_str
                0x000001a7       0xc9 C:/Users/sansar/Software/Compiler/arm-gnu-toolchain-13.2.Rel1-mingw-w64-i686-arm-none-eabi/bin/../lib/gcc/arm-none-eabi/13.2.1/thumb/v6-m/nofp\libgcc.a(_divsi3.o)
 .debug_line_str
                0x000001a7       0xc9 C:/Users/sansar/Software/Compiler/arm-gnu-toolchain-13.2.Rel1-mingw-w64-i686-arm-none-eabi/bin/../lib/gcc/arm-none-eabi/13.2.1/thumb/v6-m/nofp\libgcc.a(_dvmd_tls.o)
 .debug_line_str
                0x000001a7       0xc9 C:/Users/sansar/Software/Compiler/arm-gnu-toolchain-13.2.Rel1-mingw-w64-i686-arm-none-eabi/bin/../lib/gcc/arm-none-eabi/13.2.1/thumb/v6-m/nofp\libgcc.a(_aeabi_ldivmod.o)
 .debug_line_str
                0x000001a7       0xc9 C:/Users/sansar/Software/Compiler/arm-gnu-toolchain-13.2.Rel1-mingw-w64-i686-arm-none-eabi/bin/../lib/gcc/arm-none-eabi/13.2.1/thumb/v6-m/nofp\libgcc.a(_aeabi_uldivmod.o)
 .debug_line_str
                0x000001a7       0xc9 C:/Users/sansar/Software/Compiler/arm-gnu-toolchain-13.2.Rel1-mingw-w64-i686-arm-none-eabi/bin/../lib/gcc/arm-none-eabi/13.2.1/thumb/v6-m/nofp\libgcc.a(_clzdi2.o)
 .debug_line_str
                0x000001a7       0xc9 C:/Users/sansar/Software/Compiler/arm-gnu-toolchain-13.2.Rel1-mingw-w64-i686-arm-none-eabi/bin/../lib/gcc/arm-none-eabi/13.2.1/thumb/v6-m/nofp\libgcc.a(_clzsi2.o)

.comment        0x00000000       0x44
 .comment       0x00000000       0x44 build/exp3.o
                                 0x45 (size before relaxing)
 .comment       0x00000044       0x45 build/system_LPC824.o
 .comment       0x00000044       0x45 build/fsl_common.o
 .comment       0x00000044       0x45 build/fsl_common_arm.o
 .comment       0x00000044       0x45 build/fsl_gpio.o
 .comment       0x00000044       0x45 build/fsl_power.o
 .comment       0x00000044       0x45 build/fsl_clock.o
 .comment       0x00000044       0x45 build/fsl_reset.o
 .comment       0x00000044       0x45 build/fsl_swm.o
 .comment       0x00000044       0x45 build/fsl_sctimer.o
 .comment       0x00000044       0x45 build/fsl_mrt.o

.debug_frame    0x00000000      0x770
 .debug_frame   0x00000000       0x20 C:/Users/sansar/Software/Compiler/arm-gnu-toolchain-13.2.Rel1-mingw-w64-i686-arm-none-eabi/bin/../lib/gcc/arm-none-eabi/13.2.1/thumb/v6-m/nofp\libgcc.a(_udivsi3.o)
 .debug_frame   0x00000020       0x20 C:/Users/sansar/Software/Compiler/arm-gnu-toolchain-13.2.Rel1-mingw-w64-i686-arm-none-eabi/bin/../lib/gcc/arm-none-eabi/13.2.1/thumb/v6-m/nofp\libgcc.a(_divsi3.o)
 .debug_frame   0x00000040       0x34 C:/Users/sansar/Software/Compiler/arm-gnu-toolchain-13.2.Rel1-mingw-w64-i686-arm-none-eabi/bin/../lib/gcc/arm-none-eabi/13.2.1/thumb/v6-m/nofp\libgcc.a(_muldi3.o)
 .debug_frame   0x00000074       0x3c C:/Users/sansar/Software/Compiler/arm-gnu-toolchain-13.2.Rel1-mingw-w64-i686-arm-none-eabi/bin/../lib/gcc/arm-none-eabi/13.2.1/thumb/v6-m/nofp\libgcc.a(_udivmoddi4.o)
 .debug_frame   0x000000b0       0x38 C:/Users/sansar/Software/Compiler/arm-gnu-toolchain-13.2.Rel1-mingw-w64-i686-arm-none-eabi/bin/../lib/gcc/arm-none-eabi/13.2.1/thumb/v6-m/nofp\libgcc.a(bpabi.o)
 .debug_frame   0x000000e8       0x3c C:/Users/sansar/Software/Compiler/arm-gnu-toolchain-13.2.Rel1-mingw-w64-i686-arm-none-eabi/bin/../lib/gcc/arm-none-eabi/13.2.1/thumb/v6-m/nofp\libgcc.a(_divdi3.o)
 .debug_frame   0x00000124       0x28 C:/Users/sansar/Software/Compiler/arm-gnu-toolchain-13.2.Rel1-mingw-w64-i686-arm-none-eabi/bin/../lib/gcc/arm-none-eabi/13.2.1/thumb/v6-m/nofp\libc_nano.a(libc_a-exit.o)
 .debug_frame   0x0000014c       0x40 C:/Users/sansar/Software/Compiler/arm-gnu-toolchain-13.2.Rel1-mingw-w64-i686-arm-none-eabi/bin/../lib/gcc/arm-none-eabi/13.2.1/thumb/v6-m/nofp\libc_nano.a(libc_a-malloc.o)
 .debug_frame   0x0000018c       0x50 C:/Users/sansar/Software/Compiler/arm-gnu-toolchain-13.2.Rel1-mingw-w64-i686-arm-none-eabi/bin/../lib/gcc/arm-none-eabi/13.2.1/thumb/v6-m/nofp\libc_nano.a(libc_a-mallocr.o)
 .debug_frame   0x000001dc       0x40 C:/Users/sansar/Software/Compiler/arm-gnu-toolchain-13.2.Rel1-mingw-w64-i686-arm-none-eabi/bin/../lib/gcc/arm-none-eabi/13.2.1/thumb/v6-m/nofp\libc_nano.a(libc_a-mlock.o)
 .debug_frame   0x0000021c      0x138 C:/Users/sansar/Software/Compiler/arm-gnu-toolchain-13.2.Rel1-mingw-w64-i686-arm-none-eabi/bin/../lib/gcc/arm-none-eabi/13.2.1/thumb/v6-m/nofp\libc_nano.a(libc_a-findfp.o)
 .debug_frame   0x00000354       0x34 C:/Users/sansar/Software/Compiler/arm-gnu-toolchain-13.2.Rel1-mingw-w64-i686-arm-none-eabi/bin/../lib/gcc/arm-none-eabi/13.2.1/thumb/v6-m/nofp\libc_nano.a(libc_a-fwalk.o)
 .debug_frame   0x00000388       0x90 C:/Users/sansar/Software/Compiler/arm-gnu-toolchain-13.2.Rel1-mingw-w64-i686-arm-none-eabi/bin/../lib/gcc/arm-none-eabi/13.2.1/thumb/v6-m/nofp\libc_nano.a(libc_a-stdio.o)
 .debug_frame   0x00000418       0x20 C:/Users/sansar/Software/Compiler/arm-gnu-toolchain-13.2.Rel1-mingw-w64-i686-arm-none-eabi/bin/../lib/gcc/arm-none-eabi/13.2.1/thumb/v6-m/nofp\libc_nano.a(libc_a-memset.o)
 .debug_frame   0x00000438       0x2c C:/Users/sansar/Software/Compiler/arm-gnu-toolchain-13.2.Rel1-mingw-w64-i686-arm-none-eabi/bin/../lib/gcc/arm-none-eabi/13.2.1/thumb/v6-m/nofp\libc_nano.a(libc_a-closer.o)
 .debug_frame   0x00000464       0x2c C:/Users/sansar/Software/Compiler/arm-gnu-toolchain-13.2.Rel1-mingw-w64-i686-arm-none-eabi/bin/../lib/gcc/arm-none-eabi/13.2.1/thumb/v6-m/nofp\libc_nano.a(libc_a-reent.o)
 .debug_frame   0x00000490       0x2c C:/Users/sansar/Software/Compiler/arm-gnu-toolchain-13.2.Rel1-mingw-w64-i686-arm-none-eabi/bin/../lib/gcc/arm-none-eabi/13.2.1/thumb/v6-m/nofp\libc_nano.a(libc_a-lseekr.o)
 .debug_frame   0x000004bc       0x2c C:/Users/sansar/Software/Compiler/arm-gnu-toolchain-13.2.Rel1-mingw-w64-i686-arm-none-eabi/bin/../lib/gcc/arm-none-eabi/13.2.1/thumb/v6-m/nofp\libc_nano.a(libc_a-readr.o)
 .debug_frame   0x000004e8       0x2c C:/Users/sansar/Software/Compiler/arm-gnu-toolchain-13.2.Rel1-mingw-w64-i686-arm-none-eabi/bin/../lib/gcc/arm-none-eabi/13.2.1/thumb/v6-m/nofp\libc_nano.a(libc_a-sbrkr.o)
 .debug_frame   0x00000514       0x2c C:/Users/sansar/Software/Compiler/arm-gnu-toolchain-13.2.Rel1-mingw-w64-i686-arm-none-eabi/bin/../lib/gcc/arm-none-eabi/13.2.1/thumb/v6-m/nofp\libc_nano.a(libc_a-writer.o)