Archive member included to satisfy reference by file (symbol)

c:/program files (x86)/arm gnu toolchain arm-none-eabi/12.3 rel1/bin/../lib/gcc/arm-none-eabi/12.3.1/thumb/v6-m/nofp\libgcc.a(_thumb1_case_sqi.o)
                              build/fsl_str.o (__gnu_thumb1_case_sqi)
c:/program files (x86)/arm gnu toolchain arm-none-eabi/12.3 rel1/bin/../lib/gcc/arm-none-eabi/12.3.1/thumb/v6-m/nofp\libgcc.a(_thumb1_case_uqi.o)
                              build/fsl_clock.o (__gnu_thumb1_case_uqi)
c:/program files (x86)/arm gnu toolchain arm-none-eabi/12.3 rel1/bin/../lib/gcc/arm-none-eabi/12.3.1/thumb/v6-m/nofp\libgcc.a(_udivsi3.o)
                              build/adc_tim_trig_modified.o (__aeabi_uidiv)
c:/program files (x86)/arm gnu toolchain arm-none-eabi/12.3 rel1/bin/../lib/gcc/arm-none-eabi/12.3.1/thumb/v6-m/nofp\libgcc.a(_divsi3.o)
                              build/adc_tim_trig_modified.o (__aeabi_idiv)
c:/program files (x86)/arm gnu toolchain arm-none-eabi/12.3 rel1/bin/../lib/gcc/arm-none-eabi/12.3.1/thumb/v6-m/nofp\libgcc.a(_dvmd_tls.o)
                              c:/program files (x86)/arm gnu toolchain arm-none-eabi/12.3 rel1/bin/../lib/gcc/arm-none-eabi/12.3.1/thumb/v6-m/nofp\libgcc.a(_udivsi3.o) (__aeabi_idiv0)
c:/program files (x86)/arm gnu toolchain arm-none-eabi/12.3 rel1/bin/../lib/gcc/arm-none-eabi/12.3.1/thumb/v6-m/nofp\libgcc.a(_aeabi_ldivmod.o)
                              build/fsl_clock.o (__aeabi_ldivmod)
c:/program files (x86)/arm gnu toolchain arm-none-eabi/12.3 rel1/bin/../lib/gcc/arm-none-eabi/12.3.1/thumb/v6-m/nofp\libgcc.a(_aeabi_uldivmod.o)
                              build/fsl_common_arm.o (__aeabi_uldivmod)
c:/program files (x86)/arm gnu toolchain arm-none-eabi/12.3 rel1/bin/../lib/gcc/arm-none-eabi/12.3.1/thumb/v6-m/nofp\libgcc.a(_muldi3.o)
                              build/fsl_common_arm.o (__aeabi_lmul)
c:/program files (x86)/arm gnu toolchain arm-none-eabi/12.3 rel1/bin/../lib/gcc/arm-none-eabi/12.3.1/thumb/v6-m/nofp\libgcc.a(_udivmoddi4.o)
                              c:/program files (x86)/arm gnu toolchain arm-none-eabi/12.3 rel1/bin/../lib/gcc/arm-none-eabi/12.3.1/thumb/v6-m/nofp\libgcc.a(_aeabi_uldivmod.o) (__udivmoddi4)
c:/program files (x86)/arm gnu toolchain arm-none-eabi/12.3 rel1/bin/../lib/gcc/arm-none-eabi/12.3.1/thumb/v6-m/nofp\libgcc.a(bpabi.o)
                              c:/program files (x86)/arm gnu toolchain arm-none-eabi/12.3 rel1/bin/../lib/gcc/arm-none-eabi/12.3.1/thumb/v6-m/nofp\libgcc.a(_aeabi_ldivmod.o) (__gnu_ldivmod_helper)
c:/program files (x86)/arm gnu toolchain arm-none-eabi/12.3 rel1/bin/../lib/gcc/arm-none-eabi/12.3.1/thumb/v6-m/nofp\libgcc.a(addsf3.o)
                              build/adc_tim_trig_modified.o (__aeabi_fadd)
c:/program files (x86)/arm gnu toolchain arm-none-eabi/12.3 rel1/bin/../lib/gcc/arm-none-eabi/12.3.1/thumb/v6-m/nofp\libgcc.a(divsf3.o)
                              build/adc_tim_trig_modified.o (__aeabi_fdiv)
c:/program files (x86)/arm gnu toolchain arm-none-eabi/12.3 rel1/bin/../lib/gcc/arm-none-eabi/12.3.1/thumb/v6-m/nofp\libgcc.a(mulsf3.o)
                              build/adc_tim_trig_modified.o (__aeabi_fmul)
c:/program files (x86)/arm gnu toolchain arm-none-eabi/12.3 rel1/bin/../lib/gcc/arm-none-eabi/12.3.1/thumb/v6-m/nofp\libgcc.a(subsf3.o)
                              build/adc_tim_trig_modified.o (__aeabi_fsub)
c:/program files (x86)/arm gnu toolchain arm-none-eabi/12.3 rel1/bin/../lib/gcc/arm-none-eabi/12.3.1/thumb/v6-m/nofp\libgcc.a(fixsfsi.o)
                              build/adc_tim_trig_modified.o (__aeabi_f2iz)
c:/program files (x86)/arm gnu toolchain arm-none-eabi/12.3 rel1/bin/../lib/gcc/arm-none-eabi/12.3.1/thumb/v6-m/nofp\libgcc.a(divdf3.o)
                              build/adc_tim_trig_modified.o (__aeabi_ddiv)
c:/program files (x86)/arm gnu toolchain arm-none-eabi/12.3 rel1/bin/../lib/gcc/arm-none-eabi/12.3.1/thumb/v6-m/nofp\libgcc.a(muldf3.o)
                              build/adc_tim_trig_modified.o (__aeabi_dmul)
c:/program files (x86)/arm gnu toolchain arm-none-eabi/12.3 rel1/bin/../lib/gcc/arm-none-eabi/12.3.1/thumb/v6-m/nofp\libgcc.a(floatunsidf.o)
                              build/adc_tim_trig_modified.o (__aeabi_ui2d)
c:/program files (x86)/arm gnu toolchain arm-none-eabi/12.3 rel1/bin/../lib/gcc/arm-none-eabi/12.3.1/thumb/v6-m/nofp\libgcc.a(truncdfsf2.o)
                              build/adc_tim_trig_modified.o (__aeabi_d2f)
c:/program files (x86)/arm gnu toolchain arm-none-eabi/12.3 rel1/bin/../lib/gcc/arm-none-eabi/12.3.1/thumb/v6-m/nofp\libgcc.a(_clzsi2.o)
                              c:/program files (x86)/arm gnu toolchain arm-none-eabi/12.3 rel1/bin/../lib/gcc/arm-none-eabi/12.3.1/thumb/v6-m/nofp\libgcc.a(addsf3.o) (__clzsi2)
c:/program files (x86)/arm gnu toolchain arm-none-eabi/12.3 rel1/bin/../lib/gcc/arm-none-eabi/12.3.1/thumb/v6-m/nofp\libgcc.a(_clzdi2.o)
[...]
Memory Configuration

Name             Origin             Length             Attributes
m_interrupts     0x00000000         0x00000200         xr
m_crp            0x000002fc         0x00000004         xr
m_text           0x00000300         0x00007d00         xr
m_data           0x10000000         0x00001fe0         rw
*default*        0x00000000         0xffffffff

Linker script and memory map

LOAD c:/program files (x86)/arm gnu toolchain arm-none-eabi/12.3 rel1/bin/../lib/gcc/arm-none-eabi/12.3.1/thumb/v6-m/nofp/crti.o
LOAD c:/program files (x86)/arm gnu toolchain arm-none-eabi/12.3 rel1/bin/../lib/gcc/arm-none-eabi/12.3.1/thumb/v6-m/nofp/crtbegin.o
LOAD c:/program files (x86)/arm gnu toolchain arm-none-eabi/12.3 rel1/bin/../lib/gcc/arm-none-eabi/12.3.1/thumb/v6-m/nofp/crt0.o
LOAD build/adc_tim_trig_modified.o
LOAD build/pin_mux.o
LOAD build/board.o
LOAD build/clock_config.o
LOAD build/system_LPC824.o
LOAD build/fsl_common.o
LOAD build/fsl_common_arm.o
LOAD build/fsl_gpio.o
LOAD build/fsl_power.o
LOAD build/fsl_clock.o
LOAD build/fsl_reset.o
LOAD build/fsl_swm.o
LOAD build/fsl_syscon.o
LOAD build/fsl_adc.o
LOAD build/fsl_sctimer.o
LOAD build/fsl_usart.o
LOAD build/fsl_adapter_miniusart.o
LOAD build/fsl_debug_console.o
LOAD build/fsl_str.o
LOAD build/startup_LPC824.o
START GROUP
LOAD c:/program files (x86)/arm gnu toolchain arm-none-eabi/12.3 rel1/bin/../lib/gcc/arm-none-eabi/12.3.1/thumb/v6-m/nofp\libgcc.a
LOAD c:/program files (x86)/arm gnu toolchain arm-none-eabi/12.3 rel1/bin/../lib/gcc/arm-none-eabi/12.3.1/thumb/v6-m/nofp\libc_nano.a
END GROUP
START GROUP
LOAD c:/program files (x86)/arm gnu toolchain arm-none-eabi/12.3 rel1/bin/../lib/gcc/arm-none-eabi/12.3.1/thumb/v6-m/nofp\libgcc.a
LOAD c:/program files (x86)/arm gnu toolchain arm-none-eabi/12.3 rel1/bin/../lib/gcc/arm-none-eabi/12.3.1/thumb/v6-m/nofp\libc_nano.a
LOAD c:/program files (x86)/arm gnu toolchain arm-none-eabi/12.3 rel1/bin/../lib/gcc/arm-none-eabi/12.3.1/thumb/v6-m/nofp\libnosys.a
END GROUP
START GROUP
LOAD c:/program files (x86)/arm gnu toolchain arm-none-eabi/12.3 rel1/bin/../lib/gcc/arm-none-eabi/12.3.1/thumb/v6-m/nofp\libgcc.a
LOAD c:/program files (x86)/arm gnu toolchain arm-none-eabi/12.3 rel1/bin/../lib/gcc/arm-none-eabi/12.3.1/thumb/v6-m/nofp\libc_nano.a
LOAD c:/program files (x86)/arm gnu toolchain arm-none-eabi/12.3 rel1/bin/../lib/gcc/arm-none-eabi/12.3.1/thumb/v6-m/nofp\libnosys.a
END GROUP
LOAD c:/program files (x86)/arm gnu toolchain arm-none-eabi/12.3 rel1/bin/../lib/gcc/arm-none-eabi/12.3.1/thumb/v6-m/nofp/crtend.o
LOAD c:/program files (x86)/arm gnu toolchain arm-none-eabi/12.3 rel1/bin/../lib/gcc/arm-none-eabi/12.3.1/thumb/v6-m/nofp/crtn.o
                0x00000400                        HEAP_SIZE = DEFINED (__heap_size__)?__heap_size__:0x400
                0x00000800                        STACK_SIZE = DEFINED (__stack_size__)?__stack_size__:0x800

.interrupts     0x00000000       0xc0
                0x00000000                        . = ALIGN (0x4)
 *(.isr_vector)
 .isr_vector    0x00000000       0xc0 build/startup_LPC824.o
                0x00000000                __Vectors
                0x000000c0                        . = ALIGN (0x4)

.crp            0x000002fc        0x4
                0x000002fc                        . = ALIGN (0x4)
 *(.crp)
 .crp           0x000002fc        0x4 build/startup_LPC824.o
                0x00000300                        . = ALIGN (0x4)

.text           0x00000300     0x5388
                0x00000300                        . = ALIGN (0x4)
 *(.text)
 .text          0x00000300        0x0 c:/program files (x86)/arm gnu toolchain arm-none-eabi/12.3 rel1/bin/../lib/gcc/arm-none-eabi/12.3.1/thumb/v6-m/nofp/crti.o
 .text          0x00000300        0x0 c:/program files (x86)/arm gnu toolchain arm-none-eabi/12.3 rel1/bin/../lib/gcc/arm-none-eabi/12.3.1/thumb/v6-m/nofp/crtbegin.o
 .text          0x00000300       0x80 c:/program files (x86)/arm gnu toolchain arm-none-eabi/12.3 rel1/bin/../lib/gcc/arm-none-eabi/12.3.1/thumb/v6-m/nofp/crt0.o
                0x00000300                _stack_init
                0x0000030c                _start
                0x0000030c                _mainCRTStartup
 .text          0x00000380      0x218 build/adc_tim_trig_modified.o
                0x00000380                ADC0_SEQA_IRQHandler
                0x00000470                clock_init
                0x000004c8                ADC_Configuration
                0x00000530                uart_init
                0x00000584                SysTick_Handler
 .text          0x00000598       0x68 build/pin_mux.o
                0x00000598                BOARD_InitPins
 .text          0x00000600       0x38 build/board.o
                0x00000600                BOARD_InitDebugConsole
 .text          0x00000638       0xd0 build/clock_config.o
                0x00000638                BOARD_BootClockIRC12M
                0x0000069c                BOARD_InitBootClocks
                0x000006a4                BOARD_BootClockPll24M
 .text          0x00000708       0xb8 build/system_LPC824.o
                0x00000708                SystemCoreClockUpdate
                0x00000798                SystemInitHook
                0x0000079a                SystemInit
 .text          0x000007c0       0x60 build/fsl_common.o
                0x000007c0                SDK_Malloc
                0x00000804                SDK_Free
 .text          0x00000820       0x28 build/fsl_common_arm.o
                0x00000820                SDK_DelayAtLeastUs
 .text          0x00000848       0x64 build/fsl_gpio.o
                0x00000848                GPIO_PortInit
                0x00000860                GPIO_PinInit
 .text          0x000008ac      0x178 build/fsl_power.o
                0x000008ac                POWER_EnterSleep
                0x000008d8                POWER_EnterDeepSleep
                0x00000920                POWER_EnterPowerDown
                0x00000968                POWER_EnterDeepPowerDownMode
                0x0000099c                EnableDeepSleepIRQ
                0x000009e0                DisableDeepSleepIRQ
 .text          0x00000a24      0x428 build/fsl_clock.o
                0x00000a38                CLOCK_GetIrcFreq
                0x00000a40                CLOCK_GetSysOscFreq
                0x00000a5c                CLOCK_GetSystemPLLInClockRate
                0x00000a94                CLOCK_GetMainClkFreq
                0x00000ad8                CLOCK_GetClockOutClkFreq
                0x00000b28                CLOCK_GetUartClkFreq
                0x00000b60                CLOCK_GetUart0ClkFreq
                0x00000b68                CLOCK_GetUart2ClkFreq
                0x00000b70                CLOCK_GetUart1ClkFreq
                0x00000b78                CLOCK_GetFreq
                0x00000bd4                CLOCK_InitSystemPll
                0x00000c70                CLOCK_InitExtClkin
                0x00000ca0                CLOCK_InitXtalin
                0x00000cf8                CLOCK_InitSysOsc
                0x00000d68                CLOCK_InitWdtOsc
                0x00000dac                CLOCK_SetMainClkSrc
                0x00000de0                CLOCK_SetUARTFRGClkFreq
                0x00000e3c                CLOCK_UpdateClkOUTsrc
 .text          0x00000e4c       0x18 build/fsl_reset.o
                0x00000e4c                RESET_PeripheralReset
 .text          0x00000e64       0x42 build/fsl_swm.o
                0x00000e64                SWM_SetMovablePinSelect
                0x00000e82                SWM_SetFixedPinSelect
 .text          0x00000ea6        0xe build/fsl_syscon.o
                0x00000ea6                SYSCON_AttachSignal
 .text          0x00000eb4      0x1bc build/fsl_adc.o
                0x00000eb4                ADC_Init
                0x00000ef4                ADC_GetDefaultConfig
                0x00000f00                ADC_Deinit
                0x00000f14                ADC_DoSelfCalibration
                0x00000f6c                ADC_SetConvSeqAConfig
                0x00000fb2                ADC_SetConvSeqBConfig
                0x00000ff8                ADC_GetConvSeqAGlobalConversionResult
                0x0000101e                ADC_GetConvSeqBGlobalConversionResult
                0x00001044                ADC_GetChannelConversionResult
 .text          0x00001070      0x54c build/fsl_sctimer.o
                0x00001070                SCTIMER_EventHandleIRQ
                0x000010b0                SCTIMER_Init
                0x00001158                SCTIMER_Deinit
                0x00001178                SCTIMER_GetDefaultConfig
                0x00001190                SCTIMER_UpdatePwmDutycycle
                0x00001210                SCTIMER_CreateAndScheduleEvent
                0x00001330                SCTIMER_SetupPwm
                0x00001498                SCTIMER_ScheduleEvent
                0x000014b8                SCTIMER_IncreaseState
                0x000014d0                SCTIMER_GetCurrentState
                0x000014dc                SCTIMER_SetupOutputToggleAction
                0x0000150c                SCTIMER_SetupCaptureAction
                0x0000159c                SCTIMER_SetCallback
                0x000015a8                SCT0_DriverIRQHandler
 .text          0x000015bc      0x64c build/fsl_usart.o
                0x000015bc                USART_GetInstance
                0x000015e8                USART_TransferGetRxRingBufferLength
                0x00001602                USART_TransferHandleIRQ
                0x00001760                USART_TransferStartRingBuffer
                0x00001772                USART_TransferStopRingBuffer
                0x0000178e                USART_Deinit
                0x000017bc                USART_GetDefaultConfig
                0x000017d6                USART_SetBaudRate
                0x0000186c                USART_Init
                0x00001968                USART_WriteBlocking
                0x0000198c                USART_ReadBlocking
                0x00001a04                USART_TransferCreateHandle
                0x00001a64                USART_TransferSendNonBlocking
                0x00001a98                USART_TransferAbortSend
                0x00001aae                USART_TransferGetSendCount
                0x00001ac6                USART_TransferReceiveNonBlocking
                0x00001b90                USART_TransferAbortReceive
                0x00001ba8                USART_TransferGetReceiveCount
                0x00001bc0                USART0_DriverIRQHandler
                0x00001bd8                USART1_DriverIRQHandler
                0x00001bf0                USART2_DriverIRQHandler
 .text          0x00001c08       0xc8 build/fsl_adapter_miniusart.o
                0x00001c08                HAL_UartInit
                0x00001c74                HAL_UartDeinit
                0x00001c8c                HAL_UartReceiveBlocking
                0x00001cb0                HAL_UartSendBlocking
                0x00001cc8                HAL_UartEnterLowpower
                0x00001ccc                HAL_UartExitLowpower
 .text          0x00001cd0      0x36c build/fsl_debug_console.o
                0x00001d1e                DbgConsole_Init
                0x00001d68                DbgConsole_Deinit
                0x00001d84                DbgConsole_Putchar
                0x00001da8                DbgConsole_Vprintf
                0x00001f90                DbgConsole_Printf
                0x00001fa6                DbgConsole_Getchar
                0x00001fd0                DbgConsole_Scanf
 .text          0x0000203c      0x498 build/fsl_str.o
                0x000020c2                StrFormatPrintf
                0x00002244                StrFormatScanf
 .text          0x000024d4      0x164 build/startup_LPC824.o
                0x000024d4                Reset_Handler
                0x00002508                I2C0_DriverIRQHandler
                0x00002508                Reserved22_DriverIRQHandler
                0x00002508                Reserved39_DriverIRQHandler
                0x00002508                SPI0_DriverIRQHandler
                0x00002508                ADC0_OVR_DriverIRQHandler
                0x00002508                ADC0_SEQA_DriverIRQHandler
                0x00002508                DMA0_DriverIRQHandler
                0x00002508                ADC0_SEQB_DriverIRQHandler
                0x00002508                SPI1_DriverIRQHandler
                0x00002508                CMP_DriverIRQHandler
                0x00002508                PIN_INT7_DriverIRQHandler
                0x00002508                ADC0_THCMP_DriverIRQHandler
                0x00002508                I2C1_DriverIRQHandler
                0x00002508                I2C3_DriverIRQHandler
                0x00002508                BOD_DriverIRQHandler
                0x00002508                PIN_INT3_DriverIRQHandler
                0x00002508                PIN_INT2_DriverIRQHandler
                0x00002508                FLASH_DriverIRQHandler
                0x00002508                I2C2_DriverIRQHandler
                0x00002508                PIN_INT0_DriverIRQHandler
                0x00002508                PIN_INT1_DriverIRQHandler
                0x00002508                PIN_INT6_DriverIRQHandler
                0x00002508                WDT_DriverIRQHandler
                0x00002508                DefaultISR
                0x00002508                Reserved18_DriverIRQHandler
                0x00002508                WKT_DriverIRQHandler
                0x00002508                MRT0_DriverIRQHandler
                0x00002508                PIN_INT4_DriverIRQHandler
                0x00002508                PIN_INT5_DriverIRQHandler
                0x0000250c                NMI_Handler
                0x00002510                HardFault_Handler
                0x00002514                SVC_Handler
                0x00002518                PendSV_Handler
                0x00002520                SPI0_IRQHandler
                0x00002524                SPI1_IRQHandler
                0x00002528                Reserved18_IRQHandler
                0x0000252c                USART0_IRQHandler
                0x00002530                USART1_IRQHandler
                0x00002534                USART2_IRQHandler
                0x00002538                Reserved22_IRQHandler
                0x0000253c                I2C1_IRQHandler
                0x00002540                I2C0_IRQHandler
                0x00002544                SCT0_IRQHandler
                0x00002548                MRT0_IRQHandler
                0x0000254c                CMP_IRQHandler
                0x00002550                WDT_IRQHandler
                0x00002554                BOD_IRQHandler
                0x00002558                FLASH_IRQHandler
                0x0000255c                WKT_IRQHandler
                0x00002564                ADC0_SEQB_IRQHandler
                0x00002568                ADC0_THCMP_IRQHandler
                0x0000256c                ADC0_OVR_IRQHandler
                0x00002570                DMA0_IRQHandler
                0x00002574                I2C2_IRQHandler
                0x00002578                I2C3_IRQHandler
                0x0000257c                Reserved39_IRQHandler
                0x00002580                PIN_INT0_IRQHandler
                0x00002584                PIN_INT1_IRQHandler
                0x00002588                PIN_INT2_IRQHandler
                0x0000258c                PIN_INT3_IRQHandler
                0x00002590                PIN_INT4_IRQHandler
                0x00002594                PIN_INT5_IRQHandler
                0x00002598                PIN_INT6_IRQHandler
                0x0000259c                PIN_INT7_IRQHandler
 .text          0x00002638       0x14 c:/program files (x86)/arm gnu toolchain arm-none-eabi/12.3 rel1/bin/../lib/gcc/arm-none-eabi/12.3.1/thumb/v6-m/nofp\libgcc.a(_thumb1_case_sqi.o)
                0x00002638                __gnu_thumb1_case_sqi
 .text          0x0000264c       0x14 c:/program files (x86)/arm gnu toolchain arm-none-eabi/12.3 rel1/bin/../lib/gcc/arm-none-eabi/12.3.1/thumb/v6-m/nofp\libgcc.a(_thumb1_case_uqi.o)
                0x0000264c                __gnu_thumb1_case_uqi
 .text          0x00002660      0x114 c:/program files (x86)/arm gnu toolchain arm-none-eabi/12.3 rel1/bin/../lib/gcc/arm-none-eabi/12.3.1/thumb/v6-m/nofp\libgcc.a(_udivsi3.o)
                0x00002660                __aeabi_uidiv
                0x00002660                __udivsi3
                0x0000276c                __aeabi_uidivmod
 .text          0x00002774      0x1d4 c:/program files (x86)/arm gnu toolchain arm-none-eabi/12.3 rel1/bin/../lib/gcc/arm-none-eabi/12.3.1/thumb/v6-m/nofp\libgcc.a(_divsi3.o)
                0x00002774                __divsi3
                0x00002774                __aeabi_idiv
                0x00002940                __aeabi_idivmod
 .text          0x00002948        0x4 c:/program files (x86)/arm gnu toolchain arm-none-eabi/12.3 rel1/bin/../lib/gcc/arm-none-eabi/12.3.1/thumb/v6-m/nofp\libgcc.a(_dvmd_tls.o)
                0x00002948                __aeabi_idiv0
                0x00002948                __aeabi_ldiv0
 .text          0x0000294c       0x48 c:/program files (x86)/arm gnu toolchain arm-none-eabi/12.3 rel1/bin/../lib/gcc/arm-none-eabi/12.3.1/thumb/v6-m/nofp\libgcc.a(_aeabi_ldivmod.o)
                0x0000294c                __aeabi_ldivmod
 .text          0x00002994       0x40 c:/program files (x86)/arm gnu toolchain arm-none-eabi/12.3 rel1/bin/../lib/gcc/arm-none-eabi/12.3.1/thumb/v6-m/nofp\libgcc.a(_aeabi_uldivmod.o)
                0x00002994                __aeabi_uldivmod
 .text          0x000029d4        0x0 c:/program files (x86)/arm gnu toolchain arm-none-eabi/12.3 rel1/bin/../lib/gcc/arm-none-eabi/12.3.1/thumb/v6-m/nofp\libgcc.a(_muldi3.o)
 .text          0x000029d4        0x0 c:/program files (x86)/arm gnu toolchain arm-none-eabi/12.3 rel1/bin/../lib/gcc/arm-none-eabi/12.3.1/thumb/v6-m/nofp\libgcc.a(_udivmoddi4.o)
 .text          0x000029d4        0x0 c:/program files (x86)/arm gnu toolchain arm-none-eabi/12.3 rel1/bin/../lib/gcc/arm-none-eabi/12.3.1/thumb/v6-m/nofp\libgcc.a(bpabi.o)
 .text          0x000029d4        0x0 c:/program files (x86)/arm gnu toolchain arm-none-eabi/12.3 rel1/bin/../lib/gcc/arm-none-eabi/12.3.1/thumb/v6-m/nofp\libgcc.a(addsf3.o)
 .text          0x000029d4        0x0 c:/program files (x86)/arm gnu toolchain arm-none-eabi/12.3 rel1/bin/../lib/gcc/arm-none-eabi/12.3.1/thumb/v6-m/nofp\libgcc.a(divsf3.o)
 .text          0x000029d4        0x0 c:/program files (x86)/arm gnu toolchain arm-none-eabi/12.3 rel1/bin/../lib/gcc/arm-none-eabi/12.3.1/thumb/v6-m/nofp\libgcc.a(mulsf3.o)
 .text          0x000029d4        0x0 c:/program files (x86)/arm gnu toolchain arm-none-eabi/12.3 rel1/bin/../lib/gcc/arm-none-eabi/12.3.1/thumb/v6-m/nofp\libgcc.a(subsf3.o)
 .text          0x000029d4        0x0 c:/program files (x86)/arm gnu toolchain arm-none-eabi/12.3 rel1/bin/../lib/gcc/arm-none-eabi/12.3.1/thumb/v6-m/nofp\libgcc.a(fixsfsi.o)
 .text          0x000029d4        0x0 c:/program files (x86)/arm gnu toolchain arm-none-eabi/12.3 rel1/bin/../lib/gcc/arm-none-eabi/12.3.1/thumb/v6-m/nofp\libgcc.a(divdf3.o)
 .text          0x000029d4        0x0 c:/program files (x86)/arm gnu toolchain arm-none-eabi/12.3 rel1/bin/../lib/gcc/arm-none-eabi/12.3.1/thumb/v6-m/nofp\libgcc.a(muldf3.o)
 .text          0x000029d4        0x0 c:/program files (x86)/arm gnu toolchain arm-none-eabi/12.3 rel1/bin/../lib/gcc/arm-none-eabi/12.3.1/thumb/v6-m/nofp\libgcc.a(floatunsidf.o)
 .text          0x000029d4        0x0 c:/program files (x86)/arm gnu toolchain arm-none-eabi/12.3 rel1/bin/../lib/gcc/arm-none-eabi/12.3.1/thumb/v6-m/nofp\libgcc.a(truncdfsf2.o)
 .text          0x000029d4       0x3c c:/program files (x86)/arm gnu toolchain arm-none-eabi/12.3 rel1/bin/../lib/gcc/arm-none-eabi/12.3.1/thumb/v6-m/nofp\libgcc.a(_clzsi2.o)
                0x000029d4                __clzsi2
 .text          0x00002a10       0x18 c:/program files (x86)/arm gnu toolchain arm-none-eabi/12.3 rel1/bin/../lib/gcc/arm-none-eabi/12.3.1/thumb/v6-m/nofp\libgcc.a(_clzdi2.o)
                0x00002a10                __clzdi2
 .text          0x00002a28        0x0 c:/program files (x86)/arm gnu toolchain arm-none-eabi/12.3 rel1/bin/../lib/gcc/arm-none-eabi/12.3.1/thumb/v6-m/nofp\libgcc.a(_divdi3.o)
 .text          0x00002a28        0x0 c:/program files (x86)/arm gnu toolchain arm-none-eabi/12.3 rel1/bin/../lib/gcc/arm-none-eabi/12.3.1/thumb/v6-m/nofp\libc_nano.a(libc_a-exit.o)
 .text          0x00002a28        0x0 c:/program files (x86)/arm gnu toolchain arm-none-eabi/12.3 rel1/bin/../lib/gcc/arm-none-eabi/12.3.1/thumb/v6-m/nofp\libc_nano.a(libc_a-malloc.o)
 .text          0x00002a28        0x0 c:/program files (x86)/arm gnu toolchain arm-none-eabi/12.3 rel1/bin/../lib/gcc/arm-none-eabi/12.3.1/thumb/v6-m/nofp\libc_nano.a(libc_a-mallocr.o)
 .text          0x00002a28        0x0 c:/program files (x86)/arm gnu toolchain arm-none-eabi/12.3 rel1/bin/../lib/gcc/arm-none-eabi/12.3.1/thumb/v6-m/nofp\libc_nano.a(libc_a-mlock.o)
 .text          0x00002a28        0x0 c:/program files (x86)/arm gnu toolchain arm-none-eabi/12.3 rel1/bin/../lib/gcc/arm-none-eabi/12.3.1/thumb/v6-m/nofp\libc_nano.a(libc_a-strtoul.o)
 .text          0x00002a28        0x0 c:/program files (x86)/arm gnu toolchain arm-none-eabi/12.3 rel1/bin/../lib/gcc/arm-none-eabi/12.3.1/thumb/v6-m/nofp\libc_nano.a(libc_a-ctype_.o)
 .text          0x00002a28        0x0 c:/program files (x86)/arm gnu toolchain arm-none-eabi/12.3 rel1/bin/../lib/gcc/arm-none-eabi/12.3.1/thumb/v6-m/nofp\libc_nano.a(libc_a-findfp.o)
 .text          0x00002a28        0x0 c:/program files (x86)/arm gnu toolchain arm-none-eabi/12.3 rel1/bin/../lib/gcc/arm-none-eabi/12.3.1/thumb/v6-m/nofp\libc_nano.a(libc_a-fwalk.o)
 .text          0x00002a28        0x0 c:/program files (x86)/arm gnu toolchain arm-none-eabi/12.3 rel1/bin/../lib/gcc/arm-none-eabi/12.3.1/thumb/v6-m/nofp\libc_nano.a(libc_a-stdio.o)
 .text          0x00002a28        0x0 c:/program files (x86)/arm gnu toolchain arm-none-eabi/12.3 rel1/bin/../lib/gcc/arm-none-eabi/12.3.1/thumb/v6-m/nofp\libc_nano.a(libc_a-memset.o)
 .text          0x00002a28        0x0 c:/program files (x86)/arm gnu toolchain arm-none-eabi/12.3 rel1/bin/../lib/gcc/arm-none-eabi/12.3.1/thumb/v6-m/nofp\libc_nano.a(libc_a-closer.o)
 .text          0x00002a28        0x0 c:/program files (x86)/arm gnu toolchain arm-none-eabi/12.3 rel1/bin/../lib/gcc/arm-none-eabi/12.3.1/thumb/v6-m/nofp\libc_nano.a(libc_a-reent.o)
 .text          0x00002a28        0x0 c:/program files (x86)/arm gnu toolchain arm-none-eabi/12.3 rel1/bin/../lib/gcc/arm-none-eabi/12.3.1/thumb/v6-m/nofp\libc_nano.a(libc_a-impure.o)
 .text          0x00002a28        0x0 c:/program files (x86)/arm gnu toolchain arm-none-eabi/12.3 rel1/bin/../lib/gcc/arm-none-eabi/12.3.1/thumb/v6-m/nofp\libc_nano.a(libc_a-lseekr.o)
 .text          0x00002a28        0x0 c:/program files (x86)/arm gnu toolchain arm-none-eabi/12.3 rel1/bin/../lib/gcc/arm-none-eabi/12.3.1/thumb/v6-m/nofp\libc_nano.a(libc_a-readr.o)
 .text          0x00002a28        0x0 c:/program files (x86)/arm gnu toolchain arm-none-eabi/12.3 rel1/bin/../lib/gcc/arm-none-eabi/12.3.1/thumb/v6-m/nofp\libc_nano.a(libc_a-sbrkr.o)
 .text          0x00002a28        0x0 c:/program files (x86)/arm gnu toolchain arm-none-eabi/12.3 rel1/bin/../lib/gcc/arm-none-eabi/12.3.1/thumb/v6-m/nofp\libc_nano.a(libc_a-writer.o)
 .text          0x00002a28        0x0 c:/program files (x86)/arm gnu toolchain arm-none-eabi/12.3 rel1/bin/../lib/gcc/arm-none-eabi/12.3.1/thumb/v6-m/nofp\libc_nano.a(libc_a-errno.o)
 .text          0x00002a28        0x0 c:/program files (x86)/arm gnu toolchain arm-none-eabi/12.3 rel1/bin/../lib/gcc/arm-none-eabi/12.3.1/thumb/v6-m/nofp\libc_nano.a(libc_a-init.o)
 .text          0x00002a28        0x0 c:/program files (x86)/arm gnu toolchain arm-none-eabi/12.3 rel1/bin/../lib/gcc/arm-none-eabi/12.3.1/thumb/v6-m/nofp\libc_nano.a(libc_a-lock.o)
 .text          0x00002a28        0x0 c:/program files (x86)/arm gnu toolchain arm-none-eabi/12.3 rel1/bin/../lib/gcc/arm-none-eabi/12.3.1/thumb/v6-m/nofp\libc_nano.a(libc_a-memcpy-stub.o)
 .text          0x00002a28        0xe c:/program files (x86)/arm gnu toolchain arm-none-eabi/12.3 rel1/bin/../lib/gcc/arm-none-eabi/12.3.1/thumb/v6-m/nofp\libc_nano.a(libc_a-strlen.o)
                0x00002a28                strlen
 .text          0x00002a36        0x0 c:/program files (x86)/arm gnu toolchain arm-none-eabi/12.3 rel1/bin/../lib/gcc/arm-none-eabi/12.3.1/thumb/v6-m/nofp\libc_nano.a(libc_a-freer.o)
 .text          0x00002a36        0x0 c:/program files (x86)/arm gnu toolchain arm-none-eabi/12.3 rel1/bin/../lib/gcc/arm-none-eabi/12.3.1/thumb/v6-m/nofp\libc_nano.a(libc_a-fflush.o)
 .text          0x00002a36        0x0 c:/program files (x86)/arm gnu toolchain arm-none-eabi/12.3 rel1/bin/../lib/gcc/arm-none-eabi/12.3.1/thumb/v6-m/nofp\libnosys.a(close.o)
 .text          0x00002a36        0x0 c:/program files (x86)/arm gnu toolchain arm-none-eabi/12.3 rel1/bin/../lib/gcc/arm-none-eabi/12.3.1/thumb/v6-m/nofp\libnosys.a(lseek.o)
 .text          0x00002a36        0x0 c:/program files (x86)/arm gnu toolchain arm-none-eabi/12.3 rel1/bin/../lib/gcc/arm-none-eabi/12.3.1/thumb/v6-m/nofp\libnosys.a(read.o)
 .text          0x00002a36        0x0 c:/program files (x86)/arm gnu toolchain arm-none-eabi/12.3 rel1/bin/../lib/gcc/arm-none-eabi/12.3.1/thumb/v6-m/nofp\libnosys.a(sbrk.o)
 .text          0x00002a36        0x0 c:/program files (x86)/arm gnu toolchain arm-none-eabi/12.3 rel1/bin/../lib/gcc/arm-none-eabi/12.3.1/thumb/v6-m/nofp\libnosys.a(write.o)
 .text          0x00002a36        0x0 c:/program files (x86)/arm gnu toolchain arm-none-eabi/12.3 rel1/bin/../lib/gcc/arm-none-eabi/12.3.1/thumb/v6-m/nofp\libnosys.a(_exit.o)
 .text          0x00002a36        0x0 c:/program files (x86)/arm gnu toolchain arm-none-eabi/12.3 rel1/bin/../lib/gcc/arm-none-eabi/12.3.1/thumb/v6-m/nofp/crtend.o
 .text          0x00002a36        0x0 c:/program files (x86)/arm gnu toolchain arm-none-eabi/12.3 rel1/bin/../lib/gcc/arm-none-eabi/12.3.1/thumb/v6-m/nofp/crtn.o
 *(.text*)
 *fill*         0x00002a36        0x2 
 .text.deregister_tm_clones
                0x00002a38       0x20 c:/program files (x86)/arm gnu toolchain arm-none-eabi/12.3 rel1/bin/../lib/gcc/arm-none-eabi/12.3.1/thumb/v6-m/nofp/crtbegin.o
 .text.register_tm_clones
                0x00002a58       0x28 c:/program files (x86)/arm gnu toolchain arm-none-eabi/12.3 rel1/bin/../lib/gcc/arm-none-eabi/12.3.1/thumb/v6-m/nofp/crtbegin.o
 .text.__do_global_dtors_aux
                0x00002a80       0x2c c:/program files (x86)/arm gnu toolchain arm-none-eabi/12.3 rel1/bin/../lib/gcc/arm-none-eabi/12.3.1/thumb/v6-m/nofp/crtbegin.o
 .text.frame_dummy
                0x00002aac       0x24 c:/program files (x86)/arm gnu toolchain arm-none-eabi/12.3 rel1/bin/../lib/gcc/arm-none-eabi/12.3.1/thumb/v6-m/nofp/crtbegin.o
 .text.startup  0x00002ad0      0x130 build/adc_tim_trig_modified.o
                0x00002ad0                main
 .text.__muldi3
                0x00002c00       0x5c c:/program files (x86)/arm gnu toolchain arm-none-eabi/12.3 rel1/bin/../lib/gcc/arm-none-eabi/12.3.1/thumb/v6-m/nofp\libgcc.a(_muldi3.o)
                0x00002c00                __muldi3
                0x00002c00                __aeabi_lmul
 .text.__udivmoddi4
                0x00002c5c      0x198 c:/program files (x86)/arm gnu toolchain arm-none-eabi/12.3 rel1/bin/../lib/gcc/arm-none-eabi/12.3.1/thumb/v6-m/nofp\libgcc.a(_udivmoddi4.o)
                0x00002c5c                __udivmoddi4
 .text.__gnu_ldivmod_helper
                0x00002df4       0x3c c:/program files (x86)/arm gnu toolchain arm-none-eabi/12.3 rel1/bin/../lib/gcc/arm-none-eabi/12.3.1/thumb/v6-m/nofp\libgcc.a(bpabi.o)
                0x00002df4                __gnu_ldivmod_helper
 .text.__aeabi_fadd
                0x00002e30      0x314 c:/program files (x86)/arm gnu toolchain arm-none-eabi/12.3 rel1/bin/../lib/gcc/arm-none-eabi/12.3.1/thumb/v6-m/nofp\libgcc.a(addsf3.o)
                0x00002e30                __aeabi_fadd
 .text.__aeabi_fdiv
                0x00003144      0x240 c:/program files (x86)/arm gnu toolchain arm-none-eabi/12.3 rel1/bin/../lib/gcc/arm-none-eabi/12.3.1/thumb/v6-m/nofp\libgcc.a(divsf3.o)
                0x00003144                __aeabi_fdiv
 .text.__aeabi_fmul
                0x00003384      0x27c c:/program files (x86)/arm gnu toolchain arm-none-eabi/12.3 rel1/bin/../lib/gcc/arm-none-eabi/12.3.1/thumb/v6-m/nofp\libgcc.a(mulsf3.o)
                0x00003384                __aeabi_fmul
 .text.__aeabi_fsub
                0x00003600      0x348 c:/program files (x86)/arm gnu toolchain arm-none-eabi/12.3 rel1/bin/../lib/gcc/arm-none-eabi/12.3.1/thumb/v6-m/nofp\libgcc.a(subsf3.o)
                0x00003600                __aeabi_fsub
 .text.__aeabi_f2iz
                0x00003948       0x40 c:/program files (x86)/arm gnu toolchain arm-none-eabi/12.3 rel1/bin/../lib/gcc/arm-none-eabi/12.3.1/thumb/v6-m/nofp\libgcc.a(fixsfsi.o)
                0x00003948                __aeabi_f2iz
 .text.__aeabi_ddiv
                0x00003988      0x634 c:/program files (x86)/arm gnu toolchain arm-none-eabi/12.3 rel1/bin/../lib/gcc/arm-none-eabi/12.3.1/thumb/v6-m/nofp\libgcc.a(divdf3.o)
                0x00003988                __aeabi_ddiv
 .text.__aeabi_dmul
                0x00003fbc      0x590 c:/program files (x86)/arm gnu toolchain arm-none-eabi/12.3 rel1/bin/../lib/gcc/arm-none-eabi/12.3.1/thumb/v6-m/nofp\libgcc.a(muldf3.o)
                0x00003fbc                __aeabi_dmul
 .text.__aeabi_ui2d
                0x0000454c       0x48 c:/program files (x86)/arm gnu toolchain arm-none-eabi/12.3 rel1/bin/../lib/gcc/arm-none-eabi/12.3.1/thumb/v6-m/nofp\libgcc.a(floatunsidf.o)
                0x0000454c                __aeabi_ui2d
 .text.__aeabi_d2f
                0x00004594      0x118 c:/program files (x86)/arm gnu toolchain arm-none-eabi/12.3 rel1/bin/../lib/gcc/arm-none-eabi/12.3.1/thumb/v6-m/nofp\libgcc.a(truncdfsf2.o)
                0x00004594                __aeabi_d2f
 .text.__divdi3
                0x000046ac      0x1e4 c:/program files (x86)/arm gnu toolchain arm-none-eabi/12.3 rel1/bin/../lib/gcc/arm-none-eabi/12.3.1/thumb/v6-m/nofp\libgcc.a(_divdi3.o)
                0x000046ac                __divdi3
 .text.exit     0x00004890       0x28 c:/program files (x86)/arm gnu toolchain arm-none-eabi/12.3 rel1/bin/../lib/gcc/arm-none-eabi/12.3.1/thumb/v6-m/nofp\libc_nano.a(libc_a-exit.o)
                0x00004890                exit
 .text.malloc   0x000048b8       0x14 c:/program files (x86)/arm gnu toolchain arm-none-eabi/12.3 rel1/bin/../lib/gcc/arm-none-eabi/12.3.1/thumb/v6-m/nofp\libc_nano.a(libc_a-malloc.o)
                0x000048b8                malloc
 .text.free     0x000048cc       0x14 c:/program files (x86)/arm gnu toolchain arm-none-eabi/12.3 rel1/bin/../lib/gcc/arm-none-eabi/12.3.1/thumb/v6-m/nofp\libc_nano.a(libc_a-malloc.o)
                0x000048cc                free
 .text.sbrk_aligned
                0x000048e0       0x44 c:/program files (x86)/arm gnu toolchain arm-none-eabi/12.3 rel1/bin/../lib/gcc/arm-none-eabi/12.3.1/thumb/v6-m/nofp\libc_nano.a(libc_a-mallocr.o)
 .text._malloc_r
                0x00004924      0x100 c:/program files (x86)/arm gnu toolchain arm-none-eabi/12.3 rel1/bin/../lib/gcc/arm-none-eabi/12.3.1/thumb/v6-m/nofp\libc_nano.a(libc_a-mallocr.o)
                0x00004924                _malloc_r
 .text.__malloc_lock
                0x00004a24       0x10 c:/program files (x86)/arm gnu toolchain arm-none-eabi/12.3 rel1/bin/../lib/gcc/arm-none-eabi/12.3.1/thumb/v6-m/nofp\libc_nano.a(libc_a-mlock.o)
                0x00004a24                __malloc_lock
 .text.__malloc_unlock
                0x00004a34       0x10 c:/program files (x86)/arm gnu toolchain arm-none-eabi/12.3 rel1/bin/../lib/gcc/arm-none-eabi/12.3.1/thumb/v6-m/nofp\libc_nano.a(libc_a-mlock.o)
                0x00004a34                __malloc_unlock
 .text._strtoul_l.constprop.0
                0x00004a44      0x108 c:/program files (x86)/arm gnu toolchain arm-none-eabi/12.3 rel1/bin/../lib/gcc/arm-none-eabi/12.3.1/thumb/v6-m/nofp\libc_nano.a(libc_a-strtoul.o)
 .text._strtoul_r
                0x00004b4c        0x8 c:/program files (x86)/arm gnu toolchain arm-none-eabi/12.3 rel1/bin/../lib/gcc/arm-none-eabi/12.3.1/thumb/v6-m/nofp\libc_nano.a(libc_a-strtoul.o)
                0x00004b4c                _strtoul_r
 .text.strtoul_l
                0x00004b54       0x18 c:/program files (x86)/arm gnu toolchain arm-none-eabi/12.3 rel1/bin/../lib/gcc/arm-none-eabi/12.3.1/thumb/v6-m/nofp\libc_nano.a(libc_a-strtoul.o)
                0x00004b54                strtoul_l
 .text.strtoul  0x00004b6c       0x18 c:/program files (x86)/arm gnu toolchain arm-none-eabi/12.3 rel1/bin/../lib/gcc/arm-none-eabi/12.3.1/thumb/v6-m/nofp\libc_nano.a(libc_a-strtoul.o)
                0x00004b6c                strtoul
 .text.std      0x00004b84       0x6c c:/program files (x86)/arm gnu toolchain arm-none-eabi/12.3 rel1/bin/../lib/gcc/arm-none-eabi/12.3.1/thumb/v6-m/nofp\libc_nano.a(libc_a-findfp.o)
 .text.stdio_exit_handler
                0x00004bf0       0x1c c:/program files (x86)/arm gnu toolchain arm-none-eabi/12.3 rel1/bin/../lib/gcc/arm-none-eabi/12.3.1/thumb/v6-m/nofp\libc_nano.a(libc_a-findfp.o)
 .text.cleanup_stdio
                0x00004c0c       0x3c c:/program files (x86)/arm gnu toolchain arm-none-eabi/12.3 rel1/bin/../lib/gcc/arm-none-eabi/12.3.1/thumb/v6-m/nofp\libc_nano.a(libc_a-findfp.o)
 .text.__fp_lock
                0x00004c48       0x18 c:/program files (x86)/arm gnu toolchain arm-none-eabi/12.3 rel1/bin/../lib/gcc/arm-none-eabi/12.3.1/thumb/v6-m/nofp\libc_nano.a(libc_a-findfp.o)
 .text.__fp_unlock
                0x00004c60       0x18 c:/program files (x86)/arm gnu toolchain arm-none-eabi/12.3 rel1/bin/../lib/gcc/arm-none-eabi/12.3.1/thumb/v6-m/nofp\libc_nano.a(libc_a-findfp.o)
 .text.global_stdio_init.part.0
                0x00004c78       0x3c c:/program files (x86)/arm gnu toolchain arm-none-eabi/12.3 rel1/bin/../lib/gcc/arm-none-eabi/12.3.1/thumb/v6-m/nofp\libc_nano.a(libc_a-findfp.o)
 .text.__sfp_lock_acquire
                0x00004cb4       0x10 c:/program files (x86)/arm gnu toolchain arm-none-eabi/12.3 rel1/bin/../lib/gcc/arm-none-eabi/12.3.1/thumb/v6-m/nofp\libc_nano.a(libc_a-findfp.o)
                0x00004cb4                __sfp_lock_acquire
 .text.__sfp_lock_release
                0x00004cc4       0x10 c:/program files (x86)/arm gnu toolchain arm-none-eabi/12.3 rel1/bin/../lib/gcc/arm-none-eabi/12.3.1/thumb/v6-m/nofp\libc_nano.a(libc_a-findfp.o)
                0x00004cc4                __sfp_lock_release
 .text.__sfp    0x00004cd4       0xa8 c:/program files (x86)/arm gnu toolchain arm-none-eabi/12.3 rel1/bin/../lib/gcc/arm-none-eabi/12.3.1/thumb/v6-m/nofp\libc_nano.a(libc_a-findfp.o)
                0x00004cd4                __sfp
 .text.__sinit  0x00004d7c       0x30 c:/program files (x86)/arm gnu toolchain arm-none-eabi/12.3 rel1/bin/../lib/gcc/arm-none-eabi/12.3.1/thumb/v6-m/nofp\libc_nano.a(libc_a-findfp.o)
                0x00004d7c                __sinit
 .text.__fp_lock_all
                0x00004dac       0x1c c:/program files (x86)/arm gnu toolchain arm-none-eabi/12.3 rel1/bin/../lib/gcc/arm-none-eabi/12.3.1/thumb/v6-m/nofp\libc_nano.a(libc_a-findfp.o)
                0x00004dac                __fp_lock_all
 .text.__fp_unlock_all
                0x00004dc8       0x1c c:/program files (x86)/arm gnu toolchain arm-none-eabi/12.3 rel1/bin/../lib/gcc/arm-none-eabi/12.3.1/thumb/v6-m/nofp\libc_nano.a(libc_a-findfp.o)
                0x00004dc8                __fp_unlock_all
 .text._fwalk_sglue
                0x00004de4       0x38 c:/program files (x86)/arm gnu toolchain arm-none-eabi/12.3 rel1/bin/../lib/gcc/arm-none-eabi/12.3.1/thumb/v6-m/nofp\libc_nano.a(libc_a-fwalk.o)
                0x00004de4                _fwalk_sglue
 .text.__sread  0x00004e1c       0x28 c:/program files (x86)/arm gnu toolchain arm-none-eabi/12.3 rel1/bin/../lib/gcc/arm-none-eabi/12.3.1/thumb/v6-m/nofp\libc_nano.a(libc_a-stdio.o)
                0x00004e1c                __sread
 .text.__seofread
                0x00004e44        0x4 c:/program files (x86)/arm gnu toolchain arm-none-eabi/12.3 rel1/bin/../lib/gcc/arm-none-eabi/12.3.1/thumb/v6-m/nofp\libc_nano.a(libc_a-stdio.o)
                0x00004e44                __seofread
 .text.__swrite
                0x00004e48       0x38 c:/program files (x86)/arm gnu toolchain arm-none-eabi/12.3 rel1/bin/../lib/gcc/arm-none-eabi/12.3.1/thumb/v6-m/nofp\libc_nano.a(libc_a-stdio.o)
                0x00004e48                __swrite
 .text.__sseek  0x00004e80       0x2c c:/program files (x86)/arm gnu toolchain arm-none-eabi/12.3 rel1/bin/../lib/gcc/arm-none-eabi/12.3.1/thumb/v6-m/nofp\libc_nano.a(libc_a-stdio.o)
                0x00004e80                __sseek
 .text.__sclose
                0x00004eac        0xc c:/program files (x86)/arm gnu toolchain arm-none-eabi/12.3 rel1/bin/../lib/gcc/arm-none-eabi/12.3.1/thumb/v6-m/nofp\libc_nano.a(libc_a-stdio.o)
                0x00004eac                __sclose
 .text.memset   0x00004eb8       0x10 c:/program files (x86)/arm gnu toolchain arm-none-eabi/12.3 rel1/bin/../lib/gcc/arm-none-eabi/12.3.1/thumb/v6-m/nofp\libc_nano.a(libc_a-memset.o)
                0x00004eb8                memset
 .text._close_r
                0x00004ec8       0x24 c:/program files (x86)/arm gnu toolchain arm-none-eabi/12.3 rel1/bin/../lib/gcc/arm-none-eabi/12.3.1/thumb/v6-m/nofp\libc_nano.a(libc_a-closer.o)
                0x00004ec8                _close_r
 .text._reclaim_reent
                0x00004eec       0xc0 c:/program files (x86)/arm gnu toolchain arm-none-eabi/12.3 rel1/bin/../lib/gcc/arm-none-eabi/12.3.1/thumb/v6-m/nofp\libc_nano.a(libc_a-reent.o)
                0x00004eec                _reclaim_reent
 .text._lseek_r
                0x00004fac       0x28 c:/program files (x86)/arm gnu toolchain arm-none-eabi/12.3 rel1/bin/../lib/gcc/arm-none-eabi/12.3.1/thumb/v6-m/nofp\libc_nano.a(libc_a-lseekr.o)
                0x00004fac                _lseek_r
 .text._read_r  0x00004fd4       0x28 c:/program files (x86)/arm gnu toolchain arm-none-eabi/12.3 rel1/bin/../lib/gcc/arm-none-eabi/12.3.1/thumb/v6-m/nofp\libc_nano.a(libc_a-readr.o)
                0x00004fd4                _read_r
 .text._sbrk_r  0x00004ffc       0x24 c:/program files (x86)/arm gnu toolchain arm-none-eabi/12.3 rel1/bin/../lib/gcc/arm-none-eabi/12.3.1/thumb/v6-m/nofp\libc_nano.a(libc_a-sbrkr.o)
                0x00004ffc                _sbrk_r
 .text._write_r
                0x00005020       0x28 c:/program files (x86)/arm gnu toolchain arm-none-eabi/12.3 rel1/bin/../lib/gcc/arm-none-eabi/12.3.1/thumb/v6-m/nofp\libc_nano.a(libc_a-writer.o)
                0x00005020                _write_r
 .text.__errno  0x00005048        0xc c:/program files (x86)/arm gnu toolchain arm-none-eabi/12.3 rel1/bin/../lib/gcc/arm-none-eabi/12.3.1/thumb/v6-m/nofp\libc_nano.a(libc_a-errno.o)
                0x00005048                __errno
 .text.__libc_init_array
                0x00005054       0x48 c:/program files (x86)/arm gnu toolchain arm-none-eabi/12.3 rel1/bin/../lib/gcc/arm-none-eabi/12.3.1/thumb/v6-m/nofp\libc_nano.a(libc_a-init.o)
                0x00005054                __libc_init_array
 .text.__retarget_lock_init
                0x0000509c        0x2 c:/program files (x86)/arm gnu toolchain arm-none-eabi/12.3 rel1/bin/../lib/gcc/arm-none-eabi/12.3.1/thumb/v6-m/nofp\libc_nano.a(libc_a-lock.o)
                0x0000509c                __retarget_lock_init
 .text.__retarget_lock_init_recursive
                0x0000509e        0x2 c:/program files (x86)/arm gnu toolchain arm-none-eabi/12.3 rel1/bin/../lib/gcc/arm-none-eabi/12.3.1/thumb/v6-m/nofp\libc_nano.a(libc_a-lock.o)
                0x0000509e                __retarget_lock_init_recursive
 .text.__retarget_lock_close
                0x000050a0        0x2 c:/program files (x86)/arm gnu toolchain arm-none-eabi/12.3 rel1/bin/../lib/gcc/arm-none-eabi/12.3.1/thumb/v6-m/nofp\libc_nano.a(libc_a-lock.o)
                0x000050a0                __retarget_lock_close
 .text.__retarget_lock_close_recursive
                0x000050a2        0x2 c:/program files (x86)/arm gnu toolchain arm-none-eabi/12.3 rel1/bin/../lib/gcc/arm-none-eabi/12.3.1/thumb/v6-m/nofp\libc_nano.a(libc_a-lock.o)
                0x000050a2                __retarget_lock_close_recursive
 .text.__retarget_lock_acquire
                0x000050a4        0x2 c:/program files (x86)/arm gnu toolchain arm-none-eabi/12.3 rel1/bin/../lib/gcc/arm-none-eabi/12.3.1/thumb/v6-m/nofp\libc_nano.a(libc_a-lock.o)
                0x000050a4                __retarget_lock_acquire
 .text.__retarget_lock_acquire_recursive
                0x000050a6        0x2 c:/program files (x86)/arm gnu toolchain arm-none-eabi/12.3 rel1/bin/../lib/gcc/arm-none-eabi/12.3.1/thumb/v6-m/nofp\libc_nano.a(libc_a-lock.o)
                0x000050a6                __retarget_lock_acquire_recursive
 .text.__retarget_lock_try_acquire
                0x000050a8        0x4 c:/program files (x86)/arm gnu toolchain arm-none-eabi/12.3 rel1/bin/../lib/gcc/arm-none-eabi/12.3.1/thumb/v6-m/nofp\libc_nano.a(libc_a-lock.o)
                0x000050a8                __retarget_lock_try_acquire
 .text.__retarget_lock_try_acquire_recursive
                0x000050ac        0x4 c:/program files (x86)/arm gnu toolchain arm-none-eabi/12.3 rel1/bin/../lib/gcc/arm-none-eabi/12.3.1/thumb/v6-m/nofp\libc_nano.a(libc_a-lock.o)
                0x000050ac                __retarget_lock_try_acquire_recursive
 .text.__retarget_lock_release
                0x000050b0        0x2 c:/program files (x86)/arm gnu toolchain arm-none-eabi/12.3 rel1/bin/../lib/gcc/arm-none-eabi/12.3.1/thumb/v6-m/nofp\libc_nano.a(libc_a-lock.o)
                0x000050b0                __retarget_lock_release
 .text.__retarget_lock_release_recursive
                0x000050b2        0x2 c:/program files (x86)/arm gnu toolchain arm-none-eabi/12.3 rel1/bin/../lib/gcc/arm-none-eabi/12.3.1/thumb/v6-m/nofp\libc_nano.a(libc_a-lock.o)
                0x000050b2                __retarget_lock_release_recursive
 .text.memcpy   0x000050b4       0x12 c:/program files (x86)/arm gnu toolchain arm-none-eabi/12.3 rel1/bin/../lib/gcc/arm-none-eabi/12.3.1/thumb/v6-m/nofp\libc_nano.a(libc_a-memcpy-stub.o)
                0x000050b4                memcpy
 *fill*         0x000050c6        0x2 
 .text._free_r  0x000050c8       0x94 c:/program files (x86)/arm gnu toolchain arm-none-eabi/12.3 rel1/bin/../lib/gcc/arm-none-eabi/12.3.1/thumb/v6-m/nofp\libc_nano.a(libc_a-freer.o)
                0x000050c8                _free_r
 .text.__sflush_r
                0x0000515c      0x11c c:/program files (x86)/arm gnu toolchain arm-none-eabi/12.3 rel1/bin/../lib/gcc/arm-none-eabi/12.3.1/thumb/v6-m/nofp\libc_nano.a(libc_a-fflush.o)
                0x0000515c                __sflush_r
 .text._fflush_r
                0x00005278       0x56 c:/program files (x86)/arm gnu toolchain arm-none-eabi/12.3 rel1/bin/../lib/gcc/arm-none-eabi/12.3.1/thumb/v6-m/nofp\libc_nano.a(libc_a-fflush.o)
                0x00005278                _fflush_r
 *fill*         0x000052ce        0x2 
 .text.fflush   0x000052d0       0x30 c:/program files (x86)/arm gnu toolchain arm-none-eabi/12.3 rel1/bin/../lib/gcc/arm-none-eabi/12.3.1/thumb/v6-m/nofp\libc_nano.a(libc_a-fflush.o)
                0x000052d0                fflush
 .text._close   0x00005300       0x10 c:/program files (x86)/arm gnu toolchain arm-none-eabi/12.3 rel1/bin/../lib/gcc/arm-none-eabi/12.3.1/thumb/v6-m/nofp\libnosys.a(close.o)
                0x00005300                _close
 .text._lseek   0x00005310       0x10 c:/program files (x86)/arm gnu toolchain arm-none-eabi/12.3 rel1/bin/../lib/gcc/arm-none-eabi/12.3.1/thumb/v6-m/nofp\libnosys.a(lseek.o)
                0x00005310                _lseek
 .text._read    0x00005320       0x10 c:/program files (x86)/arm gnu toolchain arm-none-eabi/12.3 rel1/bin/../lib/gcc/arm-none-eabi/12.3.1/thumb/v6-m/nofp\libnosys.a(read.o)
                0x00005320                _read
 .text._sbrk    0x00005330       0x1c c:/program files (x86)/arm gnu toolchain arm-none-eabi/12.3 rel1/bin/../lib/gcc/arm-none-eabi/12.3.1/thumb/v6-m/nofp\libnosys.a(sbrk.o)
                0x00005330                _sbrk
 .text._write   0x0000534c       0x10 c:/program files (x86)/arm gnu toolchain arm-none-eabi/12.3 rel1/bin/../lib/gcc/arm-none-eabi/12.3.1/thumb/v6-m/nofp\libnosys.a(write.o)
                0x0000534c                _write
 .text._exit    0x0000535c        0x4 c:/program files (x86)/arm gnu toolchain arm-none-eabi/12.3 rel1/bin/../lib/gcc/arm-none-eabi/12.3.1/thumb/v6-m/nofp\libnosys.a(_exit.o)
                0x0000535c                _exit
 *(.rodata)
 .rodata        0x00005360        0x4 build/board.o
                0x00005360                ExtClockIn
 .rodata        0x00005364       0x3c build/system_LPC824.o
 .rodata        0x000053a0        0x9 build/fsl_usart.o
 *fill*         0x000053a9        0x3 
 .rodata        0x000053ac        0xc build/fsl_adapter_miniusart.o
 .rodata        0x000053b8        0xf build/fsl_str.o
 *(.rodata*)
 *fill*         0x000053c7        0x1 
 .rodata.all_implied_fbits
                0x000053c8       0x24 c:/program files (x86)/arm gnu toolchain arm-none-eabi/12.3 rel1/bin/../lib/gcc/arm-none-eabi/12.3.1/thumb/v6-m/nofp/crtbegin.o
 .rodata.str1.1
                0x000053ec       0x9b build/adc_tim_trig_modified.o
 *fill*         0x00005487        0x1 
 .rodata.__aeabi_fdiv
                0x00005488       0x7c c:/program files (x86)/arm gnu toolchain arm-none-eabi/12.3 rel1/bin/../lib/gcc/arm-none-eabi/12.3.1/thumb/v6-m/nofp\libgcc.a(divsf3.o)
 .rodata.__aeabi_ddiv
                0x00005504       0x40 c:/program files (x86)/arm gnu toolchain arm-none-eabi/12.3 rel1/bin/../lib/gcc/arm-none-eabi/12.3.1/thumb/v6-m/nofp\libgcc.a(divdf3.o)
 .rodata._ctype_
                0x00005544      0x101 c:/program files (x86)/arm gnu toolchain arm-none-eabi/12.3 rel1/bin/../lib/gcc/arm-none-eabi/12.3.1/thumb/v6-m/nofp\libc_nano.a(libc_a-ctype_.o)
                0x00005544                _ctype_
 *fill*         0x00005645        0x3 
 .rodata.all_implied_fbits
                0x00005648       0x24 c:/program files (x86)/arm gnu toolchain arm-none-eabi/12.3 rel1/bin/../lib/gcc/arm-none-eabi/12.3.1/thumb/v6-m/nofp/crtend.o
 *(.glue_7)
 .glue_7        0x0000566c        0x0 linker stubs
 *(.glue_7t)
 .glue_7t       0x0000566c        0x0 linker stubs
 *(.eh_frame)
 .eh_frame      0x0000566c        0x0 c:/program files (x86)/arm gnu toolchain arm-none-eabi/12.3 rel1/bin/../lib/gcc/arm-none-eabi/12.3.1/thumb/v6-m/nofp/crtbegin.o
 .eh_frame      0x0000566c        0x4 c:/program files (x86)/arm gnu toolchain arm-none-eabi/12.3 rel1/bin/../lib/gcc/arm-none-eabi/12.3.1/thumb/v6-m/nofp/crtend.o
 *(.init)
 .init          0x00005670        0x4 c:/program files (x86)/arm gnu toolchain arm-none-eabi/12.3 rel1/bin/../lib/gcc/arm-none-eabi/12.3.1/thumb/v6-m/nofp/crti.o
                0x00005670                _init
 .init          0x00005674        0x8 c:/program files (x86)/arm gnu toolchain arm-none-eabi/12.3 rel1/bin/../lib/gcc/arm-none-eabi/12.3.1/thumb/v6-m/nofp/crtn.o
 *(.fini)
 .fini          0x0000567c        0x4 c:/program files (x86)/arm gnu toolchain arm-none-eabi/12.3 rel1/bin/../lib/gcc/arm-none-eabi/12.3.1/thumb/v6-m/nofp/crti.o
                0x0000567c                _fini
 .fini          0x00005680        0x8 c:/program files (x86)/arm gnu toolchain arm-none-eabi/12.3 rel1/bin/../lib/gcc/arm-none-eabi/12.3.1/thumb/v6-m/nofp/crtn.o
                0x00005688                        . = ALIGN (0x4)

.vfp11_veneer   0x00005688        0x0
 .vfp11_veneer  0x00005688        0x0 linker stubs

.v4_bx          0x00005688        0x0
 .v4_bx         0x00005688        0x0 linker stubs

.iplt           0x00005688        0x0
 .iplt          0x00005688        0x0 c:/program files (x86)/arm gnu toolchain arm-none-eabi/12.3 rel1/bin/../lib/gcc/arm-none-eabi/12.3.1/thumb/v6-m/nofp/crtbegin.o

.ARM.extab      0x00005688        0x0
 *(.ARM.extab* .gnu.linkonce.armextab.*)
 .ARM.extab     0x00005688        0x0 c:/program files (x86)/arm gnu toolchain arm-none-eabi/12.3 rel1/bin/../lib/gcc/arm-none-eabi/12.3.1/thumb/v6-m/nofp/crt0.o
 .ARM.extab.text.__udivmoddi4
                0x00005688        0x0 c:/program files (x86)/arm gnu toolchain arm-none-eabi/12.3 rel1/bin/../lib/gcc/arm-none-eabi/12.3.1/thumb/v6-m/nofp\libgcc.a(_udivmoddi4.o)
 .ARM.extab.text.__divdi3
                0x00005688        0x0 c:/program files (x86)/arm gnu toolchain arm-none-eabi/12.3 rel1/bin/../lib/gcc/arm-none-eabi/12.3.1/thumb/v6-m/nofp\libgcc.a(_divdi3.o)

.ARM            0x00005688        0x8
                0x00005688                        __exidx_start = .
 *(.ARM.exidx*)
 .ARM.exidx     0x00005688        0x8 c:/program files (x86)/arm gnu toolchain arm-none-eabi/12.3 rel1/bin/../lib/gcc/arm-none-eabi/12.3.1/thumb/v6-m/nofp/crt0.o
                                 0x10 (size before relaxing)
 .ARM.exidx.text.__udivmoddi4
                0x00005690        0x0 c:/program files (x86)/arm gnu toolchain arm-none-eabi/12.3 rel1/bin/../lib/gcc/arm-none-eabi/12.3.1/thumb/v6-m/nofp\libgcc.a(_udivmoddi4.o)
                                  0x8 (size before relaxing)
 .ARM.exidx.text.__divdi3
                0x00005690        0x0 c:/program files (x86)/arm gnu toolchain arm-none-eabi/12.3 rel1/bin/../lib/gcc/arm-none-eabi/12.3.1/thumb/v6-m/nofp\libgcc.a(_divdi3.o)
                                  0x8 (size before relaxing)
                0x00005690                        __exidx_end = .

.rel.dyn        0x00005690        0x0
 .rel.iplt      0x00005690        0x0 c:/program files (x86)/arm gnu toolchain arm-none-eabi/12.3 rel1/bin/../lib/gcc/arm-none-eabi/12.3.1/thumb/v6-m/nofp/crtbegin.o

.ctors          0x00005690        0x0
                0x00005690                        __CTOR_LIST__ = .
 *crtbegin.o(.ctors)
 *crtbegin?.o(.ctors)
 *(EXCLUDE_FILE(*crtend.o *crtend?.o) .ctors)
 *(SORT_BY_NAME(.ctors.*))
 *(.ctors)
                0x00005690                        __CTOR_END__ = .

.dtors          0x00005690        0x0
                0x00005690                        __DTOR_LIST__ = .
 *crtbegin.o(.dtors)
 *crtbegin?.o(.dtors)
 *(EXCLUDE_FILE(*crtend.o *crtend?.o) .dtors)
 *(SORT_BY_NAME(.dtors.*))
 *(.dtors)
                0x00005690                        __DTOR_END__ = .

.preinit_array  0x00005690        0x0
                0x00005690                        PROVIDE (__preinit_array_start = .)
 *(.preinit_array*)
                0x00005690                        PROVIDE (__preinit_array_end = .)

.init_array     0x00005690        0x4
                0x00005690                        PROVIDE (__init_array_start = .)
 *(SORT_BY_NAME(.init_array.*))
 *(.init_array*)
 .init_array    0x00005690        0x4 c:/program files (x86)/arm gnu toolchain arm-none-eabi/12.3 rel1/bin/../lib/gcc/arm-none-eabi/12.3.1/thumb/v6-m/nofp/crtbegin.o
                0x00005694                        PROVIDE (__init_array_end = .)

.fini_array     0x00005694        0x4
                [!provide]                        PROVIDE (__fini_array_start = .)
 *(SORT_BY_NAME(.fini_array.*))
 *(.fini_array*)
 .fini_array    0x00005694        0x4 c:/program files (x86)/arm gnu toolchain arm-none-eabi/12.3 rel1/bin/../lib/gcc/arm-none-eabi/12.3.1/thumb/v6-m/nofp/crtbegin.o
                [!provide]                        PROVIDE (__fini_array_end = .)
                0x00005698                        __etext = .
                0x00005698                        __DATA_ROM = .

.data           0x10000000       0x64 load address 0x00005698
                0x10000000                        . = ALIGN (0x4)
                0x10000000                        __DATA_RAM = .
                0x10000000                        __data_start__ = .
 *(.ramfunc*)
 *(.data)
 .data          0x10000000        0x0 c:/program files (x86)/arm gnu toolchain arm-none-eabi/12.3 rel1/bin/../lib/gcc/arm-none-eabi/12.3.1/thumb/v6-m/nofp/crti.o
 .data          0x10000000        0x0 c:/program files (x86)/arm gnu toolchain arm-none-eabi/12.3 rel1/bin/../lib/gcc/arm-none-eabi/12.3.1/thumb/v6-m/nofp/crtbegin.o
 .data          0x10000000        0x0 c:/program files (x86)/arm gnu toolchain arm-none-eabi/12.3 rel1/bin/../lib/gcc/arm-none-eabi/12.3.1/thumb/v6-m/nofp/crt0.o
 .data          0x10000000        0x0 build/adc_tim_trig_modified.o
 .data          0x10000000        0x0 build/pin_mux.o
 .data          0x10000000        0x0 build/board.o
 .data          0x10000000        0x0 build/clock_config.o
 .data          0x10000000        0x4 build/system_LPC824.o
                0x10000000                SystemCoreClock
 .data          0x10000004        0x0 build/fsl_common.o
 .data          0x10000004        0x0 build/fsl_common_arm.o
 .data          0x10000004        0x0 build/fsl_gpio.o
 .data          0x10000004        0x0 build/fsl_power.o
 .data          0x10000004        0x0 build/fsl_clock.o
 .data          0x10000004        0x0 build/fsl_reset.o
 .data          0x10000004        0x0 build/fsl_swm.o
 .data          0x10000004        0x0 build/fsl_syscon.o
 .data          0x10000004        0x0 build/fsl_adc.o
 .data          0x10000004        0x0 build/fsl_sctimer.o
 .data          0x10000004        0x0 build/fsl_usart.o
 .data          0x10000004        0x0 build/fsl_adapter_miniusart.o
 .data          0x10000004        0x0 build/fsl_debug_console.o
 .data          0x10000004        0x0 build/fsl_str.o
 .data          0x10000004        0x0 build/startup_LPC824.o
 .data          0x10000004        0x0 c:/program files (x86)/arm gnu toolchain arm-none-eabi/12.3 rel1/bin/../lib/gcc/arm-none-eabi/12.3.1/thumb/v6-m/nofp\libgcc.a(_thumb1_case_sqi.o)
 .data          0x10000004        0x0 c:/program files (x86)/arm gnu toolchain arm-none-eabi/12.3 rel1/bin/../lib/gcc/arm-none-eabi/12.3.1/thumb/v6-m/nofp\libgcc.a(_thumb1_case_uqi.o)
 .data          0x10000004        0x0 c:/program files (x86)/arm gnu toolchain arm-none-eabi/12.3 rel1/bin/../lib/gcc/arm-none-eabi/12.3.1/thumb/v6-m/nofp\libgcc.a(_udivsi3.o)
 .data          0x10000004        0x0 c:/program files (x86)/arm gnu toolchain arm-none-eabi/12.3 rel1/bin/../lib/gcc/arm-none-eabi/12.3.1/thumb/v6-m/nofp\libgcc.a(_divsi3.o)
 .data          0x10000004        0x0 c:/program files (x86)/arm gnu toolchain arm-none-eabi/12.3 rel1/bin/../lib/gcc/arm-none-eabi/12.3.1/thumb/v6-m/nofp\libgcc.a(_dvmd_tls.o)
 .data          0x10000004        0x0 c:/program files (x86)/arm gnu toolchain arm-none-eabi/12.3 rel1/bin/../lib/gcc/arm-none-eabi/12.3.1/thumb/v6-m/nofp\libgcc.a(_aeabi_ldivmod.o)
 .data          0x10000004        0x0 c:/program files (x86)/arm gnu toolchain arm-none-eabi/12.3 rel1/bin/../lib/gcc/arm-none-eabi/12.3.1/thumb/v6-m/nofp\libgcc.a(_aeabi_uldivmod.o)
 .data          0x10000004        0x0 c:/program files (x86)/arm gnu toolchain arm-none-eabi/12.3 rel1/bin/../lib/gcc/arm-none-eabi/12.3.1/thumb/v6-m/nofp\libgcc.a(_muldi3.o)
 .data          0x10000004        0x0 c:/program files (x86)/arm gnu toolchain arm-none-eabi/12.3 rel1/bin/../lib/gcc/arm-none-eabi/12.3.1/thumb/v6-m/nofp\libgcc.a(_udivmoddi4.o)
 .data          0x10000004        0x0 c:/program files (x86)/arm gnu toolchain arm-none-eabi/12.3 rel1/bin/../lib/gcc/arm-none-eabi/12.3.1/thumb/v6-m/nofp\libgcc.a(bpabi.o)
 .data          0x10000004        0x0 c:/program files (x86)/arm gnu toolchain arm-none-eabi/12.3 rel1/bin/../lib/gcc/arm-none-eabi/12.3.1/thumb/v6-m/nofp\libgcc.a(addsf3.o)
 .data          0x10000004        0x0 c:/program files (x86)/arm gnu toolchain arm-none-eabi/12.3 rel1/bin/../lib/gcc/arm-none-eabi/12.3.1/thumb/v6-m/nofp\libgcc.a(divsf3.o)
 .data          0x10000004        0x0 c:/program files (x86)/arm gnu toolchain arm-none-eabi/12.3 rel1/bin/../lib/gcc/arm-none-eabi/12.3.1/thumb/v6-m/nofp\libgcc.a(mulsf3.o)
 .data          0x10000004        0x0 c:/program files (x86)/arm gnu toolchain arm-none-eabi/12.3 rel1/bin/../lib/gcc/arm-none-eabi/12.3.1/thumb/v6-m/nofp\libgcc.a(subsf3.o)
 .data          0x10000004        0x0 c:/program files (x86)/arm gnu toolchain arm-none-eabi/12.3 rel1/bin/../lib/gcc/arm-none-eabi/12.3.1/thumb/v6-m/nofp\libgcc.a(fixsfsi.o)
 .data          0x10000004        0x0 c:/program files (x86)/arm gnu toolchain arm-none-eabi/12.3 rel1/bin/../lib/gcc/arm-none-eabi/12.3.1/thumb/v6-m/nofp\libgcc.a(divdf3.o)
 .data          0x10000004        0x0 c:/program files (x86)/arm gnu toolchain arm-none-eabi/12.3 rel1/bin/../lib/gcc/arm-none-eabi/12.3.1/thumb/v6-m/nofp\libgcc.a(muldf3.o)
 .data          0x10000004        0x0 c:/program files (x86)/arm gnu toolchain arm-none-eabi/12.3 rel1/bin/../lib/gcc/arm-none-eabi/12.3.1/thumb/v6-m/nofp\libgcc.a(floatunsidf.o)
 .data          0x10000004        0x0 c:/program files (x86)/arm gnu toolchain arm-none-eabi/12.3 rel1/bin/../lib/gcc/arm-none-eabi/12.3.1/thumb/v6-m/nofp\libgcc.a(truncdfsf2.o)
 .data          0x10000004        0x0 c:/program files (x86)/arm gnu toolchain arm-none-eabi/12.3 rel1/bin/../lib/gcc/arm-none-eabi/12.3.1/thumb/v6-m/nofp\libgcc.a(_clzsi2.o)
 .data          0x10000004        0x0 c:/program files (x86)/arm gnu toolchain arm-none-eabi/12.3 rel1/bin/../lib/gcc/arm-none-eabi/12.3.1/thumb/v6-m/nofp\libgcc.a(_clzdi2.o)
 .data          0x10000004        0x0 c:/program files (x86)/arm gnu toolchain arm-none-eabi/12.3 rel1/bin/../lib/gcc/arm-none-eabi/12.3.1/thumb/v6-m/nofp\libgcc.a(_divdi3.o)
 .data          0x10000004        0x0 c:/program files (x86)/arm gnu toolchain arm-none-eabi/12.3 rel1/bin/../lib/gcc/arm-none-eabi/12.3.1/thumb/v6-m/nofp\libc_nano.a(libc_a-exit.o)
 .data          0x10000004        0x0 c:/program files (x86)/arm gnu toolchain arm-none-eabi/12.3 rel1/bin/../lib/gcc/arm-none-eabi/12.3.1/thumb/v6-m/nofp\libc_nano.a(libc_a-malloc.o)
 .data          0x10000004        0x0 c:/program files (x86)/arm gnu toolchain arm-none-eabi/12.3 rel1/bin/../lib/gcc/arm-none-eabi/12.3.1/thumb/v6-m/nofp\libc_nano.a(libc_a-mallocr.o)
 .data          0x10000004        0x0 c:/program files (x86)/arm gnu toolchain arm-none-eabi/12.3 rel1/bin/../lib/gcc/arm-none-eabi/12.3.1/thumb/v6-m/nofp\libc_nano.a(libc_a-mlock.o)
 .data          0x10000004        0x0 c:/program files (x86)/arm gnu toolchain arm-none-eabi/12.3 rel1/bin/../lib/gcc/arm-none-eabi/12.3.1/thumb/v6-m/nofp\libc_nano.a(libc_a-strtoul.o)
 .data          0x10000004        0x0 c:/program files (x86)/arm gnu toolchain arm-none-eabi/12.3 rel1/bin/../lib/gcc/arm-none-eabi/12.3.1/thumb/v6-m/nofp\libc_nano.a(libc_a-ctype_.o)
 .data          0x10000004        0x0 c:/program files (x86)/arm gnu toolchain arm-none-eabi/12.3 rel1/bin/../lib/gcc/arm-none-eabi/12.3.1/thumb/v6-m/nofp\libc_nano.a(libc_a-findfp.o)
 .data          0x10000004        0x0 c:/program files (x86)/arm gnu toolchain arm-none-eabi/12.3 rel1/bin/../lib/gcc/arm-none-eabi/12.3.1/thumb/v6-m/nofp\libc_nano.a(libc_a-fwalk.o)
 .data          0x10000004        0x0 c:/program files (x86)/arm gnu toolchain arm-none-eabi/12.3 rel1/bin/../lib/gcc/arm-none-eabi/12.3.1/thumb/v6-m/nofp\libc_nano.a(libc_a-stdio.o)
 .data          0x10000004        0x0 c:/program files (x86)/arm gnu toolchain arm-none-eabi/12.3 rel1/bin/../lib/gcc/arm-none-eabi/12.3.1/thumb/v6-m/nofp\libc_nano.a(libc_a-memset.o)
 .data          0x10000004        0x0 c:/program files (x86)/arm gnu toolchain arm-none-eabi/12.3 rel1/bin/../lib/gcc/arm-none-eabi/12.3.1/thumb/v6-m/nofp\libc_nano.a(libc_a-closer.o)
 .data          0x10000004        0x0 c:/program files (x86)/arm gnu toolchain arm-none-eabi/12.3 rel1/bin/../lib/gcc/arm-none-eabi/12.3.1/thumb/v6-m/nofp\libc_nano.a(libc_a-reent.o)
 .data          0x10000004        0x0 c:/program files (x86)/arm gnu toolchain arm-none-eabi/12.3 rel1/bin/../lib/gcc/arm-none-eabi/12.3.1/thumb/v6-m/nofp\libc_nano.a(libc_a-impure.o)
 .data          0x10000004        0x0 c:/program files (x86)/arm gnu toolchain arm-none-eabi/12.3 rel1/bin/../lib/gcc/arm-none-eabi/12.3.1/thumb/v6-m/nofp\libc_nano.a(libc_a-lseekr.o)
 .data          0x10000004        0x0 c:/program files (x86)/arm gnu toolchain arm-none-eabi/12.3 rel1/bin/../lib/gcc/arm-none-eabi/12.3.1/thumb/v6-m/nofp\libc_nano.a(libc_a-readr.o)
 .data          0x10000004        0x0 c:/program files (x86)/arm gnu toolchain arm-none-eabi/12.3 rel1/bin/../lib/gcc/arm-none-eabi/12.3.1/thumb/v6-m/nofp\libc_nano.a(libc_a-sbrkr.o)
 .data          0x10000004        0x0 c:/program files (x86)/arm gnu toolchain arm-none-eabi/12.3 rel1/bin/../lib/gcc/arm-none-eabi/12.3.1/thumb/v6-m/nofp\libc_nano.a(libc_a-writer.o)
 .data          0x10000004        0x0 c:/program files (x86)/arm gnu toolchain arm-none-eabi/12.3 rel1/bin/../lib/gcc/arm-none-eabi/12.3.1/thumb/v6-m/nofp\libc_nano.a(libc_a-errno.o)
 .data          0x10000004        0x0 c:/program files (x86)/arm gnu toolchain arm-none-eabi/12.3 rel1/bin/../lib/gcc/arm-none-eabi/12.3.1/thumb/v6-m/nofp\libc_nano.a(libc_a-init.o)
 .data          0x10000004        0x0 c:/program files (x86)/arm gnu toolchain arm-none-eabi/12.3 rel1/bin/../lib/gcc/arm-none-eabi/12.3.1/thumb/v6-m/nofp\libc_nano.a(libc_a-lock.o)
 .data          0x10000004        0x0 c:/program files (x86)/arm gnu toolchain arm-none-eabi/12.3 rel1/bin/../lib/gcc/arm-none-eabi/12.3.1/thumb/v6-m/nofp\libc_nano.a(libc_a-memcpy-stub.o)
 .data          0x10000004        0x0 c:/program files (x86)/arm gnu toolchain arm-none-eabi/12.3 rel1/bin/../lib/gcc/arm-none-eabi/12.3.1/thumb/v6-m/nofp\libc_nano.a(libc_a-strlen.o)
 .data          0x10000004        0x0 c:/program files (x86)/arm gnu toolchain arm-none-eabi/12.3 rel1/bin/../lib/gcc/arm-none-eabi/12.3.1/thumb/v6-m/nofp\libc_nano.a(libc_a-freer.o)
 .data          0x10000004        0x0 c:/program files (x86)/arm gnu toolchain arm-none-eabi/12.3 rel1/bin/../lib/gcc/arm-none-eabi/12.3.1/thumb/v6-m/nofp\libc_nano.a(libc_a-fflush.o)
 .data          0x10000004        0x0 c:/program files (x86)/arm gnu toolchain arm-none-eabi/12.3 rel1/bin/../lib/gcc/arm-none-eabi/12.3.1/thumb/v6-m/nofp\libnosys.a(close.o)
 .data          0x10000004        0x0 c:/program files (x86)/arm gnu toolchain arm-none-eabi/12.3 rel1/bin/../lib/gcc/arm-none-eabi/12.3.1/thumb/v6-m/nofp\libnosys.a(lseek.o)
 .data          0x10000004        0x0 c:/program files (x86)/arm gnu toolchain arm-none-eabi/12.3 rel1/bin/../lib/gcc/arm-none-eabi/12.3.1/thumb/v6-m/nofp\libnosys.a(read.o)
 .data          0x10000004        0x0 c:/program files (x86)/arm gnu toolchain arm-none-eabi/12.3 rel1/bin/../lib/gcc/arm-none-eabi/12.3.1/thumb/v6-m/nofp\libnosys.a(sbrk.o)
 .data          0x10000004        0x0 c:/program files (x86)/arm gnu toolchain arm-none-eabi/12.3 rel1/bin/../lib/gcc/arm-none-eabi/12.3.1/thumb/v6-m/nofp\libnosys.a(write.o)
 .data          0x10000004        0x0 c:/program files (x86)/arm gnu toolchain arm-none-eabi/12.3 rel1/bin/../lib/gcc/arm-none-eabi/12.3.1/thumb/v6-m/nofp\libnosys.a(_exit.o)
 .data          0x10000004        0x0 c:/program files (x86)/arm gnu toolchain arm-none-eabi/12.3 rel1/bin/../lib/gcc/arm-none-eabi/12.3.1/thumb/v6-m/nofp/crtend.o
 .data          0x10000004        0x0 c:/program files (x86)/arm gnu toolchain arm-none-eabi/12.3 rel1/bin/../lib/gcc/arm-none-eabi/12.3.1/thumb/v6-m/nofp/crtn.o
 *(.data*)
 .data.__dso_handle
                0x10000004        0x4 c:/program files (x86)/arm gnu toolchain arm-none-eabi/12.3 rel1/bin/../lib/gcc/arm-none-eabi/12.3.1/thumb/v6-m/nofp/crtbegin.o
                0x10000004                __dso_handle
 .data.__sglue  0x10000008        0xc c:/program files (x86)/arm gnu toolchain arm-none-eabi/12.3 rel1/bin/../lib/gcc/arm-none-eabi/12.3.1/thumb/v6-m/nofp\libc_nano.a(libc_a-findfp.o)
                0x10000008                __sglue
 .data._impure_ptr
                0x10000014        0x4 c:/program files (x86)/arm gnu toolchain arm-none-eabi/12.3 rel1/bin/../lib/gcc/arm-none-eabi/12.3.1/thumb/v6-m/nofp\libc_nano.a(libc_a-impure.o)
                0x10000014                _impure_ptr
 .data._impure_data
                0x10000018       0x4c c:/program files (x86)/arm gnu toolchain arm-none-eabi/12.3 rel1/bin/../lib/gcc/arm-none-eabi/12.3.1/thumb/v6-m/nofp\libc_nano.a(libc_a-impure.o)
                0x10000018                _impure_data
 *(.jcr*)
                0x10000064                        . = ALIGN (0x4)
                0x10000064                        __data_end__ = .
                0x000056fc                        __DATA_END = (__DATA_ROM + (__data_end__ - __data_start__))
                0x00008000                        text_end = (ORIGIN (m_text) + LENGTH (m_text))
                0x00000001                        ASSERT ((__DATA_END <= text_end), region m_text overflowed with text and data)

.tm_clone_table
                0x10000064        0x0 load address 0x000056fc
 .tm_clone_table
                0x10000064        0x0 c:/program files (x86)/arm gnu toolchain arm-none-eabi/12.3 rel1/bin/../lib/gcc/arm-none-eabi/12.3.1/thumb/v6-m/nofp/crtbegin.o
 .tm_clone_table
                0x10000064        0x0 c:/program files (x86)/arm gnu toolchain arm-none-eabi/12.3 rel1/bin/../lib/gcc/arm-none-eabi/12.3.1/thumb/v6-m/nofp/crtend.o

.igot.plt       0x10000064        0x0 load address 0x000056fc
 .igot.plt      0x10000064        0x0 c:/program files (x86)/arm gnu toolchain arm-none-eabi/12.3 rel1/bin/../lib/gcc/arm-none-eabi/12.3.1/thumb/v6-m/nofp/crtbegin.o

.bss            0x10000064      0x204 load address 0x000056fc
                0x10000064                        . = ALIGN (0x4)
                0x10000064                        __START_BSS = .
                0x10000064                        __bss_start__ = .
 *(.bss)
 .bss           0x10000064        0x0 c:/program files (x86)/arm gnu toolchain arm-none-eabi/12.3 rel1/bin/../lib/gcc/arm-none-eabi/12.3.1/thumb/v6-m/nofp/crti.o
 .bss           0x10000064        0x0 c:/program files (x86)/arm gnu toolchain arm-none-eabi/12.3 rel1/bin/../lib/gcc/arm-none-eabi/12.3.1/thumb/v6-m/nofp/crtbegin.o
 .bss           0x10000064        0x0 c:/program files (x86)/arm gnu toolchain arm-none-eabi/12.3 rel1/bin/../lib/gcc/arm-none-eabi/12.3.1/thumb/v6-m/nofp/crt0.o
 .bss           0x10000064       0x2d build/adc_tim_trig_modified.o
                0x10000064                ADCResultStruct
                0x10000074                yt
                0x10000078                duty
                0x1000007c                event1
                0x10000080                sctClock
                0x10000084                sctConfig
                0x1000008d                pwmParam
                0x10000090                counter
 .bss           0x10000091        0x0 build/pin_mux.o
 .bss           0x10000091        0x0 build/board.o
 .bss           0x10000091        0x0 build/clock_config.o
 .bss           0x10000091        0x0 build/system_LPC824.o
 .bss           0x10000091        0x0 build/fsl_common.o
 .bss           0x10000091        0x0 build/fsl_common_arm.o
 .bss           0x10000091        0x0 build/fsl_gpio.o
 .bss           0x10000091        0x0 build/fsl_power.o
 *fill*         0x10000091        0x3 
 .bss           0x10000094        0xc build/fsl_clock.o
                0x10000094                g_Ext_Clk_Freq
                0x10000098                g_Wdt_Osc_Freq
 .bss           0x100000a0        0x0 build/fsl_reset.o
 .bss           0x100000a0        0x0 build/fsl_swm.o
 .bss           0x100000a0        0x0 build/fsl_syscon.o
 .bss           0x100000a0        0x0 build/fsl_adc.o
 .bss           0x100000a0       0x34 build/fsl_sctimer.o
 .bss           0x100000d4       0x10 build/fsl_usart.o
 .bss           0x100000e4        0x0 build/fsl_adapter_miniusart.o
 .bss           0x100000e4       0x14 build/fsl_debug_console.o
 .bss           0x100000f8        0x0 build/fsl_str.o
 .bss           0x100000f8        0x0 build/startup_LPC824.o
 .bss           0x100000f8        0x0 c:/program files (x86)/arm gnu toolchain arm-none-eabi/12.3 rel1/bin/../lib/gcc/arm-none-eabi/12.3.1/thumb/v6-m/nofp\libgcc.a(_thumb1_case_sqi.o)
 .bss           0x100000f8        0x0 c:/program files (x86)/arm gnu toolchain arm-none-eabi/12.3 rel1/bin/../lib/gcc/arm-none-eabi/12.3.1/thumb/v6-m/nofp\libgcc.a(_thumb1_case_uqi.o)
 .bss           0x100000f8        0x0 c:/program files (x86)/arm gnu toolchain arm-none-eabi/12.3 rel1/bin/../lib/gcc/arm-none-eabi/12.3.1/thumb/v6-m/nofp\libgcc.a(_udivsi3.o)
 .bss           0x100000f8        0x0 c:/program files (x86)/arm gnu toolchain arm-none-eabi/12.3 rel1/bin/../lib/gcc/arm-none-eabi/12.3.1/thumb/v6-m/nofp\libgcc.a(_divsi3.o)
 .bss           0x100000f8        0x0 c:/program files (x86)/arm gnu toolchain arm-none-eabi/12.3 rel1/bin/../lib/gcc/arm-none-eabi/12.3.1/thumb/v6-m/nofp\libgcc.a(_dvmd_tls.o)
 .bss           0x100000f8        0x0 c:/program files (x86)/arm gnu toolchain arm-none-eabi/12.3 rel1/bin/../lib/gcc/arm-none-eabi/12.3.1/thumb/v6-m/nofp\libgcc.a(_aeabi_ldivmod.o)
 .bss           0x100000f8        0x0 c:/program files (x86)/arm gnu toolchain arm-none-eabi/12.3 rel1/bin/../lib/gcc/arm-none-eabi/12.3.1/thumb/v6-m/nofp\libgcc.a(_aeabi_uldivmod.o)
 .bss           0x100000f8        0x0 c:/program files (x86)/arm gnu toolchain arm-none-eabi/12.3 rel1/bin/../lib/gcc/arm-none-eabi/12.3.1/thumb/v6-m/nofp\libgcc.a(_muldi3.o)
 .bss           0x100000f8        0x0 c:/program files (x86)/arm gnu toolchain arm-none-eabi/12.3 rel1/bin/../lib/gcc/arm-none-eabi/12.3.1/thumb/v6-m/nofp\libgcc.a(_udivmoddi4.o)
 .bss           0x100000f8        0x0 c:/program files (x86)/arm gnu toolchain arm-none-eabi/12.3 rel1/bin/../lib/gcc/arm-none-eabi/12.3.1/thumb/v6-m/nofp\libgcc.a(bpabi.o)
 .bss           0x100000f8        0x0 c:/program files (x86)/arm gnu toolchain arm-none-eabi/12.3 rel1/bin/../lib/gcc/arm-none-eabi/12.3.1/thumb/v6-m/nofp\libgcc.a(addsf3.o)
 .bss           0x100000f8        0x0 c:/program files (x86)/arm gnu toolchain arm-none-eabi/12.3 rel1/bin/../lib/gcc/arm-none-eabi/12.3.1/thumb/v6-m/nofp\libgcc.a(divsf3.o)
 .bss           0x100000f8        0x0 c:/program files (x86)/arm gnu toolchain arm-none-eabi/12.3 rel1/bin/../lib/gcc/arm-none-eabi/12.3.1/thumb/v6-m/nofp\libgcc.a(mulsf3.o)
 .bss           0x100000f8        0x0 c:/program files (x86)/arm gnu toolchain arm-none-eabi/12.3 rel1/bin/../lib/gcc/arm-none-eabi/12.3.1/thumb/v6-m/nofp\libgcc.a(subsf3.o)
 .bss           0x100000f8        0x0 c:/program files (x86)/arm gnu toolchain arm-none-eabi/12.3 rel1/bin/../lib/gcc/arm-none-eabi/12.3.1/thumb/v6-m/nofp\libgcc.a(fixsfsi.o)
 .bss           0x100000f8        0x0 c:/program files (x86)/arm gnu toolchain arm-none-eabi/12.3 rel1/bin/../lib/gcc/arm-none-eabi/12.3.1/thumb/v6-m/nofp\libgcc.a(divdf3.o)
 .bss           0x100000f8        0x0 c:/program files (x86)/arm gnu toolchain arm-none-eabi/12.3 rel1/bin/../lib/gcc/arm-none-eabi/12.3.1/thumb/v6-m/nofp\libgcc.a(muldf3.o)
 .bss           0x100000f8        0x0 c:/program files (x86)/arm gnu toolchain arm-none-eabi/12.3 rel1/bin/../lib/gcc/arm-none-eabi/12.3.1/thumb/v6-m/nofp\libgcc.a(floatunsidf.o)
 .bss           0x100000f8        0x0 c:/program files (x86)/arm gnu toolchain arm-none-eabi/12.3 rel1/bin/../lib/gcc/arm-none-eabi/12.3.1/thumb/v6-m/nofp\libgcc.a(truncdfsf2.o)
 .bss           0x100000f8        0x0 c:/program files (x86)/arm gnu toolchain arm-none-eabi/12.3 rel1/bin/../lib/gcc/arm-none-eabi/12.3.1/thumb/v6-m/nofp\libgcc.a(_clzsi2.o)
 .bss           0x100000f8        0x0 c:/program files (x86)/arm gnu toolchain arm-none-eabi/12.3 rel1/bin/../lib/gcc/arm-none-eabi/12.3.1/thumb/v6-m/nofp\libgcc.a(_clzdi2.o)
 .bss           0x100000f8        0x0 c:/program files (x86)/arm gnu toolchain arm-none-eabi/12.3 rel1/bin/../lib/gcc/arm-none-eabi/12.3.1/thumb/v6-m/nofp\libgcc.a(_divdi3.o)
 .bss           0x100000f8        0x0 c:/program files (x86)/arm gnu toolchain arm-none-eabi/12.3 rel1/bin/../lib/gcc/arm-none-eabi/12.3.1/thumb/v6-m/nofp\libc_nano.a(libc_a-exit.o)
 .bss           0x100000f8        0x0 c:/program files (x86)/arm gnu toolchain arm-none-eabi/12.3 rel1/bin/../lib/gcc/arm-none-eabi/12.3.1/thumb/v6-m/nofp\libc_nano.a(libc_a-malloc.o)
 .bss           0x100000f8        0x0 c:/program files (x86)/arm gnu toolchain arm-none-eabi/12.3 rel1/bin/../lib/gcc/arm-none-eabi/12.3.1/thumb/v6-m/nofp\libc_nano.a(libc_a-mallocr.o)
 .bss           0x100000f8        0x0 c:/program files (x86)/arm gnu toolchain arm-none-eabi/12.3 rel1/bin/../lib/gcc/arm-none-eabi/12.3.1/thumb/v6-m/nofp\libc_nano.a(libc_a-mlock.o)
 .bss           0x100000f8        0x0 c:/program files (x86)/arm gnu toolchain arm-none-eabi/12.3 rel1/bin/../lib/gcc/arm-none-eabi/12.3.1/thumb/v6-m/nofp\libc_nano.a(libc_a-strtoul.o)
 .bss           0x100000f8        0x0 c:/program files (x86)/arm gnu toolchain arm-none-eabi/12.3 rel1/bin/../lib/gcc/arm-none-eabi/12.3.1/thumb/v6-m/nofp\libc_nano.a(libc_a-ctype_.o)
 .bss           0x100000f8        0x0 c:/program files (x86)/arm gnu toolchain arm-none-eabi/12.3 rel1/bin/../lib/gcc/arm-none-eabi/12.3.1/thumb/v6-m/nofp\libc_nano.a(libc_a-findfp.o)
 .bss           0x100000f8        0x0 c:/program files (x86)/arm gnu toolchain arm-none-eabi/12.3 rel1/bin/../lib/gcc/arm-none-eabi/12.3.1/thumb/v6-m/nofp\libc_nano.a(libc_a-fwalk.o)
 .bss           0x100000f8        0x0 c:/program files (x86)/arm gnu toolchain arm-none-eabi/12.3 rel1/bin/../lib/gcc/arm-none-eabi/12.3.1/thumb/v6-m/nofp\libc_nano.a(libc_a-stdio.o)
 .bss           0x100000f8        0x0 c:/program files (x86)/arm gnu toolchain arm-none-eabi/12.3 rel1/bin/../lib/gcc/arm-none-eabi/12.3.1/thumb/v6-m/nofp\libc_nano.a(libc_a-memset.o)
 .bss           0x100000f8        0x0 c:/program files (x86)/arm gnu toolchain arm-none-eabi/12.3 rel1/bin/../lib/gcc/arm-none-eabi/12.3.1/thumb/v6-m/nofp\libc_nano.a(libc_a-closer.o)
 .bss           0x100000f8        0x0 c:/program files (x86)/arm gnu toolchain arm-none-eabi/12.3 rel1/bin/../lib/gcc/arm-none-eabi/12.3.1/thumb/v6-m/nofp\libc_nano.a(libc_a-reent.o)
 .bss           0x100000f8        0x0 c:/program files (x86)/arm gnu toolchain arm-none-eabi/12.3 rel1/bin/../lib/gcc/arm-none-eabi/12.3.1/thumb/v6-m/nofp\libc_nano.a(libc_a-impure.o)
 .bss           0x100000f8        0x0 c:/program files (x86)/arm gnu toolchain arm-none-eabi/12.3 rel1/bin/../lib/gcc/arm-none-eabi/12.3.1/thumb/v6-m/nofp\libc_nano.a(libc_a-lseekr.o)
 .bss           0x100000f8        0x0 c:/program files (x86)/arm gnu toolchain arm-none-eabi/12.3 rel1/bin/../lib/gcc/arm-none-eabi/12.3.1/thumb/v6-m/nofp\libc_nano.a(libc_a-readr.o)
 .bss           0x100000f8        0x0 c:/program files (x86)/arm gnu toolchain arm-none-eabi/12.3 rel1/bin/../lib/gcc/arm-none-eabi/12.3.1/thumb/v6-m/nofp\libc_nano.a(libc_a-sbrkr.o)
 .bss           0x100000f8        0x0 c:/program files (x86)/arm gnu toolchain arm-none-eabi/12.3 rel1/bin/../lib/gcc/arm-none-eabi/12.3.1/thumb/v6-m/nofp\libc_nano.a(libc_a-writer.o)
 .bss           0x100000f8        0x0 c:/program files (x86)/arm gnu toolchain arm-none-eabi/12.3 rel1/bin/../lib/gcc/arm-none-eabi/12.3.1/thumb/v6-m/nofp\libc_nano.a(libc_a-errno.o)
 .bss           0x100000f8        0x0 c:/program files (x86)/arm gnu toolchain arm-none-eabi/12.3 rel1/bin/../lib/gcc/arm-none-eabi/12.3.1/thumb/v6-m/nofp\libc_nano.a(libc_a-init.o)
 .bss           0x100000f8        0x0 c:/program files (x86)/arm gnu toolchain arm-none-eabi/12.3 rel1/bin/../lib/gcc/arm-none-eabi/12.3.1/thumb/v6-m/nofp\libc_nano.a(libc_a-lock.o)
 .bss           0x100000f8        0x0 c:/program files (x86)/arm gnu toolchain arm-none-eabi/12.3 rel1/bin/../lib/gcc/arm-none-eabi/12.3.1/thumb/v6-m/nofp\libc_nano.a(libc_a-memcpy-stub.o)
 .bss           0x100000f8        0x0 c:/program files (x86)/arm gnu toolchain arm-none-eabi/12.3 rel1/bin/../lib/gcc/arm-none-eabi/12.3.1/thumb/v6-m/nofp\libc_nano.a(libc_a-strlen.o)
 .bss           0x100000f8        0x0 c:/program files (x86)/arm gnu toolchain arm-none-eabi/12.3 rel1/bin/../lib/gcc/arm-none-eabi/12.3.1/thumb/v6-m/nofp\libc_nano.a(libc_a-freer.o)
 .bss           0x100000f8        0x0 c:/program files (x86)/arm gnu toolchain arm-none-eabi/12.3 rel1/bin/../lib/gcc/arm-none-eabi/12.3.1/thumb/v6-m/nofp\libc_nano.a(libc_a-fflush.o)
 .bss           0x100000f8        0x0 c:/program files (x86)/arm gnu toolchain arm-none-eabi/12.3 rel1/bin/../lib/gcc/arm-none-eabi/12.3.1/thumb/v6-m/nofp\libnosys.a(close.o)
 .bss           0x100000f8        0x0 c:/program files (x86)/arm gnu toolchain arm-none-eabi/12.3 rel1/bin/../lib/gcc/arm-none-eabi/12.3.1/thumb/v6-m/nofp\libnosys.a(lseek.o)
 .bss           0x100000f8        0x0 c:/program files (x86)/arm gnu toolchain arm-none-eabi/12.3 rel1/bin/../lib/gcc/arm-none-eabi/12.3.1/thumb/v6-m/nofp\libnosys.a(read.o)
 .bss           0x100000f8        0x0 c:/program files (x86)/arm gnu toolchain arm-none-eabi/12.3 rel1/bin/../lib/gcc/arm-none-eabi/12.3.1/thumb/v6-m/nofp\libnosys.a(sbrk.o)
 .bss           0x100000f8        0x0 c:/program files (x86)/arm gnu toolchain arm-none-eabi/12.3 rel1/bin/../lib/gcc/arm-none-eabi/12.3.1/thumb/v6-m/nofp\libnosys.a(write.o)
 .bss           0x100000f8        0x0 c:/program files (x86)/arm gnu toolchain arm-none-eabi/12.3 rel1/bin/../lib/gcc/arm-none-eabi/12.3.1/thumb/v6-m/nofp\libnosys.a(_exit.o)
 .bss           0x100000f8        0x0 c:/program files (x86)/arm gnu toolchain arm-none-eabi/12.3 rel1/bin/../lib/gcc/arm-none-eabi/12.3.1/thumb/v6-m/nofp/crtend.o
 .bss           0x100000f8        0x0 c:/program files (x86)/arm gnu toolchain arm-none-eabi/12.3 rel1/bin/../lib/gcc/arm-none-eabi/12.3.1/thumb/v6-m/nofp/crtn.o
 *(.bss*)
 .bss.completed.1
                0x100000f8        0x1 c:/program files (x86)/arm gnu toolchain arm-none-eabi/12.3 rel1/bin/../lib/gcc/arm-none-eabi/12.3.1/thumb/v6-m/nofp/crtbegin.o
 *fill*         0x100000f9        0x3 
 .bss.object.0  0x100000fc       0x18 c:/program files (x86)/arm gnu toolchain arm-none-eabi/12.3 rel1/bin/../lib/gcc/arm-none-eabi/12.3.1/thumb/v6-m/nofp/crtbegin.o
 .bss.__malloc_sbrk_start
                0x10000114        0x4 c:/program files (x86)/arm gnu toolchain arm-none-eabi/12.3 rel1/bin/../lib/gcc/arm-none-eabi/12.3.1/thumb/v6-m/nofp\libc_nano.a(libc_a-mallocr.o)
                0x10000114                __malloc_sbrk_start
 .bss.__malloc_free_list
                0x10000118        0x4 c:/program files (x86)/arm gnu toolchain arm-none-eabi/12.3 rel1/bin/../lib/gcc/arm-none-eabi/12.3.1/thumb/v6-m/nofp\libc_nano.a(libc_a-mallocr.o)
                0x10000118                __malloc_free_list
 .bss.__sf      0x1000011c      0x138 c:/program files (x86)/arm gnu toolchain arm-none-eabi/12.3 rel1/bin/../lib/gcc/arm-none-eabi/12.3.1/thumb/v6-m/nofp\libc_nano.a(libc_a-findfp.o)
                0x1000011c                __sf
 .bss.__stdio_exit_handler
                0x10000254        0x4 c:/program files (x86)/arm gnu toolchain arm-none-eabi/12.3 rel1/bin/../lib/gcc/arm-none-eabi/12.3.1/thumb/v6-m/nofp\libc_nano.a(libc_a-findfp.o)
                0x10000254                __stdio_exit_handler
 .bss.errno     0x10000258        0x4 c:/program files (x86)/arm gnu toolchain arm-none-eabi/12.3 rel1/bin/../lib/gcc/arm-none-eabi/12.3.1/thumb/v6-m/nofp\libc_nano.a(libc_a-reent.o)
                0x10000258                errno
 .bss.__lock___arc4random_mutex
                0x1000025c        0x1 c:/program files (x86)/arm gnu toolchain arm-none-eabi/12.3 rel1/bin/../lib/gcc/arm-none-eabi/12.3.1/thumb/v6-m/nofp\libc_nano.a(libc_a-lock.o)
                0x1000025c                __lock___arc4random_mutex
 .bss.__lock___dd_hash_mutex
                0x1000025d        0x1 c:/program files (x86)/arm gnu toolchain arm-none-eabi/12.3 rel1/bin/../lib/gcc/arm-none-eabi/12.3.1/thumb/v6-m/nofp\libc_nano.a(libc_a-lock.o)
                0x1000025d                __lock___dd_hash_mutex
 .bss.__lock___tz_mutex
                0x1000025e        0x1 c:/program files (x86)/arm gnu toolchain arm-none-eabi/12.3 rel1/bin/../lib/gcc/arm-none-eabi/12.3.1/thumb/v6-m/nofp\libc_nano.a(libc_a-lock.o)
                0x1000025e                __lock___tz_mutex
 .bss.__lock___env_recursive_mutex
                0x1000025f        0x1 c:/program files (x86)/arm gnu toolchain arm-none-eabi/12.3 rel1/bin/../lib/gcc/arm-none-eabi/12.3.1/thumb/v6-m/nofp\libc_nano.a(libc_a-lock.o)
                0x1000025f                __lock___env_recursive_mutex
 .bss.__lock___malloc_recursive_mutex
                0x10000260        0x1 c:/program files (x86)/arm gnu toolchain arm-none-eabi/12.3 rel1/bin/../lib/gcc/arm-none-eabi/12.3.1/thumb/v6-m/nofp\libc_nano.a(libc_a-lock.o)
                0x10000260                __lock___malloc_recursive_mutex
 .bss.__lock___at_quick_exit_mutex
                0x10000261        0x1 c:/program files (x86)/arm gnu toolchain arm-none-eabi/12.3 rel1/bin/../lib/gcc/arm-none-eabi/12.3.1/thumb/v6-m/nofp\libc_nano.a(libc_a-lock.o)
                0x10000261                __lock___at_quick_exit_mutex
 .bss.__lock___atexit_recursive_mutex
                0x10000262        0x1 c:/program files (x86)/arm gnu toolchain arm-none-eabi/12.3 rel1/bin/../lib/gcc/arm-none-eabi/12.3.1/thumb/v6-m/nofp\libc_nano.a(libc_a-lock.o)
                0x10000262                __lock___atexit_recursive_mutex
 .bss.__lock___sfp_recursive_mutex
                0x10000263        0x1 c:/program files (x86)/arm gnu toolchain arm-none-eabi/12.3 rel1/bin/../lib/gcc/arm-none-eabi/12.3.1/thumb/v6-m/nofp\libc_nano.a(libc_a-lock.o)
                0x10000263                __lock___sfp_recursive_mutex
 .bss.heap_end.0
                0x10000264        0x4 c:/program files (x86)/arm gnu toolchain arm-none-eabi/12.3 rel1/bin/../lib/gcc/arm-none-eabi/12.3.1/thumb/v6-m/nofp\libnosys.a(sbrk.o)
 *(COMMON)
                0x10000268                        . = ALIGN (0x4)
                0x10000268                        __bss_end__ = .
                0x10000268                        __END_BSS = .

.heap           0x10000268      0x400 load address 0x00005900
                0x10000268                        . = ALIGN (0x8)
                0x10000268                        __end__ = .
                0x10000268                        PROVIDE (end = .)
                0x10000268                        __HeapBase = .
                0x10000668                        . = (. + HEAP_SIZE)
 *fill*         0x10000268      0x400 
                0x10000668                        __HeapLimit = .
                0x10000668                        __heap_limit = .

.stack          0x10000668      0x800 load address 0x00005d00
                0x10000668                        . = ALIGN (0x8)
                0x10000e68                        . = (. + STACK_SIZE)
 *fill*         0x10000668      0x800 
                0x10001fe0                        __StackTop = (ORIGIN (m_data) + LENGTH (m_data))
                0x100017e0                        __StackLimit = (__StackTop - STACK_SIZE)
                0x10001fe0                        PROVIDE (__stack = __StackTop)

.ARM.attributes
                0x00000000       0x28
 *(.ARM.attributes)
 .ARM.attributes
                0x00000000       0x1e c:/program files (x86)/arm gnu toolchain arm-none-eabi/12.3 rel1/bin/../lib/gcc/arm-none-eabi/12.3.1/thumb/v6-m/nofp/crti.o
 .ARM.attributes
                0x0000001e       0x2c c:/program files (x86)/arm gnu toolchain arm-none-eabi/12.3 rel1/bin/../lib/gcc/arm-none-eabi/12.3.1/thumb/v6-m/nofp/crtbegin.o
 .ARM.attributes
                0x0000004a       0x1b c:/program files (x86)/arm gnu toolchain arm-none-eabi/12.3 rel1/bin/../lib/gcc/arm-none-eabi/12.3.1/thumb/v6-m/nofp/crt0.o
 .ARM.attributes
                0x00000065       0x2c build/adc_tim_trig_modified.o
 .ARM.attributes
                0x00000091       0x2c build/pin_mux.o
 .ARM.attributes
                0x000000bd       0x2c build/board.o
 .ARM.attributes
                0x000000e9       0x2c build/clock_config.o
 .ARM.attributes
                0x00000115       0x2c build/system_LPC824.o
 .ARM.attributes
                0x00000141       0x2c build/fsl_common.o
 .ARM.attributes
                0x0000016d       0x2c build/fsl_common_arm.o
 .ARM.attributes
                0x00000199       0x2c build/fsl_gpio.o
 .ARM.attributes
                0x000001c5       0x2c build/fsl_power.o
 .ARM.attributes
                0x000001f1       0x2c build/fsl_clock.o
 .ARM.attributes
                0x0000021d       0x2c build/fsl_reset.o
 .ARM.attributes
                0x00000249       0x2c build/fsl_swm.o
 .ARM.attributes
                0x00000275       0x2c build/fsl_syscon.o
 .ARM.attributes
                0x000002a1       0x2c build/fsl_adc.o
 .ARM.attributes
                0x000002cd       0x2c build/fsl_sctimer.o
 .ARM.attributes
                0x000002f9       0x2c build/fsl_usart.o
 .ARM.attributes
                0x00000325       0x2c build/fsl_adapter_miniusart.o
 .ARM.attributes
                0x00000351       0x2c build/fsl_debug_console.o
 .ARM.attributes
                0x0000037d       0x2c build/fsl_str.o
 .ARM.attributes
                0x000003a9       0x1b build/startup_LPC824.o
 .ARM.attributes
                0x000003c4       0x1e c:/program files (x86)/arm gnu toolchain arm-none-eabi/12.3 rel1/bin/../lib/gcc/arm-none-eabi/12.3.1/thumb/v6-m/nofp\libgcc.a(_thumb1_case_sqi.o)
 .ARM.attributes
                0x000003e2       0x1e c:/program files (x86)/arm gnu toolchain arm-none-eabi/12.3 rel1/bin/../lib/gcc/arm-none-eabi/12.3.1/thumb/v6-m/nofp\libgcc.a(_thumb1_case_uqi.o)
 .ARM.attributes
                0x00000400       0x1e c:/program files (x86)/arm gnu toolchain arm-none-eabi/12.3 rel1/bin/../lib/gcc/arm-none-eabi/12.3.1/thumb/v6-m/nofp\libgcc.a(_udivsi3.o)
 .ARM.attributes
                0x0000041e       0x1e c:/program files (x86)/arm gnu toolchain arm-none-eabi/12.3 rel1/bin/../lib/gcc/arm-none-eabi/12.3.1/thumb/v6-m/nofp\libgcc.a(_divsi3.o)
 .ARM.attributes
                0x0000043c       0x1e c:/program files (x86)/arm gnu toolchain arm-none-eabi/12.3 rel1/bin/../lib/gcc/arm-none-eabi/12.3.1/thumb/v6-m/nofp\libgcc.a(_dvmd_tls.o)
 .ARM.attributes
                0x0000045a       0x1e c:/program files (x86)/arm gnu toolchain arm-none-eabi/12.3 rel1/bin/../lib/gcc/arm-none-eabi/12.3.1/thumb/v6-m/nofp\libgcc.a(_aeabi_ldivmod.o)
 .ARM.attributes
                0x00000478       0x1e c:/program files (x86)/arm gnu toolchain arm-none-eabi/12.3 rel1/bin/../lib/gcc/arm-none-eabi/12.3.1/thumb/v6-m/nofp\libgcc.a(_aeabi_uldivmod.o)
 .ARM.attributes
                0x00000496       0x2c c:/program files (x86)/arm gnu toolchain arm-none-eabi/12.3 rel1/bin/../lib/gcc/arm-none-eabi/12.3.1/thumb/v6-m/nofp\libgcc.a(_muldi3.o)
 .ARM.attributes
                0x000004c2       0x2c c:/program files (x86)/arm gnu toolchain arm-none-eabi/12.3 rel1/bin/../lib/gcc/arm-none-eabi/12.3.1/thumb/v6-m/nofp\libgcc.a(_udivmoddi4.o)
 .ARM.attributes
                0x000004ee       0x2c c:/program files (x86)/arm gnu toolchain arm-none-eabi/12.3 rel1/bin/../lib/gcc/arm-none-eabi/12.3.1/thumb/v6-m/nofp\libgcc.a(bpabi.o)
 .ARM.attributes
                0x0000051a       0x2c c:/program files (x86)/arm gnu toolchain arm-none-eabi/12.3 rel1/bin/../lib/gcc/arm-none-eabi/12.3.1/thumb/v6-m/nofp\libgcc.a(addsf3.o)
 .ARM.attributes
                0x00000546       0x2c c:/program files (x86)/arm gnu toolchain arm-none-eabi/12.3 rel1/bin/../lib/gcc/arm-none-eabi/12.3.1/thumb/v6-m/nofp\libgcc.a(divsf3.o)
 .ARM.attributes
                0x00000572       0x2c c:/program files (x86)/arm gnu toolchain arm-none-eabi/12.3 rel1/bin/../lib/gcc/arm-none-eabi/12.3.1/thumb/v6-m/nofp\libgcc.a(mulsf3.o)
 .ARM.attributes
                0x0000059e       0x2c c:/program files (x86)/arm gnu toolchain arm-none-eabi/12.3 rel1/bin/../lib/gcc/arm-none-eabi/12.3.1/thumb/v6-m/nofp\libgcc.a(subsf3.o)
 .ARM.attributes
                0x000005ca       0x2c c:/program files (x86)/arm gnu toolchain arm-none-eabi/12.3 rel1/bin/../lib/gcc/arm-none-eabi/12.3.1/thumb/v6-m/nofp\libgcc.a(fixsfsi.o)
 .ARM.attributes
                0x000005f6       0x2c c:/program files (x86)/arm gnu toolchain arm-none-eabi/12.3 rel1/bin/../lib/gcc/arm-none-eabi/12.3.1/thumb/v6-m/nofp\libgcc.a(divdf3.o)
 .ARM.attributes
                0x00000622       0x2c c:/program files (x86)/arm gnu toolchain arm-none-eabi/12.3 rel1/bin/../lib/gcc/arm-none-eabi/12.3.1/thumb/v6-m/nofp\libgcc.a(muldf3.o)
 .ARM.attributes
                0x0000064e       0x2c c:/program files (x86)/arm gnu toolchain arm-none-eabi/12.3 rel1/bin/../lib/gcc/arm-none-eabi/12.3.1/thumb/v6-m/nofp\libgcc.a(floatunsidf.o)
 .ARM.attributes
                0x0000067a       0x2c c:/program files (x86)/arm gnu toolchain arm-none-eabi/12.3 rel1/bin/../lib/gcc/arm-none-eabi/12.3.1/thumb/v6-m/nofp\libgcc.a(truncdfsf2.o)
 .ARM.attributes
                0x000006a6       0x1e c:/program files (x86)/arm gnu toolchain arm-none-eabi/12.3 rel1/bin/../lib/gcc/arm-none-eabi/12.3.1/thumb/v6-m/nofp\libgcc.a(_clzsi2.o)
 .ARM.attributes
                0x000006c4       0x1e c:/program files (x86)/arm gnu toolchain arm-none-eabi/12.3 rel1/bin/../lib/gcc/arm-none-eabi/12.3.1/thumb/v6-m/nofp\libgcc.a(_clzdi2.o)
 .ARM.attributes
                0x000006e2       0x2c c:/program files (x86)/arm gnu toolchain arm-none-eabi/12.3 rel1/bin/../lib/gcc/arm-none-eabi/12.3.1/thumb/v6-m/nofp\libgcc.a(_divdi3.o)
 .ARM.attributes
                0x0000070e       0x2c c:/program files (x86)/arm gnu toolchain arm-none-eabi/12.3 rel1/bin/../lib/gcc/arm-none-eabi/12.3.1/thumb/v6-m/nofp\libc_nano.a(libc_a-exit.o)
 .ARM.attributes
                0x0000073a       0x2c c:/program files (x86)/arm gnu toolchain arm-none-eabi/12.3 rel1/bin/../lib/gcc/arm-none-eabi/12.3.1/thumb/v6-m/nofp\libc_nano.a(libc_a-malloc.o)
 .ARM.attributes
                0x00000766       0x2c c:/program files (x86)/arm gnu toolchain arm-none-eabi/12.3 rel1/bin/../lib/gcc/arm-none-eabi/12.3.1/thumb/v6-m/nofp\libc_nano.a(libc_a-mallocr.o)
 .ARM.attributes
                0x00000792       0x2c c:/program files (x86)/arm gnu toolchain arm-none-eabi/12.3 rel1/bin/../lib/gcc/arm-none-eabi/12.3.1/thumb/v6-m/nofp\libc_nano.a(libc_a-mlock.o)
 .ARM.attributes
                0x000007be       0x2c c:/program files (x86)/arm gnu toolchain arm-none-eabi/12.3 rel1/bin/../lib/gcc/arm-none-eabi/12.3.1/thumb/v6-m/nofp\libc_nano.a(libc_a-strtoul.o)
 .ARM.attributes
                0x000007ea       0x2c c:/program files (x86)/arm gnu toolchain arm-none-eabi/12.3 rel1/bin/../lib/gcc/arm-none-eabi/12.3.1/thumb/v6-m/nofp\libc_nano.a(libc_a-ctype_.o)
 .ARM.attributes
                0x00000816       0x2c c:/program files (x86)/arm gnu toolchain arm-none-eabi/12.3 rel1/bin/../lib/gcc/arm-none-eabi/12.3.1/thumb/v6-m/nofp\libc_nano.a(libc_a-findfp.o)
 .ARM.attributes
                0x00000842       0x2c c:/program files (x86)/arm gnu toolchain arm-none-eabi/12.3 rel1/bin/../lib/gcc/arm-none-eabi/12.3.1/thumb/v6-m/nofp\libc_nano.a(libc_a-fwalk.o)
 .ARM.attributes
                0x0000086e       0x2c c:/program files (x86)/arm gnu toolchain arm-none-eabi/12.3 rel1/bin/../lib/gcc/arm-none-eabi/12.3.1/thumb/v6-m/nofp\libc_nano.a(libc_a-stdio.o)
 .ARM.attributes
                0x0000089a       0x2c c:/program files (x86)/arm gnu toolchain arm-none-eabi/12.3 rel1/bin/../lib/gcc/arm-none-eabi/12.3.1/thumb/v6-m/nofp\libc_nano.a(libc_a-memset.o)
 .ARM.attributes
                0x000008c6       0x2c c:/program files (x86)/arm gnu toolchain arm-none-eabi/12.3 rel1/bin/../lib/gcc/arm-none-eabi/12.3.1/thumb/v6-m/nofp\libc_nano.a(libc_a-closer.o)
 .ARM.attributes
                0x000008f2       0x2c c:/program files (x86)/arm gnu toolchain arm-none-eabi/12.3 rel1/bin/../lib/gcc/arm-none-eabi/12.3.1/thumb/v6-m/nofp\libc_nano.a(libc_a-reent.o)
 .ARM.attributes
                0x0000091e       0x2c c:/program files (x86)/arm gnu toolchain arm-none-eabi/12.3 rel1/bin/../lib/gcc/arm-none-eabi/12.3.1/thumb/v6-m/nofp\libc_nano.a(libc_a-impure.o)
 .ARM.attributes
                0x0000094a       0x2c c:/program files (x86)/arm gnu toolchain arm-none-eabi/12.3 rel1/bin/../lib/gcc/arm-none-eabi/12.3.1/thumb/v6-m/nofp\libc_nano.a(libc_a-lseekr.o)
 .ARM.attributes
                0x00000976       0x2c c:/program files (x86)/arm gnu toolchain arm-none-eabi/12.3 rel1/bin/../lib/gcc/arm-none-eabi/12.3.1/thumb/v6-m/nofp\libc_nano.a(libc_a-readr.o)
 .ARM.attributes
                0x000009a2       0x2c c:/program files (x86)/arm gnu toolchain arm-none-eabi/12.3 rel1/bin/../lib/gcc/arm-none-eabi/12.3.1/thumb/v6-m/nofp\libc_nano.a(libc_a-sbrkr.o)
 .ARM.attributes
                0x000009ce       0x2c c:/program files (x86)/arm gnu toolchain arm-none-eabi/12.3 rel1/bin/../lib/gcc/arm-none-eabi/12.3.1/thumb/v6-m/nofp\libc_nano.a(libc_a-writer.o)
 .ARM.attributes
                0x000009fa       0x2c c:/program files (x86)/arm gnu toolchain arm-none-eabi/12.3 rel1/bin/../lib/gcc/arm-none-eabi/12.3.1/thumb/v6-m/nofp\libc_nano.a(libc_a-errno.o)
 .ARM.attributes
                0x00000a26       0x2c c:/program files (x86)/arm gnu toolchain arm-none-eabi/12.3 rel1/bin/../lib/gcc/arm-none-eabi/12.3.1/thumb/v6-m/nofp\libc_nano.a(libc_a-init.o)
 .ARM.attributes
                0x00000a52       0x2c c:/program files (x86)/arm gnu toolchain arm-none-eabi/12.3 rel1/bin/../lib/gcc/arm-none-eabi/12.3.1/thumb/v6-m/nofp\libc_nano.a(libc_a-lock.o)
 .ARM.attributes
                0x00000a7e       0x2c c:/program files (x86)/arm gnu toolchain arm-none-eabi/12.3 rel1/bin/../lib/gcc/arm-none-eabi/12.3.1/thumb/v6-m/nofp\libc_nano.a(libc_a-memcpy-stub.o)
 .ARM.attributes
                0x00000aaa       0x1c c:/program files (x86)/arm gnu toolchain arm-none-eabi/12.3 rel1/bin/../lib/gcc/arm-none-eabi/12.3.1/thumb/v6-m/nofp\libc_nano.a(libc_a-strlen.o)
 .ARM.attributes
                0x00000ac6       0x2c c:/program files (x86)/arm gnu toolchain arm-none-eabi/12.3 rel1/bin/../lib/gcc/arm-none-eabi/12.3.1/thumb/v6-m/nofp\libc_nano.a(libc_a-freer.o)
 .ARM.attributes
                0x00000af2       0x2c c:/program files (x86)/arm gnu toolchain arm-none-eabi/12.3 rel1/bin/../lib/gcc/arm-none-eabi/12.3.1/thumb/v6-m/nofp\libc_nano.a(libc_a-fflush.o)
 .ARM.attributes